Archive member included because of file (symbol)

C:/Repos/Conn_Wireless/EDF/boards/frdmk64f_frdmcr20a/wireless_examples/ieee_802_15_4/msn_end_device/freertos/kds/../../../../../../../middleware/mmcau_2.0.0/asm-cm4-cm7/lib_mmcau.a(mmcau_aes_functions.o)
                              ./mmcau/mmcau_source/fsl_mmcau.o (mmcau_aes_set_key)
C:/Repos/Conn_Wireless/EDF/boards/frdmk64f_frdmcr20a/wireless_examples/ieee_802_15_4/msn_end_device/freertos/kds/../../../../../../../middleware/mmcau_2.0.0/asm-cm4-cm7/lib_mmcau.a(mmcau_des_functions.o)
                              ./mmcau/mmcau_source/fsl_mmcau.o (mmcau_des_chk_parity)
C:/Repos/Conn_Wireless/EDF/boards/frdmk64f_frdmcr20a/wireless_examples/ieee_802_15_4/msn_end_device/freertos/kds/../../../../../../../middleware/mmcau_2.0.0/asm-cm4-cm7/lib_mmcau.a(mmcau_md5_functions.o)
                              ./mmcau/mmcau_source/fsl_mmcau.o (mmcau_md5_initialize_output)
C:/Repos/Conn_Wireless/EDF/boards/frdmk64f_frdmcr20a/wireless_examples/ieee_802_15_4/msn_end_device/freertos/kds/../../../../../../../middleware/mmcau_2.0.0/asm-cm4-cm7/lib_mmcau.a(mmcau_sha1_functions.o)
                              ./mmcau/mmcau_source/fsl_mmcau.o (mmcau_sha1_initialize_output)
C:/Repos/Conn_Wireless/EDF/boards/frdmk64f_frdmcr20a/wireless_examples/ieee_802_15_4/msn_end_device/freertos/kds/../../../../../../../middleware/mmcau_2.0.0/asm-cm4-cm7/lib_mmcau.a(mmcau_sha256_functions.o)
                              ./mmcau/mmcau_source/fsl_mmcau.o (mmcau_sha256_initialize_output)
C:/Repos/Conn_Wireless/EDF/boards/frdmk64f_frdmcr20a/wireless_examples/ieee_802_15_4/msn_end_device/freertos/kds/../../../../../../../middleware/wireless/ieee_802_15_4_5.0.5/mac/lib/802.15.4_mac_06_cM4.a(MacPib.o)
                              ./source/msn_end_device.o (Mac_SetExtendedAddress)
C:/Repos/Conn_Wireless/EDF/boards/frdmk64f_frdmcr20a/wireless_examples/ieee_802_15_4/msn_end_device/freertos/kds/../../../../../../../middleware/wireless/ieee_802_15_4_5.0.5/mac/lib/802.15.4_mac_06_cM4.a(MacMain.o)
                              ./source/msn_end_device.o (BindToMAC)
C:/Repos/Conn_Wireless/EDF/boards/frdmk64f_frdmcr20a/wireless_examples/ieee_802_15_4/msn_end_device/freertos/kds/../../../../../../../middleware/wireless/ieee_802_15_4_5.0.5/mac/lib/802.15.4_mac_06_cM4.a(MacStateMachine.o)
                              C:/Repos/Conn_Wireless/EDF/boards/frdmk64f_frdmcr20a/wireless_examples/ieee_802_15_4/msn_end_device/freertos/kds/../../../../../../../middleware/wireless/ieee_802_15_4_5.0.5/mac/lib/802.15.4_mac_06_cM4.a(MacMain.o) (Mac_PhyMsgHandler)
C:/Repos/Conn_Wireless/EDF/boards/frdmk64f_frdmcr20a/wireless_examples/ieee_802_15_4/msn_end_device/freertos/kds/../../../../../../../middleware/wireless/ieee_802_15_4_5.0.5/mac/lib/802.15.4_mac_06_cM4.a(Association.o)
                              C:/Repos/Conn_Wireless/EDF/boards/frdmk64f_frdmcr20a/wireless_examples/ieee_802_15_4/msn_end_device/freertos/kds/../../../../../../../middleware/wireless/ieee_802_15_4_5.0.5/mac/lib/802.15.4_mac_06_cM4.a(MacMain.o) (Association_VerifyParameters)
C:/Repos/Conn_Wireless/EDF/boards/frdmk64f_frdmcr20a/wireless_examples/ieee_802_15_4/msn_end_device/freertos/kds/../../../../../../../middleware/wireless/ieee_802_15_4_5.0.5/mac/lib/802.15.4_mac_06_cM4.a(DataRx.o)
                              C:/Repos/Conn_Wireless/EDF/boards/frdmk64f_frdmcr20a/wireless_examples/ieee_802_15_4/msn_end_device/freertos/kds/../../../../../../../middleware/wireless/ieee_802_15_4_5.0.5/mac/lib/802.15.4_mac_06_cM4.a(MacStateMachine.o) (Mac_CreateMlmeCommStatusInd)
C:/Repos/Conn_Wireless/EDF/boards/frdmk64f_frdmcr20a/wireless_examples/ieee_802_15_4/msn_end_device/freertos/kds/../../../../../../../middleware/wireless/ieee_802_15_4_5.0.5/mac/lib/802.15.4_mac_06_cM4.a(DataTx.o)
                              C:/Repos/Conn_Wireless/EDF/boards/frdmk64f_frdmcr20a/wireless_examples/ieee_802_15_4/msn_end_device/freertos/kds/../../../../../../../middleware/wireless/ieee_802_15_4_5.0.5/mac/lib/802.15.4_mac_06_cM4.a(MacMain.o) (DataTx_SendData)
C:/Repos/Conn_Wireless/EDF/boards/frdmk64f_frdmcr20a/wireless_examples/ieee_802_15_4/msn_end_device/freertos/kds/../../../../../../../middleware/wireless/ieee_802_15_4_5.0.5/mac/lib/802.15.4_mac_06_cM4.a(Disassociation.o)
                              C:/Repos/Conn_Wireless/EDF/boards/frdmk64f_frdmcr20a/wireless_examples/ieee_802_15_4/msn_end_device/freertos/kds/../../../../../../../middleware/wireless/ieee_802_15_4_5.0.5/mac/lib/802.15.4_mac_06_cM4.a(MacMain.o) (Disassociation_VerifyParameters)
C:/Repos/Conn_Wireless/EDF/boards/frdmk64f_frdmcr20a/wireless_examples/ieee_802_15_4/msn_end_device/freertos/kds/../../../../../../../middleware/wireless/ieee_802_15_4_5.0.5/mac/lib/802.15.4_mac_06_cM4.a(Orphan.o)
[...]
Memory Configuration

Name             Origin             Length             Attributes
TEXT_region1     0x00000000         0x00000400         xr
m_flash_config_region 0x00000400         0x00000010         xr
TEXT_region2     0x00000411         0x000febee         xr
DATA_region      0x1fff0000         0x00040000         rw
PRODUCT_INFO_region 0x000ff000         0x00000fff         xr
*default*        0x00000000         0xffffffff

Linker script and memory map

LOAD c:/freescale/kds_v3/toolchain/bin/../lib/gcc/arm-none-eabi/4.8.4/armv7e-m/softfp/crti.o
LOAD c:/freescale/kds_v3/toolchain/bin/../lib/gcc/arm-none-eabi/4.8.4/armv7e-m/softfp/crtbegin.o
LOAD c:/freescale/kds_v3/toolchain/bin/../lib/gcc/arm-none-eabi/4.8.4/../../../../arm-none-eabi/lib/armv7e-m/softfp/crt0.o
START GROUP
LOAD ./utilities/fsl_debug_console.o
LOAD ./usb/osa/usb_osa_freertos.o
LOAD ./usb/device/source/khci/usb_device_khci.o
LOAD ./usb/device/source/usb_device_dci.o
LOAD ./startup/startup_MK64F12.o
LOAD ./startup/system_MK64F12.o
LOAD ./source/msn_end_device.o
LOAD ./mmcau/mmcau_source/fsl_mmcau.o
LOAD ./ieee_802.15.4/phy/source/XcvrSPI/Spi.o
LOAD ./ieee_802.15.4/phy/source/MCR20A/MCR20Drv/MCR20Drv.o
LOAD ./ieee_802.15.4/phy/source/ASP.o
LOAD ./ieee_802.15.4/phy/source/MPM.o
LOAD ./ieee_802.15.4/phy/source/PhyDebug.o
LOAD ./ieee_802.15.4/phy/source/PhyISR.o
LOAD ./ieee_802.15.4/phy/source/PhyPacketProcessor.o
LOAD ./ieee_802.15.4/phy/source/PhyPlmeData.o
LOAD ./ieee_802.15.4/phy/source/PhyStateMachine.o
LOAD ./ieee_802.15.4/phy/source/PhyTime.o
LOAD ./ieee_802.15.4/App/FsciAspCommands.o
LOAD ./ieee_802.15.4/App/FsciMacCommands.o
LOAD ./ieee_802.15.4/App/MacGlobals.o
LOAD ./freertos/portable/port.o
LOAD ./freertos/croutine.o
LOAD ./freertos/event_groups.o
LOAD ./freertos/heap_4.o
LOAD ./freertos/list.o
LOAD ./freertos/queue.o
LOAD ./freertos/tasks.o
LOAD ./freertos/timers.o
LOAD ./framework/TimersManager/Source/TMR_Adapter.o
LOAD ./framework/TimersManager/Source/TimersManager.o
LOAD ./framework/SerialManager/Source/USB_VirtualCom/Source/usb_device_cdc_acm.o
LOAD ./framework/SerialManager/Source/USB_VirtualCom/Source/usb_device_ch9.o
LOAD ./framework/SerialManager/Source/USB_VirtualCom/Source/usb_device_class.o
LOAD ./framework/SerialManager/Source/USB_VirtualCom/Source/usb_device_descriptor.o
LOAD ./framework/SerialManager/Source/USB_VirtualCom/Source/virtual_com.o
LOAD ./framework/SerialManager/Source/SPI_Adapter/SPI_Adapter.o
LOAD ./framework/SerialManager/Source/I2C_Adapter.o
LOAD ./framework/SerialManager/Source/SerialManager.o
LOAD ./framework/SerialManager/Source/UART_Adapter.o
LOAD ./framework/SecLib/SecLib.o
LOAD ./framework/Reset/Source/Reset.o
LOAD ./framework/RNG/Source/RNG.o
LOAD ./framework/Panic/Source/Panic.o
LOAD ./framework/OSAbstraction/Interface/fsl_os_abstraction_free_rtos.o
LOAD ./framework/Messaging/Source/Messaging.o
LOAD ./framework/MemManager/Source/MemManager.o
LOAD ./framework/MWSCoexistence/Source/MWS.o
LOAD ./framework/Lists/GenericList.o
LOAD ./framework/LED/Source/LED.o
LOAD ./framework/Keyboard/Source/Keyboard.o
LOAD ./framework/GPIO/Source/GPIO_Adapter.o
LOAD ./framework/FunctionLib/FunctionLib.o
LOAD ./framework/Flash/Internal/Flash_Adapter.o
LOAD ./drivers/fsl_clock.o
LOAD ./drivers/fsl_common.o
LOAD ./drivers/fsl_dspi.o
LOAD ./drivers/fsl_flash.o
LOAD ./drivers/fsl_ftm.o
LOAD ./drivers/fsl_gpio.o
LOAD ./drivers/fsl_i2c.o
LOAD ./drivers/fsl_llwu.o
LOAD ./drivers/fsl_lptmr.o
LOAD ./drivers/fsl_mpu.o
LOAD ./drivers/fsl_rnga.o
LOAD ./drivers/fsl_rtc.o
LOAD ./drivers/fsl_sim.o
LOAD ./drivers/fsl_smc.o
LOAD ./drivers/fsl_uart.o
LOAD ./board/board.o
LOAD ./board/clock_config.o
LOAD ./board/gpio_pins.o
LOAD ./board/hardware_init.o
LOAD ./board/pin_mux.o
LOAD C:/Repos/Conn_Wireless/EDF/boards/frdmk64f_frdmcr20a/wireless_examples/ieee_802_15_4/msn_end_device/freertos/kds/../../../../../../../middleware/mmcau_2.0.0/asm-cm4-cm7/lib_mmcau.a
LOAD C:/Repos/Conn_Wireless/EDF/boards/frdmk64f_frdmcr20a/wireless_examples/ieee_802_15_4/msn_end_device/freertos/kds/../../../../../../../middleware/wireless/ieee_802_15_4_5.0.5/mac/lib/802.15.4_mac_06_cM4.a
LOAD C:/Repos/Conn_Wireless/EDF/boards/frdmk64f_frdmcr20a/wireless_examples/ieee_802_15_4/msn_end_device/freertos/kds/../../../../../../../middleware/wireless/framework_5.0.5/SecLib/lib_crypto_M4.a
LOAD c:/freescale/kds_v3/toolchain/bin/../lib/gcc/arm-none-eabi/4.8.4/../../../../arm-none-eabi/lib/armv7e-m/softfp\libg_s.a
LOAD c:/freescale/kds_v3/toolchain/bin/../lib/gcc/arm-none-eabi/4.8.4/armv7e-m/softfp\libgcc.a
LOAD c:/freescale/kds_v3/toolchain/bin/../lib/gcc/arm-none-eabi/4.8.4/../../../../arm-none-eabi/lib/armv7e-m/softfp\libnosys.a
END GROUP
LOAD c:/freescale/kds_v3/toolchain/bin/../lib/gcc/arm-none-eabi/4.8.4/../../../../arm-none-eabi/lib/armv7e-m/softfp\libstdc++_s.a
LOAD c:/freescale/kds_v3/toolchain/bin/../lib/gcc/arm-none-eabi/4.8.4/../../../../arm-none-eabi/lib/armv7e-m/softfp\libm.a
START GROUP
LOAD c:/freescale/kds_v3/toolchain/bin/../lib/gcc/arm-none-eabi/4.8.4/armv7e-m/softfp\libgcc.a
LOAD c:/freescale/kds_v3/toolchain/bin/../lib/gcc/arm-none-eabi/4.8.4/../../../../arm-none-eabi/lib/armv7e-m/softfp\libg_s.a
LOAD c:/freescale/kds_v3/toolchain/bin/../lib/gcc/arm-none-eabi/4.8.4/../../../../arm-none-eabi/lib/armv7e-m/softfp\libc_s.a
END GROUP
START GROUP
LOAD c:/freescale/kds_v3/toolchain/bin/../lib/gcc/arm-none-eabi/4.8.4/armv7e-m/softfp\libgcc.a
LOAD c:/freescale/kds_v3/toolchain/bin/../lib/gcc/arm-none-eabi/4.8.4/../../../../arm-none-eabi/lib/armv7e-m/softfp\libc_s.a
END GROUP
LOAD c:/freescale/kds_v3/toolchain/bin/../lib/gcc/arm-none-eabi/4.8.4/armv7e-m/softfp/crtend.o
LOAD c:/freescale/kds_v3/toolchain/bin/../lib/gcc/arm-none-eabi/4.8.4/armv7e-m/softfp/crtn.o
                0x1fff0000                _RAM_START_ = 0x1fff0000
                0x2002ffff                _RAM_END_ = 0x2002ffff
                0x000ff000                FREESCALE_PROD_DATA_BASE_ADDR = 0xff000
                0x00000400                __RAM_VECTOR_TABLE_SIZE = 0x400
                0x2002fbea                __BOOT_STACK_ADDRESS = 0x2002fbea
                0x1ffffffb                __dummy_start = 0x1ffffffb

.interrupts     0x00000000      0x400
                0x00000000                __VECTOR_TABLE = .
                0x00000000                . = ALIGN (0x4)
 *(.isr_vector)
 .isr_vector    0x00000000      0x400 ./startup/startup_MK64F12.o
                0x00000000                __isr_vector
                0x00000400                . = ALIGN (0x4)

.freescale_prod_data
                0x000ff000        0x0
                0x000ff000                . = ALIGN (0x4)
 *(.FREESCALE_PROD_DATA)
                0x000ff000                . = ALIGN (0x4)

.flash_config   0x00000400       0x10
                0x00000400                . = ALIGN (0x4)
 *(.FlashConfig)
 .FlashConfig   0x00000400       0x10 ./startup/startup_MK64F12.o
                0x00000410                . = ALIGN (0x4)

.text           0x00000420    0x16620
                0x00000420                . = ALIGN (0x4)
 *(.text)
 .text          0x00000420       0x54 c:/freescale/kds_v3/toolchain/bin/../lib/gcc/arm-none-eabi/4.8.4/armv7e-m/softfp/crtbegin.o
 .text          0x00000474       0x74 c:/freescale/kds_v3/toolchain/bin/../lib/gcc/arm-none-eabi/4.8.4/../../../../arm-none-eabi/lib/armv7e-m/softfp/crt0.o
                0x00000474                _start
                0x00000474                _mainCRTStartup
 .text          0x000004e8      0x1fc ./startup/startup_MK64F12.o
                0x000004e8                Reset_Handler
                0x00000544                DebugMon_Handler
                0x00000544                PORTC_IRQHandler
                0x00000544                DMA0_DriverIRQHandler
                0x00000544                DMA12_DriverIRQHandler
                0x00000544                WDOG_EWM_IRQHandler
                0x00000544                DMA_Error_DriverIRQHandler
                0x00000544                CMP0_IRQHandler
                0x00000544                DMA7_DriverIRQHandler
                0x00000544                ENET_Transmit_DriverIRQHandler
                0x00000544                DMA2_DriverIRQHandler
                0x00000544                UART1_ERR_DriverIRQHandler
                0x00000544                BusFault_Handler
                0x00000544                SDHC_DriverIRQHandler
                0x00000544                PIT0_IRQHandler
                0x00000544                LPTMR0_IRQHandler
                0x00000544                CMP2_IRQHandler
                0x00000544                LLWU_IRQHandler
                0x00000544                I2S0_Tx_DriverIRQHandler
                0x00000544                DMA6_DriverIRQHandler
                0x00000544                FTM2_IRQHandler
                0x00000544                PORTE_IRQHandler
                0x00000544                FTM3_IRQHandler
                0x00000544                ENET_1588_Timer_DriverIRQHandler
                0x00000544                SWI_IRQHandler
                0x00000544                ADC0_IRQHandler
                0x00000544                UsageFault_Handler
                0x00000544                CAN0_DriverIRQHandler
                0x00000544                CMT_IRQHandler
                0x00000544                MCM_IRQHandler
                0x00000544                DAC1_IRQHandler
                0x00000544                DefaultISR
                0x00000544                PORTA_IRQHandler
                0x00000544                UART5_ERR_DriverIRQHandler
                0x00000544                FTM0_IRQHandler
                0x00000544                DMA11_DriverIRQHandler
                0x00000544                CMP1_IRQHandler
                0x00000544                Reserved71_IRQHandler
                0x00000544                PORTD_IRQHandler
                0x00000544                PORTB_IRQHandler
                0x00000544                DMA10_DriverIRQHandler
                0x00000544                LVD_LVW_IRQHandler
                0x00000544                UART2_ERR_DriverIRQHandler
                0x00000544                ADC1_IRQHandler
                0x00000544                DMA5_DriverIRQHandler
                0x00000544                DMA4_DriverIRQHandler
                0x00000544                PIT1_IRQHandler
                0x00000544                PIT2_IRQHandler
                0x00000544                DMA15_DriverIRQHandler
                0x00000544                ENET_Error_DriverIRQHandler
                0x00000544                RTC_IRQHandler
                0x00000544                UART3_ERR_DriverIRQHandler
                0x00000544                PDB0_IRQHandler
                0x00000544                FTFE_IRQHandler
                0x00000544                FTM1_IRQHandler
                0x00000544                DMA13_DriverIRQHandler
                0x00000544                DAC0_IRQHandler
                0x00000544                DMA3_DriverIRQHandler
                0x00000544                PIT3_IRQHandler
                0x00000544                ENET_Receive_DriverIRQHandler
                0x00000544                RTC_Seconds_IRQHandler
                0x00000544                MCG_IRQHandler
                0x00000544                USB0_IRQHandler
                0x00000544                DMA9_DriverIRQHandler
                0x00000544                DMA8_DriverIRQHandler
                0x00000544                UART0_ERR_DriverIRQHandler
                0x00000544                I2S0_Rx_DriverIRQHandler
                0x00000544                RNG_IRQHandler
                0x00000544                DMA1_DriverIRQHandler
                0x00000544                Read_Collision_IRQHandler
                0x00000544                DMA14_DriverIRQHandler
                0x00000544                UART0_LON_DriverIRQHandler
                0x00000544                MemManage_Handler
                0x00000544                USBDCD_IRQHandler
                0x00000544                UART4_ERR_DriverIRQHandler
                0x0000054c                HardFault_Handler
                0x0000055c                DMA0_IRQHandler
                0x00000560                DMA1_IRQHandler
                0x00000564                DMA2_IRQHandler
                0x00000568                DMA3_IRQHandler
                0x0000056c                DMA4_IRQHandler
                0x00000570                DMA5_IRQHandler
                0x00000574                DMA6_IRQHandler
                0x00000578                DMA7_IRQHandler
                0x0000057c                DMA8_IRQHandler
                0x00000580                DMA9_IRQHandler
                0x00000584                DMA10_IRQHandler
                0x00000588                DMA11_IRQHandler
                0x0000058c                DMA12_IRQHandler
                0x00000590                DMA13_IRQHandler
                0x00000594                DMA14_IRQHandler
                0x00000598                DMA15_IRQHandler
                0x0000059c                DMA_Error_IRQHandler
                0x000005a0                I2C0_IRQHandler
                0x000005a4                I2C1_IRQHandler
                0x000005a8                SPI0_IRQHandler
                0x000005ac                SPI1_IRQHandler
                0x000005b0                I2S0_Tx_IRQHandler
                0x000005b4                I2S0_Rx_IRQHandler
                0x000005b8                UART0_LON_IRQHandler
                0x000005bc                UART0_RX_TX_IRQHandler
                0x000005c0                UART0_ERR_IRQHandler
                0x000005c4                UART1_RX_TX_IRQHandler
                0x000005c8                UART1_ERR_IRQHandler
                0x000005cc                UART2_RX_TX_IRQHandler
                0x000005d0                UART2_ERR_IRQHandler
                0x000005d4                UART3_RX_TX_IRQHandler
                0x000005d8                UART3_ERR_IRQHandler
                0x000005dc                SPI2_IRQHandler
                0x000005e0                UART4_RX_TX_IRQHandler
                0x000005e4                UART4_ERR_IRQHandler
                0x000005e8                UART5_RX_TX_IRQHandler
                0x000005ec                UART5_ERR_IRQHandler
                0x000005f0                I2C2_IRQHandler
                0x000005f4                CAN0_ORed_Message_buffer_IRQHandler
                0x000005f8                CAN0_Bus_Off_IRQHandler
                0x000005fc                CAN0_Error_IRQHandler
                0x00000600                CAN0_Tx_Warning_IRQHandler
                0x00000604                CAN0_Rx_Warning_IRQHandler
                0x00000608                CAN0_Wake_Up_IRQHandler
                0x0000060c                SDHC_IRQHandler
                0x00000610                ENET_1588_Timer_IRQHandler
                0x00000614                ENET_Transmit_IRQHandler
                0x00000618                ENET_Receive_IRQHandler
                0x0000061c                ENET_Error_IRQHandler
 *fill*         0x000006e4        0xc 
 .text          0x000006f0      0x800 C:/Repos/Conn_Wireless/EDF/boards/frdmk64f_frdmcr20a/wireless_examples/ieee_802_15_4/msn_end_device/freertos/kds/../../../../../../../middleware/mmcau_2.0.0/asm-cm4-cm7/lib_mmcau.a(mmcau_aes_functions.o)
                0x000006f0                _mmcau_aes_set_key
                0x000006f0                mmcau_aes_set_key
                0x00000c70                mmcau_aes_encrypt
                0x00000c70                _mmcau_aes_encrypt
                0x00000da0                mmcau_aes_decrypt
                0x00000da0                _mmcau_aes_decrypt
 .text          0x00000ef0     0x1810 C:/Repos/Conn_Wireless/EDF/boards/frdmk64f_frdmcr20a/wireless_examples/ieee_802_15_4/msn_end_device/freertos/kds/../../../../../../../middleware/wireless/framework_5.0.5/SecLib/lib_crypto_M4.a(SW_AES128.o)
                0x0000130c                gpXTimeTable
                0x000014c0                gInvSbox_s
                0x000015c0                CCM_CreateA0
                0x000015e8                sw_Aes128
                0x00002344                sw_AES128_CCM
                0x00002600                gSBox_c
 .text          0x00002700       0x34 C:/Repos/Conn_Wireless/EDF/boards/frdmk64f_frdmcr20a/wireless_examples/ieee_802_15_4/msn_end_device/freertos/kds/../../../../../../../middleware/wireless/framework_5.0.5/SecLib/lib_crypto_M4.a(SW_RNG.o)
                0x00002700                SecLib_set_rng_seed
                0x0000270e                SecLib_get_random
 .text          0x00002734       0x2c c:/freescale/kds_v3/toolchain/bin/../lib/gcc/arm-none-eabi/4.8.4/armv7e-m/softfp\libgcc.a(_aeabi_uldivmod.o)
                0x00002734                __aeabi_uldivmod
 .text          0x00002760       0x60 c:/freescale/kds_v3/toolchain/bin/../lib/gcc/arm-none-eabi/4.8.4/armv7e-m/softfp\libgcc.a(bpabi.o)
                0x00002760                __gnu_ldivmod_helper
                0x00002790                __gnu_uldivmod_helper
 .text          0x000027c0        0x4 c:/freescale/kds_v3/toolchain/bin/../lib/gcc/arm-none-eabi/4.8.4/armv7e-m/softfp\libgcc.a(_dvmd_tls.o)
                0x000027c0                __aeabi_idiv0
                0x000027c0                __aeabi_ldiv0
 .text          0x000027c4      0x298 c:/freescale/kds_v3/toolchain/bin/../lib/gcc/arm-none-eabi/4.8.4/armv7e-m/softfp\libgcc.a(_divdi3.o)
                0x000027c4                __divdi3
 .text          0x00002a5c      0x284 c:/freescale/kds_v3/toolchain/bin/../lib/gcc/arm-none-eabi/4.8.4/armv7e-m/softfp\libgcc.a(_udivdi3.o)
                0x00002a5c                __udivdi3
 *(.text*)
 .text.DbgConsole_Printf
                0x00002ce0       0x40 ./utilities/fsl_debug_console.o
                0x00002ce0                DbgConsole_Printf
 .text.DbgConsole_Putchar
                0x00002d20       0x38 ./utilities/fsl_debug_console.o
                0x00002d20                DbgConsole_Putchar
 .text.DbgConsole_PrintfPaddingCharacter
                0x00002d58       0x40 ./utilities/fsl_debug_console.o
 .text.DbgConsole_ConvertRadixNumToString
                0x00002d98      0x118 ./utilities/fsl_debug_console.o
 .text.DbgConsole_PrintfFormattedData
                0x00002eb0      0x36c ./utilities/fsl_debug_console.o
 .text.SystemInit
                0x0000321c       0x3c ./startup/system_MK64F12.o
                0x0000321c                SystemInit
 .text.main_task
                0x00003258       0x74 ./source/msn_end_device.o
                0x00003258                main_task
 .text.App_init
                0x000032cc       0xd0 ./source/msn_end_device.o
                0x000032cc                App_init
 .text.AppThread
                0x0000339c      0x524 ./source/msn_end_device.o
                0x0000339c                AppThread
 .text.App_CommRxCallBack
                0x000038c0       0x4c ./source/msn_end_device.o
 .text.App_StartScan
                0x0000390c       0xbc ./source/msn_end_device.o
 .text.App_HandleScanActiveConfirm
                0x000039c8       0xb8 ./source/msn_end_device.o
 .text.App_SendAssociateRequest
                0x00003a80      0x128 ./source/msn_end_device.o
 .text.App_HandleAssociateConfirm
                0x00003ba8       0x30 ./source/msn_end_device.o
 .text.App_HandleMlmeInput
                0x00003bd8       0x40 ./source/msn_end_device.o
 .text.App_HandleMcpsInput
                0x00003c18       0x4c ./source/msn_end_device.o
 .text.App_HandleMessage
                0x00003c64       0xa0 ./source/msn_end_device.o
 .text.App_WaitMsg
                0x00003d04       0x34 ./source/msn_end_device.o
 .text.App_SendPredefinedMessage
                0x00003d38      0x11c ./source/msn_end_device.o
 .text.App_SendSensorStatus
                0x00003e54      0x2c0 ./source/msn_end_device.o
 .text.App_ReceiveData
                0x00004114       0x80 ./source/msn_end_device.o
 .text.App_Idle
                0x00004194       0x3c ./source/msn_end_device.o
 .text.App_UpdateLEDs
                0x000041d0       0x80 ./source/msn_end_device.o
 .text.App_IntervalTimeoutHandler
                0x00004250       0x20 ./source/msn_end_device.o
 .text.App_SensorIntervalTimeoutHandler
                0x00004270       0x20 ./source/msn_end_device.o
 .text.App_HandleGenericKey
                0x00004290       0x3c ./source/msn_end_device.o
 .text.App_HandleKeys
                0x000042cc       0x20 ./source/msn_end_device.o
 .text.MLME_NWK_SapHandler
                0x000042ec       0x30 ./source/msn_end_device.o
                0x000042ec                MLME_NWK_SapHandler
 .text.MCPS_NWK_SapHandler
                0x0000431c       0x30 ./source/msn_end_device.o
                0x0000431c                MCPS_NWK_SapHandler
 .text.DSPI_SetFifoEnable
                0x0000434c       0x48 ./ieee_802.15.4/phy/source/XcvrSPI/Spi.o
 .text.DSPI_FlushFifo
                0x00004394       0x3c ./ieee_802.15.4/phy/source/XcvrSPI/Spi.o
 .text.DSPI_MasterGetFormattedCommand
                0x000043d0       0x4c ./ieee_802.15.4/phy/source/XcvrSPI/Spi.o
 .text.DSPI_ReadData
                0x0000441c       0x18 ./ieee_802.15.4/phy/source/XcvrSPI/Spi.o
 .text.spi_master_init
                0x00004434       0xa0 ./ieee_802.15.4/phy/source/XcvrSPI/Spi.o
                0x00004434                spi_master_init
 .text.spi_master_configure_speed
                0x000044d4       0x40 ./ieee_802.15.4/phy/source/XcvrSPI/Spi.o
                0x000044d4                spi_master_configure_speed
 .text.spi_master_transfer
                0x00004514       0x9c ./ieee_802.15.4/phy/source/XcvrSPI/Spi.o
                0x00004514                spi_master_transfer
 .text.MCR20Drv_Init
                0x000045b0       0x48 ./ieee_802.15.4/phy/source/MCR20A/MCR20Drv/MCR20Drv.o
                0x000045b0                MCR20Drv_Init
 .text.MCR20Drv_DirectAccessSPIWrite
                0x000045f8       0x68 ./ieee_802.15.4/phy/source/MCR20A/MCR20Drv/MCR20Drv.o
                0x000045f8                MCR20Drv_DirectAccessSPIWrite
 .text.MCR20Drv_DirectAccessSPIMultiByteWrite
                0x00004660       0x6c ./ieee_802.15.4/phy/source/MCR20A/MCR20Drv/MCR20Drv.o
                0x00004660                MCR20Drv_DirectAccessSPIMultiByteWrite
 .text.MCR20Drv_PB_SPIBurstWrite
                0x000046cc       0x64 ./ieee_802.15.4/phy/source/MCR20A/MCR20Drv/MCR20Drv.o
                0x000046cc                MCR20Drv_PB_SPIBurstWrite
 .text.MCR20Drv_DirectAccessSPIRead
                0x00004730       0x6c ./ieee_802.15.4/phy/source/MCR20A/MCR20Drv/MCR20Drv.o
                0x00004730                MCR20Drv_DirectAccessSPIRead
 .text.MCR20Drv_DirectAccessSPIMultiByteRead
                0x0000479c       0x80 ./ieee_802.15.4/phy/source/MCR20A/MCR20Drv/MCR20Drv.o
                0x0000479c                MCR20Drv_DirectAccessSPIMultiByteRead
 .text.MCR20Drv_PB_SPIBurstRead
                0x0000481c       0x70 ./ieee_802.15.4/phy/source/MCR20A/MCR20Drv/MCR20Drv.o
                0x0000481c                MCR20Drv_PB_SPIBurstRead
 .text.MCR20Drv_IndirectAccessSPIWrite
                0x0000488c       0x64 ./ieee_802.15.4/phy/source/MCR20A/MCR20Drv/MCR20Drv.o
                0x0000488c                MCR20Drv_IndirectAccessSPIWrite
 .text.MCR20Drv_IndirectAccessSPIMultiByteWrite
                0x000048f0       0x78 ./ieee_802.15.4/phy/source/MCR20A/MCR20Drv/MCR20Drv.o
                0x000048f0                MCR20Drv_IndirectAccessSPIMultiByteWrite
 .text.MCR20Drv_IndirectAccessSPIRead
                0x00004968       0x70 ./ieee_802.15.4/phy/source/MCR20A/MCR20Drv/MCR20Drv.o
                0x00004968                MCR20Drv_IndirectAccessSPIRead
 .text.MCR20Drv_IndirectAccessSPIMultiByteRead
                0x000049d8       0x78 ./ieee_802.15.4/phy/source/MCR20A/MCR20Drv/MCR20Drv.o
                0x000049d8                MCR20Drv_IndirectAccessSPIMultiByteRead
 .text.MCR20Drv_IRQ_PortConfig
                0x00004a50       0x38 ./ieee_802.15.4/phy/source/MCR20A/MCR20Drv/MCR20Drv.o
                0x00004a50                MCR20Drv_IRQ_PortConfig
 .text.MCR20Drv_IsIrqPending
                0x00004a88       0x20 ./ieee_802.15.4/phy/source/MCR20A/MCR20Drv/MCR20Drv.o
                0x00004a88                MCR20Drv_IsIrqPending
 .text.MCR20Drv_IRQ_Disable
                0x00004aa8       0x3c ./ieee_802.15.4/phy/source/MCR20A/MCR20Drv/MCR20Drv.o
                0x00004aa8                MCR20Drv_IRQ_Disable
 .text.MCR20Drv_IRQ_Enable
                0x00004ae4       0x44 ./ieee_802.15.4/phy/source/MCR20A/MCR20Drv/MCR20Drv.o
                0x00004ae4                MCR20Drv_IRQ_Enable
 .text.MCR20Drv_IRQ_Clear
                0x00004b28       0x10 ./ieee_802.15.4/phy/source/MCR20A/MCR20Drv/MCR20Drv.o
                0x00004b28                MCR20Drv_IRQ_Clear
 .text.MCR20Drv_RST_B_Assert
                0x00004b38       0x10 ./ieee_802.15.4/phy/source/MCR20A/MCR20Drv/MCR20Drv.o
                0x00004b38                MCR20Drv_RST_B_Assert
 .text.MCR20Drv_RST_B_Deassert
                0x00004b48       0x10 ./ieee_802.15.4/phy/source/MCR20A/MCR20Drv/MCR20Drv.o
                0x00004b48                MCR20Drv_RST_B_Deassert
 .text.MCR20Drv_RESET
                0x00004b58       0x24 ./ieee_802.15.4/phy/source/MCR20A/MCR20Drv/MCR20Drv.o
                0x00004b58                MCR20Drv_RESET
 .text.MCR20Drv_Set_CLK_OUT_Freq
                0x00004b7c       0x34 ./ieee_802.15.4/phy/source/MCR20A/MCR20Drv/MCR20Drv.o
                0x00004b7c                MCR20Drv_Set_CLK_OUT_Freq
 .text.MPM_AcquirePAN
                0x00004bb0       0x18 ./ieee_802.15.4/phy/source/MPM.o
                0x00004bb0                MPM_AcquirePAN
 .text.MPM_ReleasePAN
                0x00004bc8       0x18 ./ieee_802.15.4/phy/source/MPM.o
                0x00004bc8                MPM_ReleasePAN
 .text.PhyIsrPassRxParams
                0x00004be0       0x1c ./ieee_802.15.4/phy/source/PhyISR.o
                0x00004be0                PhyIsrPassRxParams
 .text.PhyIsrSeqCleanup
                0x00004bfc       0x58 ./ieee_802.15.4/phy/source/PhyISR.o
                0x00004bfc                PhyIsrSeqCleanup
 .text.Phy_GetEnergyLevel
                0x00004c54       0x40 ./ieee_802.15.4/phy/source/PhyISR.o
                0x00004c54                Phy_GetEnergyLevel
 .text.Phy_LqiConvert
                0x00004c94       0x44 ./ieee_802.15.4/phy/source/PhyISR.o
 .text.PHY_InterruptHandler
                0x00004cd8      0x658 ./ieee_802.15.4/phy/source/PhyISR.o
                0x00004cd8                PHY_InterruptHandler
 .text.PHY_InstallIsr
                0x00005330       0x1c ./ieee_802.15.4/phy/source/PhyISR.o
                0x00005330                PHY_InstallIsr
 .text.Phy_RestartRxFromISR
                0x0000534c      0x108 ./ieee_802.15.4/phy/source/PhyISR.o
 .text.PhyHwInit
                0x00005454      0x148 ./ieee_802.15.4/phy/source/PhyPacketProcessor.o
                0x00005454                PhyHwInit
 .text.PhyAbort
                0x0000559c      0x110 ./ieee_802.15.4/phy/source/PhyPacketProcessor.o
                0x0000559c                PhyAbort
 .text.PhyPpGetState
                0x000056ac       0x1c ./ieee_802.15.4/phy/source/PhyPacketProcessor.o
                0x000056ac                PhyPpGetState
 .text.PhyPpSetPanId
                0x000056c8       0x34 ./ieee_802.15.4/phy/source/PhyPacketProcessor.o
                0x000056c8                PhyPpSetPanId
 .text.PhyPpSetShortAddr
                0x000056fc       0x34 ./ieee_802.15.4/phy/source/PhyPacketProcessor.o
                0x000056fc                PhyPpSetShortAddr
 .text.PhyPpSetLongAddr
                0x00005730       0x34 ./ieee_802.15.4/phy/source/PhyPacketProcessor.o
                0x00005730                PhyPpSetLongAddr
 .text.PhyPpSetMacRole
                0x00005764       0x80 ./ieee_802.15.4/phy/source/PhyPacketProcessor.o
                0x00005764                PhyPpSetMacRole
 .text.PhyPpSetPromiscuous
                0x000057e4       0x80 ./ieee_802.15.4/phy/source/PhyPacketProcessor.o
                0x000057e4                PhyPpSetPromiscuous
 .text.PhyPp_IndirectQueueInsert
                0x00005864       0x54 ./ieee_802.15.4/phy/source/PhyPacketProcessor.o
                0x00005864                PhyPp_IndirectQueueInsert
 .text.PhyPp_RemoveFromIndirect
                0x000058b8       0x3c ./ieee_802.15.4/phy/source/PhyPacketProcessor.o
                0x000058b8                PhyPp_RemoveFromIndirect
 .text.PhyPpSetCcaThreshold
                0x000058f4       0x20 ./ieee_802.15.4/phy/source/PhyPacketProcessor.o
                0x000058f4                PhyPpSetCcaThreshold
 .text.PhyPpSetDualPanSamLvl
                0x00005914       0x44 ./ieee_802.15.4/phy/source/PhyPacketProcessor.o
                0x00005914                PhyPpSetDualPanSamLvl
 .text.PhyPlmeSetPwrState
                0x00005958      0x130 ./ieee_802.15.4/phy/source/PhyPacketProcessor.o
                0x00005958                PhyPlmeSetPwrState
 .text.PhyPdDataRequest
                0x00005a88      0x1e4 ./ieee_802.15.4/phy/source/PhyPlmeData.o
                0x00005a88                PhyPdDataRequest
 .text.PhyPlmeRxRequest
                0x00005c6c      0x16c ./ieee_802.15.4/phy/source/PhyPlmeData.o
                0x00005c6c                PhyPlmeRxRequest
 .text.PhyPlmeTimmedRxRequest
                0x00005dd8      0x254 ./ieee_802.15.4/phy/source/PhyPlmeData.o
                0x00005dd8                PhyPlmeTimmedRxRequest
 .text.PhyPlmeCcaEdRequest
                0x0000602c      0x12c ./ieee_802.15.4/phy/source/PhyPlmeData.o
                0x0000602c                PhyPlmeCcaEdRequest
 .text.PhyPlmeSetCurrentChannelRequest
                0x00006158       0xbc ./ieee_802.15.4/phy/source/PhyPlmeData.o
                0x00006158                PhyPlmeSetCurrentChannelRequest
 .text.PhyPlmeGetCurrentChannelRequest
                0x00006214       0x30 ./ieee_802.15.4/phy/source/PhyPlmeData.o
                0x00006214                PhyPlmeGetCurrentChannelRequest
 .text.PhyPlmeSetPwrLevelRequest
                0x00006244       0x5c ./ieee_802.15.4/phy/source/PhyPlmeData.o
                0x00006244                PhyPlmeSetPwrLevelRequest
 .text.PhyPlmeSetPIBRequest
                0x000062a0      0x1ec ./ieee_802.15.4/phy/source/PhyPlmeData.o
                0x000062a0                PhyPlmeSetPIBRequest
 .text.PhyPlmeGetPIBRequest
                0x0000648c      0x1d8 ./ieee_802.15.4/phy/source/PhyPlmeData.o
                0x0000648c                PhyPlmeGetPIBRequest
 .text.PhyRxRetry
                0x00006664       0x78 ./ieee_802.15.4/phy/source/PhyPlmeData.o
 .text.Phy_Init
                0x000066dc       0xa4 ./ieee_802.15.4/phy/source/PhyStateMachine.o
                0x000066dc                Phy_Init
 .text.BindToPHY
                0x00006780       0x18 ./ieee_802.15.4/phy/source/PhyStateMachine.o
                0x00006780                BindToPHY
 .text.Phy_RegisterSapHandlers
                0x00006798       0x40 ./ieee_802.15.4/phy/source/PhyStateMachine.o
                0x00006798                Phy_RegisterSapHandlers
 .text.Phy24Task
                0x000067d8      0x1c8 ./ieee_802.15.4/phy/source/PhyStateMachine.o
 .text.MAC_PD_SapHandler
                0x000069a0       0xa8 ./ieee_802.15.4/phy/source/PhyStateMachine.o
                0x000069a0                MAC_PD_SapHandler
 .text.MAC_PLME_SapHandler
                0x00006a48      0x164 ./ieee_802.15.4/phy/source/PhyStateMachine.o
                0x00006a48                MAC_PLME_SapHandler
 .text.Phy_HandlePdDataReq
                0x00006bac      0x100 ./ieee_802.15.4/phy/source/PhyStateMachine.o
 .text.Phy_EnterIdle
                0x00006cac       0x90 ./ieee_802.15.4/phy/source/PhyStateMachine.o
 .text.PhyPlmeSetFrameWaitTime
                0x00006d3c       0x2c ./ieee_802.15.4/phy/source/PhyStateMachine.o
                0x00006d3c                PhyPlmeSetFrameWaitTime
 .text.PhyPlmeSetRxOnWhenIdle
                0x00006d68      0x138 ./ieee_802.15.4/phy/source/PhyStateMachine.o
                0x00006d68                PhyPlmeSetRxOnWhenIdle
 .text.PhyIsIdleRx
                0x00006ea0       0x40 ./ieee_802.15.4/phy/source/PhyStateMachine.o
                0x00006ea0                PhyIsIdleRx
 .text.Radio_Phy_PdDataConfirm
                0x00006ee0      0x144 ./ieee_802.15.4/phy/source/PhyStateMachine.o
                0x00006ee0                Radio_Phy_PdDataConfirm
 .text.Radio_Phy_PdDataIndication
                0x00007024       0x28 ./ieee_802.15.4/phy/source/PhyStateMachine.o
                0x00007024                Radio_Phy_PdDataIndication
 .text.Radio_Phy_TimeWaitTimeoutIndication
                0x0000704c       0x14 ./ieee_802.15.4/phy/source/PhyStateMachine.o
                0x0000704c                Radio_Phy_TimeWaitTimeoutIndication
 .text.Radio_Phy_PlmeCcaConfirm
                0x00007060       0x40 ./ieee_802.15.4/phy/source/PhyStateMachine.o
                0x00007060                Radio_Phy_PlmeCcaConfirm
 .text.Radio_Phy_PlmeEdConfirm
                0x000070a0       0x40 ./ieee_802.15.4/phy/source/PhyStateMachine.o
                0x000070a0                Radio_Phy_PlmeEdConfirm
 .text.Radio_Phy_TimeRxTimeoutIndication
                0x000070e0       0x44 ./ieee_802.15.4/phy/source/PhyStateMachine.o
                0x000070e0                Radio_Phy_TimeRxTimeoutIndication
 .text.Radio_Phy_TimeStartEventIndication
                0x00007124       0x14 ./ieee_802.15.4/phy/source/PhyStateMachine.o
                0x00007124                Radio_Phy_TimeStartEventIndication
 .text.Radio_Phy_PlmeRxSfdDetect
                0x00007138       0xd8 ./ieee_802.15.4/phy/source/PhyStateMachine.o
                0x00007138                Radio_Phy_PlmeRxSfdDetect
 .text.Radio_Phy_PlmeSyncLossIndication
                0x00007210       0x18 ./ieee_802.15.4/phy/source/PhyStateMachine.o
                0x00007210                Radio_Phy_PlmeSyncLossIndication
 .text.Radio_Phy_PlmeFilterFailRx
                0x00007228       0x84 ./ieee_802.15.4/phy/source/PhyStateMachine.o
                0x00007228                Radio_Phy_PlmeFilterFailRx
 .text.PLME_SendMessage
                0x000072ac       0xc4 ./ieee_802.15.4/phy/source/PhyStateMachine.o
 .text.PD_SendMessage
                0x00007370      0x210 ./ieee_802.15.4/phy/source/PhyStateMachine.o
 .text.Phy_SendLatePLME
                0x00007580       0x20 ./ieee_802.15.4/phy/source/PhyStateMachine.o
 .text.Phy_SendLatePD
                0x000075a0       0x20 ./ieee_802.15.4/phy/source/PhyStateMachine.o
 .text.Radio_Phy_Notify
                0x000075c0       0x28 ./ieee_802.15.4/phy/source/PhyStateMachine.o
                0x000075c0                Radio_Phy_Notify
 .text.PhyTimeSetEventTrigger
                0x000075e8       0x78 ./ieee_802.15.4/phy/source/PhyTime.o
                0x000075e8                PhyTimeSetEventTrigger
 .text.PhyTimeSetEventTimeout
                0x00007660       0x80 ./ieee_802.15.4/phy/source/PhyTime.o
                0x00007660                PhyTimeSetEventTimeout
 .text.PhyTimeReadClock
                0x000076e0       0x30 ./ieee_802.15.4/phy/source/PhyTime.o
                0x000076e0                PhyTimeReadClock
 .text.PhyTimeSetWaitTimeout
                0x00007710       0x60 ./ieee_802.15.4/phy/source/PhyTime.o
                0x00007710                PhyTimeSetWaitTimeout
 .text.PhyTime_ISR
                0x00007770       0x50 ./ieee_802.15.4/phy/source/PhyTime.o
                0x00007770                PhyTime_ISR
 .text.PhyTime_TimerInit
                0x000077c0       0x88 ./ieee_802.15.4/phy/source/PhyTime.o
                0x000077c0                PhyTime_TimerInit
 .text.PhyTime_GetTimestamp
                0x00007848       0x4c ./ieee_802.15.4/phy/source/PhyTime.o
                0x00007848                PhyTime_GetTimestamp
 .text.PhyTime_ScheduleEvent
                0x00007894       0xc0 ./ieee_802.15.4/phy/source/PhyTime.o
                0x00007894                PhyTime_ScheduleEvent
 .text.PhyTime_CancelEvent
                0x00007954       0x8c ./ieee_802.15.4/phy/source/PhyTime.o
                0x00007954                PhyTime_CancelEvent
 .text.PhyTime_CancelEventsWithParam
                0x000079e0       0xa0 ./ieee_802.15.4/phy/source/PhyTime.o
                0x000079e0                PhyTime_CancelEventsWithParam
 .text.PhyTime_RunCallback
                0x00007a80       0x60 ./ieee_802.15.4/phy/source/PhyTime.o
                0x00007a80                PhyTime_RunCallback
 .text.PhyTime_Maintenance
                0x00007ae0       0xb8 ./ieee_802.15.4/phy/source/PhyTime.o
                0x00007ae0                PhyTime_Maintenance
 .text.PhyTime_OverflowCB
                0x00007b98       0x4c ./ieee_802.15.4/phy/source/PhyTime.o
 .text.PhyTime_GetNextEvent
                0x00007be4       0x74 ./ieee_802.15.4/phy/source/PhyTime.o
 .text.MAC_Monitor
                0x00007c58       0x1c ./ieee_802.15.4/App/FsciMacCommands.o
                0x00007c58                MAC_Monitor
 .text.MAC_Init
                0x00007c74       0x60 ./ieee_802.15.4/App/MacGlobals.o
                0x00007c74                MAC_Init
 .text.pxPortInitialiseStack
                0x00007cd4       0x64 ./freertos/portable/port.o
                0x00007cd4                pxPortInitialiseStack
 .text.prvTaskExitError
                0x00007d38       0x3c ./freertos/portable/port.o
 .text.SVC_Handler
                0x00007d74       0x20 ./freertos/portable/port.o
                0x00007d74                SVC_Handler
 .text.prvPortStartFirstTask
                0x00007d94       0x20 ./freertos/portable/port.o
 .text.xPortStartScheduler
                0x00007db4      0x118 ./freertos/portable/port.o
                0x00007db4                xPortStartScheduler
 .text.vPortEnterCritical
                0x00007ecc       0x5c ./freertos/portable/port.o
                0x00007ecc                vPortEnterCritical
 .text.vPortExitCritical
                0x00007f28       0x4c ./freertos/portable/port.o
                0x00007f28                vPortExitCritical
 .text.PendSV_Handler
                0x00007f74       0x60 ./freertos/portable/port.o
                0x00007f74                PendSV_Handler
 .text.SysTick_Handler
                0x00007fd4       0x44 ./freertos/portable/port.o
                0x00007fd4                SysTick_Handler
 .text.vPortSetupTimerInterrupt
                0x00008018       0x40 ./freertos/portable/port.o
                0x00008018                vPortSetupTimerInterrupt
 .text.vPortEnableVFP
                0x00008058       0x14 ./freertos/portable/port.o
 .text.vPortValidateInterruptPriority
                0x0000806c       0x78 ./freertos/portable/port.o
                0x0000806c                vPortValidateInterruptPriority
 .text.xEventGroupCreate
                0x000080e4       0x30 ./freertos/event_groups.o
                0x000080e4                xEventGroupCreate
 .text.xEventGroupWaitBits
                0x00008114      0x194 ./freertos/event_groups.o
                0x00008114                xEventGroupWaitBits
 .text.xEventGroupSetBits
                0x000082a8      0x114 ./freertos/event_groups.o
                0x000082a8                xEventGroupSetBits
 .text.vEventGroupSetBitsCallback
                0x000083bc       0x18 ./freertos/event_groups.o
                0x000083bc                vEventGroupSetBitsCallback
 .text.prvTestWaitCondition
                0x000083d4       0x44 ./freertos/event_groups.o
 .text.pvPortMalloc
                0x00008418      0x184 ./freertos/heap_4.o
                0x00008418                pvPortMalloc
 .text.vPortFree
                0x0000859c       0xb0 ./freertos/heap_4.o
                0x0000859c                vPortFree
 .text.prvHeapInit
                0x0000864c       0xc4 ./freertos/heap_4.o
 .text.prvInsertBlockIntoFreeList
                0x00008710       0xb0 ./freertos/heap_4.o
 .text.vListInitialise
                0x000087c0       0x40 ./freertos/list.o
                0x000087c0                vListInitialise
 .text.vListInitialiseItem
                0x00008800       0x18 ./freertos/list.o
                0x00008800                vListInitialiseItem
 .text.vListInsertEnd
                0x00008818       0x48 ./freertos/list.o
                0x00008818                vListInsertEnd
 .text.vListInsert
                0x00008860       0x70 ./freertos/list.o
                0x00008860                vListInsert
 .text.uxListRemove
                0x000088d0       0x54 ./freertos/list.o
                0x000088d0                uxListRemove
 .text.xQueueGenericReset
                0x00008924       0xd0 ./freertos/queue.o
                0x00008924                xQueueGenericReset
 .text.xQueueGenericCreate
                0x000089f4       0xac ./freertos/queue.o
                0x000089f4                xQueueGenericCreate
 .text.xQueueCreateMutex
                0x00008aa0       0x7c ./freertos/queue.o
                0x00008aa0                xQueueCreateMutex
 .text.xQueueGetMutexHolder
                0x00008b1c       0x30 ./freertos/queue.o
                0x00008b1c                xQueueGetMutexHolder
 .text.xQueueCreateCountingSemaphore
                0x00008b4c       0x7c ./freertos/queue.o
                0x00008b4c                xQueueCreateCountingSemaphore
 .text.xQueueGenericSend
                0x00008bc8      0x1ec ./freertos/queue.o
                0x00008bc8                xQueueGenericSend
 .text.xQueueGenericSendFromISR
                0x00008db4      0x118 ./freertos/queue.o
                0x00008db4                xQueueGenericSendFromISR
 .text.xQueueGiveFromISR
                0x00008ecc      0x100 ./freertos/queue.o
                0x00008ecc                xQueueGiveFromISR
 .text.xQueueGenericReceive
                0x00008fcc      0x20c ./freertos/queue.o
                0x00008fcc                xQueueGenericReceive
 .text.prvCopyDataToQueue
                0x000091d8       0xdc ./freertos/queue.o
 .text.prvCopyDataFromQueue
                0x000092b4       0x4c ./freertos/queue.o
 .text.prvUnlockQueue
                0x00009300       0x98 ./freertos/queue.o
 .text.prvIsQueueEmpty
                0x00009398       0x2c ./freertos/queue.o
 .text.prvIsQueueFull
                0x000093c4       0x30 ./freertos/queue.o
 .text.vQueueAddToRegistry
                0x000093f4       0x50 ./freertos/queue.o
                0x000093f4                vQueueAddToRegistry
 .text.vQueueWaitForMessageRestricted
                0x00009444       0x5c ./freertos/queue.o
                0x00009444                vQueueWaitForMessageRestricted
 .text.xTaskGenericCreate
                0x000094a0      0x198 ./freertos/tasks.o
                0x000094a0                xTaskGenericCreate
 .text.vTaskStartScheduler
                0x00009638       0x98 ./freertos/tasks.o
                0x00009638                vTaskStartScheduler
 .text.vTaskSuspendAll
                0x000096d0       0x1c ./freertos/tasks.o
                0x000096d0                vTaskSuspendAll
 .text.xTaskResumeAll
                0x000096ec      0x128 ./freertos/tasks.o
                0x000096ec                xTaskResumeAll
 .text.xTaskGetTickCount
                0x00009814       0x20 ./freertos/tasks.o
                0x00009814                xTaskGetTickCount
 .text.xTaskIncrementTick
                0x00009834      0x15c ./freertos/tasks.o
                0x00009834                xTaskIncrementTick
 .text.vTaskSwitchContext
                0x00009990       0xb4 ./freertos/tasks.o
                0x00009990                vTaskSwitchContext
 .text.vTaskPlaceOnEventList
                0x00009a44       0x9c ./freertos/tasks.o
                0x00009a44                vTaskPlaceOnEventList
 .text.vTaskPlaceOnUnorderedEventList
                0x00009ae0       0xc8 ./freertos/tasks.o
                0x00009ae0                vTaskPlaceOnUnorderedEventList
 .text.vTaskPlaceOnEventListRestricted
                0x00009ba8       0x9c ./freertos/tasks.o
                0x00009ba8                vTaskPlaceOnEventListRestricted
 .text.xTaskRemoveFromEventList
                0x00009c44       0xc4 ./freertos/tasks.o
                0x00009c44                xTaskRemoveFromEventList
 .text.xTaskRemoveFromUnorderedEventList
                0x00009d08       0xcc ./freertos/tasks.o
                0x00009d08                xTaskRemoveFromUnorderedEventList
 .text.vTaskSetTimeOutState
                0x00009dd4       0x44 ./freertos/tasks.o
                0x00009dd4                vTaskSetTimeOutState
 .text.xTaskCheckForTimeOut
                0x00009e18       0xbc ./freertos/tasks.o
                0x00009e18                xTaskCheckForTimeOut
 .text.vTaskMissedYield
                0x00009ed4       0x18 ./freertos/tasks.o
                0x00009ed4                vTaskMissedYield
 .text.prvIdleTask
                0x00009eec       0x30 ./freertos/tasks.o
 .text.prvInitialiseTCBVariables
                0x00009f1c       0xa4 ./freertos/tasks.o
 .text.prvInitialiseTaskLists
                0x00009fc0       0x7c ./freertos/tasks.o
 .text.prvCheckTasksWaitingTermination
                0x0000a03c       0x74 ./freertos/tasks.o
 .text.prvAddCurrentTaskToDelayedList
                0x0000a0b0       0x6c ./freertos/tasks.o
 .text.prvAllocateTCBAndStack
                0x0000a11c       0x70 ./freertos/tasks.o
 .text.prvDeleteTCB
                0x0000a18c       0x20 ./freertos/tasks.o
 .text.prvResetNextTaskUnblockTime
                0x0000a1ac       0x48 ./freertos/tasks.o
 .text.xTaskGetCurrentTaskHandle
                0x0000a1f4       0x20 ./freertos/tasks.o
                0x0000a1f4                xTaskGetCurrentTaskHandle
 .text.xTaskGetSchedulerState
                0x0000a214       0x3c ./freertos/tasks.o
                0x0000a214                xTaskGetSchedulerState
 .text.vTaskPriorityInherit
                0x0000a250       0xec ./freertos/tasks.o
                0x0000a250                vTaskPriorityInherit
 .text.xTaskPriorityDisinherit
                0x0000a33c      0x108 ./freertos/tasks.o
                0x0000a33c                xTaskPriorityDisinherit
 .text.uxTaskResetEventItemValue
                0x0000a444       0x30 ./freertos/tasks.o
                0x0000a444                uxTaskResetEventItemValue
 .text.pvTaskIncrementMutexHeldCount
                0x0000a474       0x28 ./freertos/tasks.o
                0x0000a474                pvTaskIncrementMutexHeldCount
 .text.xTimerCreateTimerTask
                0x0000a49c       0x64 ./freertos/timers.o
                0x0000a49c                xTimerCreateTimerTask
 .text.xTimerGenericCommand
                0x0000a500       0xa4 ./freertos/timers.o
                0x0000a500                xTimerGenericCommand
 .text.prvProcessExpiredTimer
                0x0000a5a4       0x80 ./freertos/timers.o
 .text.prvTimerTask
                0x0000a624       0x24 ./freertos/timers.o
 .text.prvProcessTimerOrBlockTask
                0x0000a648       0x9c ./freertos/timers.o
 .text.prvGetNextExpireTime
                0x0000a6e4       0x48 ./freertos/timers.o
 .text.prvSampleTimeNow
                0x0000a72c       0x40 ./freertos/timers.o
 .text.prvInsertTimerInActiveList
                0x0000a76c       0x84 ./freertos/timers.o
 .text.prvProcessReceivedCommands
                0x0000a7f0      0x164 ./freertos/timers.o
 .text.prvSwitchTimerLists
                0x0000a954       0xc0 ./freertos/timers.o
 .text.prvCheckForValidListAndQueue
                0x0000aa14       0x8c ./freertos/timers.o
 .text.xTimerPendFunctionCallFromISR
                0x0000aaa0       0x44 ./freertos/timers.o
                0x0000aaa0                xTimerPendFunctionCallFromISR
 .text.NVIC_EnableIRQ
                0x0000aae4       0x30 ./framework/TimersManager/Source/TMR_Adapter.o
 .text.NVIC_ClearPendingIRQ
                0x0000ab14       0x34 ./framework/TimersManager/Source/TMR_Adapter.o
 .text.NVIC_SetPriority
                0x0000ab48       0x54 ./framework/TimersManager/Source/TMR_Adapter.o
 .text.FTM_StartTimer
                0x0000ab9c       0x38 ./framework/TimersManager/Source/TMR_Adapter.o
 .text.FTM_StopTimer
                0x0000abd4       0x20 ./framework/TimersManager/Source/TMR_Adapter.o
 .text.StackTimer_Init
                0x0000abf4       0x78 ./framework/TimersManager/Source/TMR_Adapter.o
                0x0000abf4                StackTimer_Init
 .text.StackTimer_Enable
                0x0000ac6c       0x18 ./framework/TimersManager/Source/TMR_Adapter.o
                0x0000ac6c                StackTimer_Enable
 .text.StackTimer_Disable
                0x0000ac84       0x14 ./framework/TimersManager/Source/TMR_Adapter.o
                0x0000ac84                StackTimer_Disable
 .text.StackTimer_GetInputFrequency
                0x0000ac98       0x24 ./framework/TimersManager/Source/TMR_Adapter.o
                0x0000ac98                StackTimer_GetInputFrequency
 .text.StackTimer_GetCounterValue
                0x0000acbc       0x18 ./framework/TimersManager/Source/TMR_Adapter.o
                0x0000acbc                StackTimer_GetCounterValue
 .text.StackTimer_SetOffsetTicks
                0x0000acd4       0x24 ./framework/TimersManager/Source/TMR_Adapter.o
                0x0000acd4                StackTimer_SetOffsetTicks
 .text.StackTimer_ClearIntFlag
                0x0000acf8       0x28 ./framework/TimersManager/Source/TMR_Adapter.o
                0x0000acf8                StackTimer_ClearIntFlag
 .text.TMR_GetTimerStatus
                0x0000ad20       0x28 ./framework/TimersManager/Source/TimersManager.o
 .text.TMR_SetTimerStatus
                0x0000ad48       0x38 ./framework/TimersManager/Source/TimersManager.o
 .text.TMR_GetTimerType
                0x0000ad80       0x28 ./framework/TimersManager/Source/TimersManager.o
 .text.TMR_SetTimerType
                0x0000ada8       0x38 ./framework/TimersManager/Source/TimersManager.o
 .text.TmrTicksFromMilliseconds
                0x0000ade0       0x50 ./framework/TimersManager/Source/TimersManager.o
                0x0000ade0                TmrTicksFromMilliseconds
 .text.TMR_Init
                0x0000ae30       0x7c ./framework/TimersManager/Source/TimersManager.o
                0x0000ae30                TMR_Init
 .text.TMR_NotifyClkChanged
                0x0000aeac       0x40 ./framework/TimersManager/Source/TimersManager.o
                0x0000aeac                TMR_NotifyClkChanged
 .text.TMR_AllocateTimer
                0x0000aeec       0x48 ./framework/TimersManager/Source/TimersManager.o
                0x0000aeec                TMR_AllocateTimer
 .text.TMR_AreAllTimersOff
                0x0000af34       0x20 ./framework/TimersManager/Source/TimersManager.o
                0x0000af34                TMR_AreAllTimersOff
 .text.StackTimer_ISR
                0x0000af54       0x1c ./framework/TimersManager/Source/TimersManager.o
 .text.TMR_IsTimerActive
                0x0000af70       0x28 ./framework/TimersManager/Source/TimersManager.o
                0x0000af70                TMR_IsTimerActive
 .text.TMR_StartTimer
                0x0000af98       0xbc ./framework/TimersManager/Source/TimersManager.o
                0x0000af98                TMR_StartTimer
 .text.TMR_StartIntervalTimer
                0x0000b054       0x2c ./framework/TimersManager/Source/TimersManager.o
                0x0000b054                TMR_StartIntervalTimer
 .text.TMR_StartSingleShotTimer
                0x0000b080       0x2c ./framework/TimersManager/Source/TimersManager.o
                0x0000b080                TMR_StartSingleShotTimer
 .text.TMR_StopTimer
                0x0000b0ac       0xc4 ./framework/TimersManager/Source/TimersManager.o
                0x0000b0ac                TMR_StopTimer
 .text.TMR_Task
                0x0000b170      0x2ec ./framework/TimersManager/Source/TimersManager.o
                0x0000b170                TMR_Task
 .text.TMR_EnableTimer
                0x0000b45c       0x78 ./framework/TimersManager/Source/TimersManager.o
                0x0000b45c                TMR_EnableTimer
 .text.SerialManager_Init
                0x0000b4d4       0x78 ./framework/SerialManager/Source/SerialManager.o
                0x0000b4d4                SerialManager_Init
 .text.SerialManagerTask
                0x0000b54c      0x134 ./framework/SerialManager/Source/SerialManager.o
                0x0000b54c                SerialManagerTask
 .text.Serial_InitInterface
                0x0000b680      0x16c ./framework/SerialManager/Source/SerialManager.o
                0x0000b680                Serial_InitInterface
 .text.Serial_AsyncWrite
                0x0000b7ec      0x15c ./framework/SerialManager/Source/SerialManager.o
                0x0000b7ec                Serial_AsyncWrite
 .text.Serial_SyncWrite
                0x0000b948       0xb4 ./framework/SerialManager/Source/SerialManager.o
                0x0000b948                Serial_SyncWrite
 .text.Serial_Read
                0x0000b9fc       0xcc ./framework/SerialManager/Source/SerialManager.o
                0x0000b9fc                Serial_Read
 .text.Serial_RxBufferByteCount
                0x0000bac8       0xc4 ./framework/SerialManager/Source/SerialManager.o
                0x0000bac8                Serial_RxBufferByteCount
 .text.Serial_SetRxCallBack
                0x0000bb8c       0x58 ./framework/SerialManager/Source/SerialManager.o
                0x0000bb8c                Serial_SetRxCallBack
 .text.Serial_SetBaudRate
                0x0000bbe4       0x6c ./framework/SerialManager/Source/SerialManager.o
                0x0000bbe4                Serial_SetBaudRate
 .text.Serial_Print
                0x0000bc50       0x60 ./framework/SerialManager/Source/SerialManager.o
                0x0000bc50                Serial_Print
 .text.Serial_PrintHex
                0x0000bcb0      0x158 ./framework/SerialManager/Source/SerialManager.o
                0x0000bcb0                Serial_PrintHex
 .text.Serial_WriteInternal
                0x0000be08       0xe8 ./framework/SerialManager/Source/SerialManager.o
 .text.SerialManager_RxNotify
                0x0000bef0       0xb0 ./framework/SerialManager/Source/SerialManager.o
                0x0000bef0                SerialManager_RxNotify
 .text.SerialManager_TxNotify
                0x0000bfa0       0xd0 ./framework/SerialManager/Source/SerialManager.o
                0x0000bfa0                SerialManager_TxNotify
 .text.Serial_TxQueueMaintenance
                0x0000c070      0x124 ./framework/SerialManager/Source/SerialManager.o
 .text.Serial_SyncTxCallback
                0x0000c194       0x1c ./framework/SerialManager/Source/SerialManager.o
 .text.Serial_UartRxCb
                0x0000c1b0       0x4c ./framework/SerialManager/Source/SerialManager.o
 .text.Serial_UartTxCb
                0x0000c1fc       0x18 ./framework/SerialManager/Source/SerialManager.o
 .text.NVIC_EnableIRQ
                0x0000c214       0x30 ./framework/SerialManager/Source/UART_Adapter.o
 .text.NVIC_SetPriority
                0x0000c244       0x54 ./framework/SerialManager/Source/UART_Adapter.o
 .text.UART_WriteByte
                0x0000c298       0x1c ./framework/SerialManager/Source/UART_Adapter.o
 .text.UART_ReadByte
                0x0000c2b4       0x1c ./framework/SerialManager/Source/UART_Adapter.o
 .text.UART_Initialize
                0x0000c2d0       0xdc ./framework/SerialManager/Source/UART_Adapter.o
                0x0000c2d0                UART_Initialize
 .text.UART_SetBaudrate
                0x0000c3ac       0x44 ./framework/SerialManager/Source/UART_Adapter.o
                0x0000c3ac                UART_SetBaudrate
 .text.UART_SendData
                0x0000c3f0       0xb0 ./framework/SerialManager/Source/UART_Adapter.o
                0x0000c3f0                UART_SendData
 .text.UART_InstallRxCalback
                0x0000c4a0       0x48 ./framework/SerialManager/Source/UART_Adapter.o
                0x0000c4a0                UART_InstallRxCalback
 .text.UART_InstallTxCalback
                0x0000c4e8       0x48 ./framework/SerialManager/Source/UART_Adapter.o
                0x0000c4e8                UART_InstallTxCalback
 .text.UART_IsTxActive
                0x0000c530       0x58 ./framework/SerialManager/Source/UART_Adapter.o
                0x0000c530                UART_IsTxActive
 .text.UART_ISR
                0x0000c588      0x148 ./framework/SerialManager/Source/UART_Adapter.o
 .text.SecLib_Init
                0x0000c6d0       0x30 ./framework/SecLib/SecLib.o
                0x0000c6d0                SecLib_Init
 .text.AES_128_Encrypt
                0x0000c700       0xc8 ./framework/SecLib/SecLib.o
                0x0000c700                AES_128_Encrypt
 .text.AES_128_CCM
                0x0000c7c8       0x68 ./framework/SecLib/SecLib.o
                0x0000c7c8                AES_128_CCM
 .text.SecLib_XorN
                0x0000c830       0x44 ./framework/SecLib/SecLib.o
                0x0000c830                SecLib_XorN
 .text.RNG_Init
                0x0000c874       0x44 ./framework/RNG/Source/RNG.o
                0x0000c874                RNG_Init
 .text.RNG_GetRandomNo
                0x0000c8b8       0x2c ./framework/RNG/Source/RNG.o
                0x0000c8b8                RNG_GetRandomNo
 .text.panic    0x0000c8e4       0x18 ./framework/Panic/Source/Panic.o
                0x0000c8e4                panic
 .text.startup_task
                0x0000c8fc       0x10 ./framework/OSAbstraction/Interface/fsl_os_abstraction_free_rtos.o
                0x0000c8fc                startup_task
 .text.OSA_TaskGetId
                0x0000c90c       0x10 ./framework/OSAbstraction/Interface/fsl_os_abstraction_free_rtos.o
                0x0000c90c                OSA_TaskGetId
 .text.OSA_TaskCreate
                0x0000c91c       0x58 ./framework/OSAbstraction/Interface/fsl_os_abstraction_free_rtos.o
                0x0000c91c                OSA_TaskCreate
 .text.OSA_SemaphoreCreate
                0x0000c974       0x1c ./framework/OSAbstraction/Interface/fsl_os_abstraction_free_rtos.o
                0x0000c974                OSA_SemaphoreCreate
 .text.OSA_SemaphoreWait
                0x0000c990       0x60 ./framework/OSAbstraction/Interface/fsl_os_abstraction_free_rtos.o
                0x0000c990                OSA_SemaphoreWait
 .text.OSA_SemaphorePost
                0x0000c9f0       0x84 ./framework/OSAbstraction/Interface/fsl_os_abstraction_free_rtos.o
                0x0000c9f0                OSA_SemaphorePost
 .text.OSA_MutexCreate
                0x0000ca74       0x18 ./framework/OSAbstraction/Interface/fsl_os_abstraction_free_rtos.o
                0x0000ca74                OSA_MutexCreate
 .text.OSA_MutexLock
                0x0000ca8c       0x78 ./framework/OSAbstraction/Interface/fsl_os_abstraction_free_rtos.o
                0x0000ca8c                OSA_MutexLock
 .text.OSA_MutexUnlock
                0x0000cb04       0x4c ./framework/OSAbstraction/Interface/fsl_os_abstraction_free_rtos.o
                0x0000cb04                OSA_MutexUnlock
 .text.OSA_EventCreate
                0x0000cb50       0x64 ./framework/OSAbstraction/Interface/fsl_os_abstraction_free_rtos.o
                0x0000cb50                OSA_EventCreate
 .text.OSA_EventSet
                0x0000cbb4       0xa4 ./framework/OSAbstraction/Interface/fsl_os_abstraction_free_rtos.o
                0x0000cbb4                OSA_EventSet
 .text.OSA_EventWait
                0x0000cc58       0xa0 ./framework/OSAbstraction/Interface/fsl_os_abstraction_free_rtos.o
                0x0000cc58                OSA_EventWait
 .text.OSA_InterruptEnable
                0x0000ccf8       0x4c ./framework/OSAbstraction/Interface/fsl_os_abstraction_free_rtos.o
                0x0000ccf8                OSA_InterruptEnable
 .text.OSA_InterruptDisable
                0x0000cd44       0x60 ./framework/OSAbstraction/Interface/fsl_os_abstraction_free_rtos.o
                0x0000cd44                OSA_InterruptDisable
 .text.OSA_InstallIntHandler
                0x0000cda4       0x20 ./framework/OSAbstraction/Interface/fsl_os_abstraction_free_rtos.o
                0x0000cda4                OSA_InstallIntHandler
 .text.main     0x0000cdc4       0x20 ./framework/OSAbstraction/Interface/fsl_os_abstraction_free_rtos.o
                0x0000cdc4                main
 .text.osObjectAlloc
                0x0000cde4       0x50 ./framework/OSAbstraction/Interface/fsl_os_abstraction_free_rtos.o
 .text.osObjectIsAllocated
                0x0000ce34       0x54 ./framework/OSAbstraction/Interface/fsl_os_abstraction_free_rtos.o
 .text.osObjectFree
                0x0000ce88       0x4c ./framework/OSAbstraction/Interface/fsl_os_abstraction_free_rtos.o
 .text.ListAddTailMsg
                0x0000ced4       0x24 ./framework/Messaging/Source/Messaging.o
                0x0000ced4                ListAddTailMsg
 .text.ListAddHeadMsg
                0x0000cef8       0x24 ./framework/Messaging/Source/Messaging.o
                0x0000cef8                ListAddHeadMsg
 .text.ListRemoveHeadMsg
                0x0000cf1c       0x28 ./framework/Messaging/Source/Messaging.o
                0x0000cf1c                ListRemoveHeadMsg
 .text.ListGetHeadMsg
                0x0000cf44       0x30 ./framework/Messaging/Source/Messaging.o
                0x0000cf44                ListGetHeadMsg
 .text.ListGetNextMsg
                0x0000cf74       0x38 ./framework/Messaging/Source/Messaging.o
                0x0000cf74                ListGetNextMsg
 .text.ListRemoveMsg
                0x0000cfac       0x20 ./framework/Messaging/Source/Messaging.o
                0x0000cfac                ListRemoveMsg
 .text.MEM_Init
                0x0000cfcc       0xbc ./framework/MemManager/Source/MemManager.o
                0x0000cfcc                MEM_Init
 .text.MEM_BufferAllocWithId
                0x0000d088       0xac ./framework/MemManager/Source/MemManager.o
                0x0000d088                MEM_BufferAllocWithId
 .text.MEM_BufferFree
                0x0000d134       0xb0 ./framework/MemManager/Source/MemManager.o
                0x0000d134                MEM_BufferFree
 .text.ListInit
                0x0000d1e4       0x30 ./framework/Lists/GenericList.o
                0x0000d1e4                ListInit
 .text.ListAddTail
                0x0000d214       0x78 ./framework/Lists/GenericList.o
                0x0000d214                ListAddTail
 .text.ListAddHead
                0x0000d28c       0x78 ./framework/Lists/GenericList.o
                0x0000d28c                ListAddHead
 .text.ListRemoveHead
                0x0000d304       0x68 ./framework/Lists/GenericList.o
                0x0000d304                ListRemoveHead
 .text.ListRemoveElement
                0x0000d36c       0x80 ./framework/Lists/GenericList.o
                0x0000d36c                ListRemoveElement
 .text.ListGetSize
                0x0000d3ec       0x18 ./framework/Lists/GenericList.o
                0x0000d3ec                ListGetSize
 .text.LED_Init
                0x0000d404       0x28 ./framework/LED/Source/LED.o
                0x0000d404                LED_Init
 .text.LED_Operate
                0x0000d42c       0x5c ./framework/LED/Source/LED.o
                0x0000d42c                LED_Operate
 .text.LED_TurnOnLed
                0x0000d488       0x1c ./framework/LED/Source/LED.o
                0x0000d488                LED_TurnOnLed
 .text.LED_TurnOffLed
                0x0000d4a4       0x1c ./framework/LED/Source/LED.o
                0x0000d4a4                LED_TurnOffLed
 .text.LED_ToggleLed
                0x0000d4c0       0x1c ./framework/LED/Source/LED.o
                0x0000d4c0                LED_ToggleLed
 .text.LED_StopFlashingAllLeds
                0x0000d4dc       0x10 ./framework/LED/Source/LED.o
                0x0000d4dc                LED_StopFlashingAllLeds
 .text.LED_StartBlip
                0x0000d4ec       0x48 ./framework/LED/Source/LED.o
                0x0000d4ec                LED_StartBlip
 .text.LED_StopFlash
                0x0000d534       0x44 ./framework/LED/Source/LED.o
                0x0000d534                LED_StopFlash
 .text.LED_SetLed
                0x0000d578       0x94 ./framework/LED/Source/LED.o
                0x0000d578                LED_SetLed
 .text.LED_StartFlashWithPeriod
                0x0000d60c       0x54 ./framework/LED/Source/LED.o
                0x0000d60c                LED_StartFlashWithPeriod
 .text.LED_StartSerialFlashWithPeriod
                0x0000d660       0x74 ./framework/LED/Source/LED.o
                0x0000d660                LED_StartSerialFlashWithPeriod
 .text.LED_StopSerialFlash
                0x0000d6d4       0x58 ./framework/LED/Source/LED.o
                0x0000d6d4                LED_StopSerialFlash
 .text.LED_GpioSet
                0x0000d72c       0x3c ./framework/LED/Source/LED.o
 .text.LED_DecrementBlip
                0x0000d768       0x78 ./framework/LED/Source/LED.o
 .text.LED_FlashTimeout
                0x0000d7e0       0x68 ./framework/LED/Source/LED.o
 .text.KbGpioInit
                0x0000d848       0x44 ./framework/Keyboard/Source/Keyboard.o
 .text.KBD_KeySwitchPortGet
                0x0000d88c       0x7c ./framework/Keyboard/Source/Keyboard.o
 .text.KBD_KeyCheck
                0x0000d908       0x88 ./framework/Keyboard/Source/Keyboard.o
 .text.KeyScan  0x0000d990      0x130 ./framework/Keyboard/Source/Keyboard.o
 .text.Switch_CheckIRQ
                0x0000dac0       0x44 ./framework/Keyboard/Source/Keyboard.o
 .text.KBD_Init
                0x0000db04       0xc0 ./framework/Keyboard/Source/Keyboard.o
                0x0000db04                KBD_Init
 .text.Switch_Press_ISR
                0x0000dbc4       0x68 ./framework/Keyboard/Source/Keyboard.o
                0x0000dbc4                Switch_Press_ISR
 .text.NVIC_EnableIRQ
                0x0000dc2c       0x30 ./framework/GPIO/Source/GPIO_Adapter.o
 .text.NVIC_ClearPendingIRQ
                0x0000dc5c       0x34 ./framework/GPIO/Source/GPIO_Adapter.o
 .text.NVIC_SetPriority
                0x0000dc90       0x54 ./framework/GPIO/Source/GPIO_Adapter.o
 .text.NVIC_GetPriority
                0x0000dce4       0x50 ./framework/GPIO/Source/GPIO_Adapter.o
 .text.GPIO_SetPinsOutput
                0x0000dd34       0x1c ./framework/GPIO/Source/GPIO_Adapter.o
 .text.GPIO_ClearPinsOutput
                0x0000dd50       0x1c ./framework/GPIO/Source/GPIO_Adapter.o
 .text.GPIO_TogglePinsOutput
                0x0000dd6c       0x1c ./framework/GPIO/Source/GPIO_Adapter.o
 .text.GPIO_ReadPinInput
                0x0000dd88       0x24 ./framework/GPIO/Source/GPIO_Adapter.o
 .text.PORT_SetPinConfig
                0x0000ddac       0x44 ./framework/GPIO/Source/GPIO_Adapter.o
 .text.PORT_SetPinMux
                0x0000ddf0       0x38 ./framework/GPIO/Source/GPIO_Adapter.o
 .text.PORT_SetPinInterruptConfig
                0x0000de28       0x38 ./framework/GPIO/Source/GPIO_Adapter.o
 .text.PORT_GetPinsInterruptFlags
                0x0000de60       0x1c ./framework/GPIO/Source/GPIO_Adapter.o
 .text.PORT_ClearPinsInterruptFlags
                0x0000de7c       0x1c ./framework/GPIO/Source/GPIO_Adapter.o
 .text.GpioSetPinInterrupt
                0x0000de98       0x34 ./framework/GPIO/Source/GPIO_Adapter.o
                0x0000de98                GpioSetPinInterrupt
 .text.GpioSetPassiveFilter
                0x0000decc       0x5c ./framework/GPIO/Source/GPIO_Adapter.o
                0x0000decc                GpioSetPassiveFilter
 .text.GpioSetPinMux
                0x0000df28       0x34 ./framework/GPIO/Source/GPIO_Adapter.o
                0x0000df28                GpioSetPinMux
 .text.GpioClearPinIntFlag
                0x0000df5c       0x30 ./framework/GPIO/Source/GPIO_Adapter.o
                0x0000df5c                GpioClearPinIntFlag
 .text.GpioIsPinIntPending
                0x0000df8c       0x38 ./framework/GPIO/Source/GPIO_Adapter.o
                0x0000df8c                GpioIsPinIntPending
 .text.GpioSetPinOutput
                0x0000dfc4       0x30 ./framework/GPIO/Source/GPIO_Adapter.o
                0x0000dfc4                GpioSetPinOutput
 .text.GpioClearPinOutput
                0x0000dff4       0x30 ./framework/GPIO/Source/GPIO_Adapter.o
                0x0000dff4                GpioClearPinOutput
 .text.GpioTogglePinOutput
                0x0000e024       0x30 ./framework/GPIO/Source/GPIO_Adapter.o
                0x0000e024                GpioTogglePinOutput
 .text.GpioReadPinInput
                0x0000e054       0x30 ./framework/GPIO/Source/GPIO_Adapter.o
                0x0000e054                GpioReadPinInput
 .text.GpioInputPinInit
                0x0000e084       0xfc ./framework/GPIO/Source/GPIO_Adapter.o
                0x0000e084                GpioInputPinInit
 .text.GpioOutputPinInit
                0x0000e180       0xe4 ./framework/GPIO/Source/GPIO_Adapter.o
                0x0000e180                GpioOutputPinInit
 .text.GpioInstallIsr
                0x0000e264      0x238 ./framework/GPIO/Source/GPIO_Adapter.o
                0x0000e264                GpioInstallIsr
 .text.Gpio_CommonIsr
                0x0000e49c       0xa8 ./framework/GPIO/Source/GPIO_Adapter.o
 .text.Gpio_InstallPortISR
                0x0000e544       0x54 ./framework/GPIO/Source/GPIO_Adapter.o
 .text.FLib_MemCpy
                0x0000e598       0x38 ./framework/FunctionLib/FunctionLib.o
                0x0000e598                FLib_MemCpy
 .text.FLib_MemCpyReverseOrder
                0x0000e5d0       0x48 ./framework/FunctionLib/FunctionLib.o
                0x0000e5d0                FLib_MemCpyReverseOrder
 .text.FLib_MemCmp
                0x0000e618       0x4c ./framework/FunctionLib/FunctionLib.o
                0x0000e618                FLib_MemCmp
 .text.FLib_MemSet
                0x0000e664       0x30 ./framework/FunctionLib/FunctionLib.o
                0x0000e664                FLib_MemSet
 .text.CLOCK_EnableClock
                0x0000e694       0x34 ./drivers/fsl_clock.o
 .text.CLOCK_DisableClock
                0x0000e6c8       0x38 ./drivers/fsl_clock.o
 .text.CLOCK_SetEr32kClock
                0x0000e700       0x2c ./drivers/fsl_clock.o
 .text.CLOCK_SetPllFllSelClock
                0x0000e72c       0x38 ./drivers/fsl_clock.o
 .text.OSC_SetExtRefClkConfig
                0x0000e764       0x34 ./drivers/fsl_clock.o
 .text.OSC_SetCapLoad
                0x0000e798       0x34 ./drivers/fsl_clock.o
 .text.CLOCK_GetMcgExtClkFreq
                0x0000e7cc       0x8c ./drivers/fsl_clock.o
 .text.CLOCK_GetFllExtRefClkFreq
                0x0000e858       0xc8 ./drivers/fsl_clock.o
 .text.CLOCK_GetInternalRefClkSelectFreq
                0x0000e920       0x44 ./drivers/fsl_clock.o
 .text.CLOCK_GetFllRefClkFreq
                0x0000e964       0x2c ./drivers/fsl_clock.o
 .text.CLOCK_GetPll0RefFreq
                0x0000e990       0x10 ./drivers/fsl_clock.o
 .text.CLOCK_GetOscRangeFromFreq
                0x0000e9a0       0x3c ./drivers/fsl_clock.o
 .text.CLOCK_GetOsc0ErClkFreq
                0x0000e9dc       0x48 ./drivers/fsl_clock.o
                0x0000e9dc                CLOCK_GetOsc0ErClkFreq
 .text.CLOCK_GetEr32kClkFreq
                0x0000ea24       0x80 ./drivers/fsl_clock.o
                0x0000ea24                CLOCK_GetEr32kClkFreq
 .text.CLOCK_GetPllFllSelClkFreq
                0x0000eaa4       0x54 ./drivers/fsl_clock.o
                0x0000eaa4                CLOCK_GetPllFllSelClkFreq
 .text.CLOCK_GetFreq
                0x0000eaf8      0x144 ./drivers/fsl_clock.o
                0x0000eaf8                CLOCK_GetFreq
 .text.CLOCK_SetSimConfig
                0x0000ec3c       0x34 ./drivers/fsl_clock.o
                0x0000ec3c                CLOCK_SetSimConfig
 .text.CLOCK_EnableUsbfs0Clock
                0x0000ec70      0x100 ./drivers/fsl_clock.o
                0x0000ec70                CLOCK_EnableUsbfs0Clock
 .text.CLOCK_GetOutClkFreq
                0x0000ed70       0x64 ./drivers/fsl_clock.o
                0x0000ed70                CLOCK_GetOutClkFreq
 .text.CLOCK_GetFllFreq
                0x0000edd4       0x74 ./drivers/fsl_clock.o
                0x0000edd4                CLOCK_GetFllFreq
 .text.CLOCK_GetInternalRefClkFreq
                0x0000ee48       0x24 ./drivers/fsl_clock.o
                0x0000ee48                CLOCK_GetInternalRefClkFreq
 .text.CLOCK_GetFixedFreqClkFreq
                0x0000ee6c       0x30 ./drivers/fsl_clock.o
                0x0000ee6c                CLOCK_GetFixedFreqClkFreq
 .text.CLOCK_GetPll0Freq
                0x0000ee9c       0x78 ./drivers/fsl_clock.o
                0x0000ee9c                CLOCK_GetPll0Freq
 .text.CLOCK_SetExternalRefClkConfig
                0x0000ef14       0x90 ./drivers/fsl_clock.o
                0x0000ef14                CLOCK_SetExternalRefClkConfig
 .text.CLOCK_SetInternalRefClkConfig
                0x0000efa4      0x104 ./drivers/fsl_clock.o
                0x0000efa4                CLOCK_SetInternalRefClkConfig
 .text.CLOCK_EnablePll0
                0x0000f0a8       0x94 ./drivers/fsl_clock.o
                0x0000f0a8                CLOCK_EnablePll0
 .text.CLOCK_InitOsc0
                0x0000f13c       0x8c ./drivers/fsl_clock.o
                0x0000f13c                CLOCK_InitOsc0
 .text.CLOCK_SetPbeMode
                0x0000f1c8       0x98 ./drivers/fsl_clock.o
                0x0000f1c8                CLOCK_SetPbeMode
 .text.CLOCK_BootToPeeMode
                0x0000f260       0x74 ./drivers/fsl_clock.o
                0x0000f260                CLOCK_BootToPeeMode
 .text.__assert_func
                0x0000f2d4       0x28 ./drivers/fsl_common.o
                0x0000f2d4                __assert_func
 .text.InstallIRQHandler
                0x0000f2fc       0x74 ./drivers/fsl_common.o
                0x0000f2fc                InstallIRQHandler
 .text.CLOCK_EnableClock
                0x0000f370       0x34 ./drivers/fsl_dspi.o
 .text.DSPI_Enable
                0x0000f3a4       0x38 ./drivers/fsl_dspi.o
 .text.DSPI_GetStatusFlags
                0x0000f3dc       0x18 ./drivers/fsl_dspi.o
 .text.DSPI_ClearStatusFlags
                0x0000f3f4       0x1c ./drivers/fsl_dspi.o
 .text.DSPI_SetMasterSlaveMode
                0x0000f410       0x28 ./drivers/fsl_dspi.o
 .text.DSPI_IsMaster
                0x0000f438       0x1c ./drivers/fsl_dspi.o
 .text.DSPI_StartTransfer
                0x0000f454       0x20 ./drivers/fsl_dspi.o
 .text.DSPI_StopTransfer
                0x0000f474       0x20 ./drivers/fsl_dspi.o
 .text.DSPI_GetInstance
                0x0000f494       0x58 ./drivers/fsl_dspi.o
                0x0000f494                DSPI_GetInstance
 .text.DSPI_MasterInit
                0x0000f4ec      0x16c ./drivers/fsl_dspi.o
                0x0000f4ec                DSPI_MasterInit
 .text.DSPI_MasterGetDefaultConfig
                0x0000f658       0x7c ./drivers/fsl_dspi.o
                0x0000f658                DSPI_MasterGetDefaultConfig
 .text.DSPI_SetOnePcsPolarity
                0x0000f6d4       0x4c ./drivers/fsl_dspi.o
 .text.DSPI_MasterSetBaudRate
                0x0000f720      0x120 ./drivers/fsl_dspi.o
                0x0000f720                DSPI_MasterSetBaudRate
 .text.DSPI_MasterSetDelayScaler
                0x0000f840       0xd0 ./drivers/fsl_dspi.o
                0x0000f840                DSPI_MasterSetDelayScaler
 .text.DSPI_MasterSetDelayTimes
                0x0000f910      0x12c ./drivers/fsl_dspi.o
                0x0000f910                DSPI_MasterSetDelayTimes
 .text.DSPI_GetDefaultDataCommandConfig
                0x0000fa3c       0x30 ./drivers/fsl_dspi.o
                0x0000fa3c                DSPI_GetDefaultDataCommandConfig
 .text.DSPI_MasterWriteCommandDataBlocking
                0x0000fa6c       0x54 ./drivers/fsl_dspi.o
                0x0000fa6c                DSPI_MasterWriteCommandDataBlocking
 .text.DSPI_CommonIRQHandler
                0x0000fac0       0x3c ./drivers/fsl_dspi.o
 .text.SPI0_DriverIRQHandler
                0x0000fafc       0x3c ./drivers/fsl_dspi.o
                0x0000fafc                SPI0_DriverIRQHandler
 .text.SPI1_DriverIRQHandler
                0x0000fb38       0x3c ./drivers/fsl_dspi.o
                0x0000fb38                SPI1_DriverIRQHandler
 .text.SPI2_DriverIRQHandler
                0x0000fb74       0x3c ./drivers/fsl_dspi.o
                0x0000fb74                SPI2_DriverIRQHandler
 .text.CLOCK_EnableClock
                0x0000fbb0       0x34 ./drivers/fsl_ftm.o
 .text.FTM_GetInstance
                0x0000fbe4       0x60 ./drivers/fsl_ftm.o
 .text.FTM_SetPwmSync
                0x0000fc44      0x118 ./drivers/fsl_ftm.o
 .text.FTM_SetReloadPoints
                0x0000fd5c      0x170 ./drivers/fsl_ftm.o
 .text.FTM_Init
                0x0000fecc      0x100 ./drivers/fsl_ftm.o
                0x0000fecc                FTM_Init
 .text.FTM_SetupOutputCompare
                0x0000ffcc       0x9c ./drivers/fsl_ftm.o
                0x0000ffcc                FTM_SetupOutputCompare
 .text.FTM_EnableInterrupts
                0x00010068       0x88 ./drivers/fsl_ftm.o
                0x00010068                FTM_EnableInterrupts
 .text.FTM_GetStatusFlags
                0x000100f0       0x64 ./drivers/fsl_ftm.o
                0x000100f0                FTM_GetStatusFlags
 .text.FTM_ClearStatusFlags
                0x00010154       0x68 ./drivers/fsl_ftm.o
                0x00010154                FTM_ClearStatusFlags
 .text.GPIO_WritePinOutput
                0x000101bc       0x3c ./drivers/fsl_gpio.o
 .text.GPIO_PinInit
                0x000101f8       0x70 ./drivers/fsl_gpio.o
                0x000101f8                GPIO_PinInit
 .text.I2C_TransferCommonIRQHandler
                0x00010268       0x4c ./drivers/fsl_i2c.o
 .text.I2C0_DriverIRQHandler
                0x000102b4       0x1c ./drivers/fsl_i2c.o
                0x000102b4                I2C0_DriverIRQHandler
 .text.I2C1_DriverIRQHandler
                0x000102d0       0x1c ./drivers/fsl_i2c.o
                0x000102d0                I2C1_DriverIRQHandler
 .text.I2C2_DriverIRQHandler
                0x000102ec       0x1c ./drivers/fsl_i2c.o
                0x000102ec                I2C2_DriverIRQHandler
 .text.CLOCK_EnableClock
                0x00010308       0x34 ./drivers/fsl_rnga.o
 .text.CLOCK_DisableClock
                0x0001033c       0x38 ./drivers/fsl_rnga.o
 .text.RNGA_Init
                0x00010374       0x38 ./drivers/fsl_rnga.o
                0x00010374                RNGA_Init
 .text.rnga_ReadEntropy
                0x000103ac       0x38 ./drivers/fsl_rnga.o
 .text.RNGA_GetRandomData
                0x000103e4       0x88 ./drivers/fsl_rnga.o
                0x000103e4                RNGA_GetRandomData
 .text.RNGA_GetMode
                0x0001046c       0x20 ./drivers/fsl_rnga.o
                0x0001046c                RNGA_GetMode
 .text.CLOCK_EnableClock
                0x0001048c       0x34 ./drivers/fsl_uart.o
 .text.UART_GetInstance
                0x000104c0       0x60 ./drivers/fsl_uart.o
                0x000104c0                UART_GetInstance
 .text.UART_Init
                0x00010520      0x2bc ./drivers/fsl_uart.o
                0x00010520                UART_Init
 .text.UART_GetDefaultConfig
                0x000107dc       0x5c ./drivers/fsl_uart.o
                0x000107dc                UART_GetDefaultConfig
 .text.UART_SetBaudRate
                0x00010838      0x108 ./drivers/fsl_uart.o
                0x00010838                UART_SetBaudRate
 .text.UART_EnableInterrupts
                0x00010940       0x70 ./drivers/fsl_uart.o
                0x00010940                UART_EnableInterrupts
 .text.UART_DisableInterrupts
                0x000109b0       0x80 ./drivers/fsl_uart.o
                0x000109b0                UART_DisableInterrupts
 .text.UART_GetEnabledInterrupts
                0x00010a30       0x4c ./drivers/fsl_uart.o
                0x00010a30                UART_GetEnabledInterrupts
 .text.UART_GetStatusFlags
                0x00010a7c       0x48 ./drivers/fsl_uart.o
                0x00010a7c                UART_GetStatusFlags
 .text.UART_ClearStatusFlags
                0x00010ac4       0x8c ./drivers/fsl_uart.o
                0x00010ac4                UART_ClearStatusFlags
 .text.UART0_DriverIRQHandler
                0x00010b50       0x20 ./drivers/fsl_uart.o
                0x00010b50                UART0_DriverIRQHandler
 .text.UART0_RX_TX_DriverIRQHandler
                0x00010b70        0xc ./drivers/fsl_uart.o
                0x00010b70                UART0_RX_TX_DriverIRQHandler
 .text.UART1_DriverIRQHandler
                0x00010b7c       0x20 ./drivers/fsl_uart.o
                0x00010b7c                UART1_DriverIRQHandler
 .text.UART1_RX_TX_DriverIRQHandler
                0x00010b9c        0xc ./drivers/fsl_uart.o
                0x00010b9c                UART1_RX_TX_DriverIRQHandler
 .text.UART2_DriverIRQHandler
                0x00010ba8       0x20 ./drivers/fsl_uart.o
                0x00010ba8                UART2_DriverIRQHandler
 .text.UART2_RX_TX_DriverIRQHandler
                0x00010bc8        0xc ./drivers/fsl_uart.o
                0x00010bc8                UART2_RX_TX_DriverIRQHandler
 .text.UART3_DriverIRQHandler
                0x00010bd4       0x20 ./drivers/fsl_uart.o
                0x00010bd4                UART3_DriverIRQHandler
 .text.UART3_RX_TX_DriverIRQHandler
                0x00010bf4        0xc ./drivers/fsl_uart.o
                0x00010bf4                UART3_RX_TX_DriverIRQHandler
 .text.UART4_DriverIRQHandler
                0x00010c00       0x20 ./drivers/fsl_uart.o
                0x00010c00                UART4_DriverIRQHandler
 .text.UART4_RX_TX_DriverIRQHandler
                0x00010c20        0xc ./drivers/fsl_uart.o
                0x00010c20                UART4_RX_TX_DriverIRQHandler
 .text.UART5_DriverIRQHandler
                0x00010c2c       0x20 ./drivers/fsl_uart.o
                0x00010c2c                UART5_DriverIRQHandler
 .text.UART5_RX_TX_DriverIRQHandler
                0x00010c4c        0xc ./drivers/fsl_uart.o
                0x00010c4c                UART5_RX_TX_DriverIRQHandler
 .text.BOARD_GetUartClock
                0x00010c58       0x18 ./board/board.o
                0x00010c58                BOARD_GetUartClock
 .text.BOARD_GetFtmClock
                0x00010c70       0x18 ./board/board.o
                0x00010c70                BOARD_GetFtmClock
 .text.BOARD_GetSpiClock
                0x00010c88       0x18 ./board/board.o
                0x00010c88                BOARD_GetSpiClock
 .text.CLOCK_SetSdhc0Clock
                0x00010ca0       0x38 ./board/clock_config.o
 .text.CLOCK_SetEnetTime0Clock
                0x00010cd8       0x38 ./board/clock_config.o
 .text.CLOCK_SetRmii0Clock
                0x00010d10       0x38 ./board/clock_config.o
 .text.CLOCK_SetTraceClock
                0x00010d48       0x38 ./board/clock_config.o
 .text.CLOCK_SetClkOutClock
                0x00010d80       0x38 ./board/clock_config.o
 .text.CLOCK_SetSimSafeDivs
                0x00010db8       0x20 ./board/clock_config.o
 .text.CLOCK_SetXtal0Freq
                0x00010dd8       0x1c ./board/clock_config.o
 .text.CLOCK_CONFIG_SetFllExtRefDiv
                0x00010df4       0x38 ./board/clock_config.o
 .text.BOARD_BootClockRUN
                0x00010e2c       0x88 ./board/clock_config.o
                0x00010e2c                BOARD_BootClockRUN
 .text.CLOCK_EnableClock
                0x00010eb4       0x34 ./board/hardware_init.o
 .text.hardware_init
                0x00010ee8       0x94 ./board/hardware_init.o
                0x00010ee8                hardware_init
 .text.NMI_Handler
                0x00010f7c       0x1c ./board/hardware_init.o
                0x00010f7c                NMI_Handler
 .text.CLOCK_EnableClock
                0x00010f98       0x34 ./board/pin_mux.o
 .text.PORT_SetPinConfig
                0x00010fcc       0x44 ./board/pin_mux.o
 .text.PORT_SetPinMux
                0x00011010       0x38 ./board/pin_mux.o
 .text.BOARD_InitButtons
                0x00011048       0xc4 ./board/pin_mux.o
                0x00011048                BOARD_InitButtons
 .text.BOARD_InitLEDs
                0x0001110c      0x10c ./board/pin_mux.o
                0x0001110c                BOARD_InitLEDs
 .text.BOARD_InitXCVR
                0x00011218       0x8c ./board/pin_mux.o
                0x00011218                BOARD_InitXCVR
 .text.BOARD_InitUART
                0x000112a4       0x68 ./board/pin_mux.o
                0x000112a4                BOARD_InitUART
 .text.Mac_ComputeMaxFrameTotalWaitTime
                0x0001130c       0x5a C:/Repos/Conn_Wireless/EDF/boards/frdmk64f_frdmcr20a/wireless_examples/ieee_802_15_4/msn_end_device/freertos/kds/../../../../../../../middleware/wireless/ieee_802_15_4_5.0.5/mac/lib/802.15.4_mac_06_cM4.a(MacPib.o)
 *fill*         0x00011366        0x2 
 .text.Mac_GetNextFreeDevTblEntry.isra.0
                0x00011368       0x24 C:/Repos/Conn_Wireless/EDF/boards/frdmk64f_frdmcr20a/wireless_examples/ieee_802_15_4/msn_end_device/freertos/kds/../../../../../../../middleware/wireless/ieee_802_15_4_5.0.5/mac/lib/802.15.4_mac_06_cM4.a(MacPib.o)
 .text.macVerifySetReq
                0x0001138c       0xe4 C:/Repos/Conn_Wireless/EDF/boards/frdmk64f_frdmcr20a/wireless_examples/ieee_802_15_4/msn_end_device/freertos/kds/../../../../../../../middleware/wireless/ieee_802_15_4_5.0.5/mac/lib/802.15.4_mac_06_cM4.a(MacPib.o)
                0x0001138c                macVerifySetReq
 .text.mlmeGetSizeOfPIB
                0x00011470       0x14 C:/Repos/Conn_Wireless/EDF/boards/frdmk64f_frdmcr20a/wireless_examples/ieee_802_15_4/msn_end_device/freertos/kds/../../../../../../../middleware/wireless/ieee_802_15_4_5.0.5/mac/lib/802.15.4_mac_06_cM4.a(MacPib.o)
                0x00011470                mlmeGetSizeOfPIB
 .text.mlmeGetSetReq
                0x00011484      0x600 C:/Repos/Conn_Wireless/EDF/boards/frdmk64f_frdmcr20a/wireless_examples/ieee_802_15_4/msn_end_device/freertos/kds/../../../../../../../middleware/wireless/ieee_802_15_4_5.0.5/mac/lib/802.15.4_mac_06_cM4.a(MacPib.o)
                0x00011484                mlmeGetSetReq
 .text.Mac_SetPhyPIBs
                0x00011a84      0x14e C:/Repos/Conn_Wireless/EDF/boards/frdmk64f_frdmcr20a/wireless_examples/ieee_802_15_4/msn_end_device/freertos/kds/../../../../../../../middleware/wireless/ieee_802_15_4_5.0.5/mac/lib/802.15.4_mac_06_cM4.a(MacPib.o)
                0x00011a84                Mac_SetPhyPIBs
 *fill*         0x00011bd2        0x2 
 .text.macInitPIBs
                0x00011bd4      0x31c C:/Repos/Conn_Wireless/EDF/boards/frdmk64f_frdmcr20a/wireless_examples/ieee_802_15_4/msn_end_device/freertos/kds/../../../../../../../middleware/wireless/ieee_802_15_4_5.0.5/mac/lib/802.15.4_mac_06_cM4.a(MacPib.o)
                0x00011bd4                macInitPIBs
 .text.Mac_SetExtendedAddress
                0x00011ef0       0x38 C:/Repos/Conn_Wireless/EDF/boards/frdmk64f_frdmcr20a/wireless_examples/ieee_802_15_4/msn_end_device/freertos/kds/../../../../../../../middleware/wireless/ieee_802_15_4_5.0.5/mac/lib/802.15.4_mac_06_cM4.a(MacPib.o)
                0x00011ef0                Mac_SetExtendedAddress
 .text.Dumy_MCPS_NWK_SapHandler
                0x00011f28        0xa C:/Repos/Conn_Wireless/EDF/boards/frdmk64f_frdmcr20a/wireless_examples/ieee_802_15_4/msn_end_device/freertos/kds/../../../../../../../middleware/wireless/ieee_802_15_4_5.0.5/mac/lib/802.15.4_mac_06_cM4.a(MacMain.o)
                0x00011f28                Dumy_MCPS_NWK_SapHandler
 .text.Dumy_MLME_NWK_SapHandler
                0x00011f32        0xa C:/Repos/Conn_Wireless/EDF/boards/frdmk64f_frdmcr20a/wireless_examples/ieee_802_15_4/msn_end_device/freertos/kds/../../../../../../../middleware/wireless/ieee_802_15_4_5.0.5/mac/lib/802.15.4_mac_06_cM4.a(MacMain.o)
                0x00011f32                Dumy_MLME_NWK_SapHandler
 .text.BindToMAC
                0x00011f3c       0x34 C:/Repos/Conn_Wireless/EDF/boards/frdmk64f_frdmcr20a/wireless_examples/ieee_802_15_4/msn_end_device/freertos/kds/../../../../../../../middleware/wireless/ieee_802_15_4_5.0.5/mac/lib/802.15.4_mac_06_cM4.a(MacMain.o)
                0x00011f3c                BindToMAC
 .text.MAC_EventSet
                0x00011f70       0x34 C:/Repos/Conn_Wireless/EDF/boards/frdmk64f_frdmcr20a/wireless_examples/ieee_802_15_4/msn_end_device/freertos/kds/../../../../../../../middleware/wireless/ieee_802_15_4_5.0.5/mac/lib/802.15.4_mac_06_cM4.a(MacMain.o)
                0x00011f70                MAC_EventSet
 .text.Mac_TimerNotify
                0x00011fa4        0x8 C:/Repos/Conn_Wireless/EDF/boards/frdmk64f_frdmcr20a/wireless_examples/ieee_802_15_4/msn_end_device/freertos/kds/../../../../../../../middleware/wireless/ieee_802_15_4_5.0.5/mac/lib/802.15.4_mac_06_cM4.a(MacMain.o)
 .text.PD_MAC_SapHandler
                0x00011fac       0x28 C:/Repos/Conn_Wireless/EDF/boards/frdmk64f_frdmcr20a/wireless_examples/ieee_802_15_4/msn_end_device/freertos/kds/../../../../../../../middleware/wireless/ieee_802_15_4_5.0.5/mac/lib/802.15.4_mac_06_cM4.a(MacMain.o)
                0x00011fac                PD_MAC_SapHandler
 .text.PLME_MAC_SapHandler
                0x00011fd4        0x4 C:/Repos/Conn_Wireless/EDF/boards/frdmk64f_frdmcr20a/wireless_examples/ieee_802_15_4/msn_end_device/freertos/kds/../../../../../../../middleware/wireless/ieee_802_15_4_5.0.5/mac/lib/802.15.4_mac_06_cM4.a(MacMain.o)
                0x00011fd4                PLME_MAC_SapHandler
 .text.Mac_RegisterSapHandlers
                0x00011fd8       0x18 C:/Repos/Conn_Wireless/EDF/boards/frdmk64f_frdmcr20a/wireless_examples/ieee_802_15_4/msn_end_device/freertos/kds/../../../../../../../middleware/wireless/ieee_802_15_4_5.0.5/mac/lib/802.15.4_mac_06_cM4.a(MacMain.o)
                0x00011fd8                Mac_RegisterSapHandlers
 .text.NWK_MCPS_SapHandler
                0x00011ff0       0x60 C:/Repos/Conn_Wireless/EDF/boards/frdmk64f_frdmcr20a/wireless_examples/ieee_802_15_4/msn_end_device/freertos/kds/../../../../../../../middleware/wireless/ieee_802_15_4_5.0.5/mac/lib/802.15.4_mac_06_cM4.a(MacMain.o)
                0x00011ff0                NWK_MCPS_SapHandler
 .text.Mlme_VerifyNwkInput
                0x00012050       0xe0 C:/Repos/Conn_Wireless/EDF/boards/frdmk64f_frdmcr20a/wireless_examples/ieee_802_15_4/msn_end_device/freertos/kds/../../../../../../../middleware/wireless/ieee_802_15_4_5.0.5/mac/lib/802.15.4_mac_06_cM4.a(MacMain.o)
                0x00012050                Mlme_VerifyNwkInput
 .text.Mac_SetTrxLowPowerMode
                0x00012130       0x34 C:/Repos/Conn_Wireless/EDF/boards/frdmk64f_frdmcr20a/wireless_examples/ieee_802_15_4/msn_end_device/freertos/kds/../../../../../../../middleware/wireless/ieee_802_15_4_5.0.5/mac/lib/802.15.4_mac_06_cM4.a(MacMain.o)
                0x00012130                Mac_SetTrxLowPowerMode
 .text.Mac_SetTrxActiveMode
                0x00012164       0x24 C:/Repos/Conn_Wireless/EDF/boards/frdmk64f_frdmcr20a/wireless_examples/ieee_802_15_4/msn_end_device/freertos/kds/../../../../../../../middleware/wireless/ieee_802_15_4_5.0.5/mac/lib/802.15.4_mac_06_cM4.a(MacMain.o)
                0x00012164                Mac_SetTrxActiveMode
 .text.Mac_Task
                0x00012188       0xfc C:/Repos/Conn_Wireless/EDF/boards/frdmk64f_frdmcr20a/wireless_examples/ieee_802_15_4/msn_end_device/freertos/kds/../../../../../../../middleware/wireless/ieee_802_15_4_5.0.5/mac/lib/802.15.4_mac_06_cM4.a(MacMain.o)
                0x00012188                Mac_Task
 .text.Mac_InitializeData
                0x00012284       0xc4 C:/Repos/Conn_Wireless/EDF/boards/frdmk64f_frdmcr20a/wireless_examples/ieee_802_15_4/msn_end_device/freertos/kds/../../../../../../../middleware/wireless/ieee_802_15_4_5.0.5/mac/lib/802.15.4_mac_06_cM4.a(MacMain.o)
                0x00012284                Mac_InitializeData
 .text.NWK_MLME_SapHandler
                0x00012348       0xb8 C:/Repos/Conn_Wireless/EDF/boards/frdmk64f_frdmcr20a/wireless_examples/ieee_802_15_4/msn_end_device/freertos/kds/../../../../../../../middleware/wireless/ieee_802_15_4_5.0.5/mac/lib/802.15.4_mac_06_cM4.a(MacMain.o)
                0x00012348                NWK_MLME_SapHandler
 .text.Mac_TransactionExpire
                0x00012400        0xa C:/Repos/Conn_Wireless/EDF/boards/frdmk64f_frdmcr20a/wireless_examples/ieee_802_15_4/msn_end_device/freertos/kds/../../../../../../../middleware/wireless/ieee_802_15_4_5.0.5/mac/lib/802.15.4_mac_06_cM4.a(MacStateMachine.o)
                0x00012400                Mac_TransactionExpire
 *fill*         0x0001240a        0x2 
 .text.Mac_IndirectTxHandle
                0x0001240c      0x208 C:/Repos/Conn_Wireless/EDF/boards/frdmk64f_frdmcr20a/wireless_examples/ieee_802_15_4/msn_end_device/freertos/kds/../../../../../../../middleware/wireless/ieee_802_15_4_5.0.5/mac/lib/802.15.4_mac_06_cM4.a(MacStateMachine.o)
 .text.Mac_PhyMsgHandler
                0x00012614       0xac C:/Repos/Conn_Wireless/EDF/boards/frdmk64f_frdmcr20a/wireless_examples/ieee_802_15_4/msn_end_device/freertos/kds/../../../../../../../middleware/wireless/ieee_802_15_4_5.0.5/mac/lib/802.15.4_mac_06_cM4.a(MacStateMachine.o)
                0x00012614                Mac_PhyMsgHandler
 .text.Mac_McpsDataReqHandle
                0x000126c0       0x6c C:/Repos/Conn_Wireless/EDF/boards/frdmk64f_frdmcr20a/wireless_examples/ieee_802_15_4/msn_end_device/freertos/kds/../../../../../../../middleware/wireless/ieee_802_15_4_5.0.5/mac/lib/802.15.4_mac_06_cM4.a(MacStateMachine.o)
                0x000126c0                Mac_McpsDataReqHandle
 .text.Mac_NwkMsgHandler
                0x0001272c      0x220 C:/Repos/Conn_Wireless/EDF/boards/frdmk64f_frdmcr20a/wireless_examples/ieee_802_15_4/msn_end_device/freertos/kds/../../../../../../../middleware/wireless/ieee_802_15_4_5.0.5/mac/lib/802.15.4_mac_06_cM4.a(MacStateMachine.o)
                0x0001272c                Mac_NwkMsgHandler
 .text.Association_TriggerPoll