Archive member included because of file (symbol)

C:/Repos/Conn_Wireless/EDF/boards/frdmk64f_frdmcr20a/wireless_examples/ieee_802_15_4/msn_end_device/freertos/kds/../../../../../../../middleware/mmcau_2.0.0/asm-cm4-cm7/lib_mmcau.a(mmcau_aes_functions.o)
                              ./mmcau/mmcau_source/fsl_mmcau.o (mmcau_aes_set_key)
C:/Repos/Conn_Wireless/EDF/boards/frdmk64f_frdmcr20a/wireless_examples/ieee_802_15_4/msn_end_device/freertos/kds/../../../../../../../middleware/mmcau_2.0.0/asm-cm4-cm7/lib_mmcau.a(mmcau_des_functions.o)
                              ./mmcau/mmcau_source/fsl_mmcau.o (mmcau_des_chk_parity)
C:/Repos/Conn_Wireless/EDF/boards/frdmk64f_frdmcr20a/wireless_examples/ieee_802_15_4/msn_end_device/freertos/kds/../../../../../../../middleware/mmcau_2.0.0/asm-cm4-cm7/lib_mmcau.a(mmcau_md5_functions.o)
                              ./mmcau/mmcau_source/fsl_mmcau.o (mmcau_md5_initialize_output)
C:/Repos/Conn_Wireless/EDF/boards/frdmk64f_frdmcr20a/wireless_examples/ieee_802_15_4/msn_end_device/freertos/kds/../../../../../../../middleware/mmcau_2.0.0/asm-cm4-cm7/lib_mmcau.a(mmcau_sha1_functions.o)
                              ./mmcau/mmcau_source/fsl_mmcau.o (mmcau_sha1_initialize_output)
C:/Repos/Conn_Wireless/EDF/boards/frdmk64f_frdmcr20a/wireless_examples/ieee_802_15_4/msn_end_device/freertos/kds/../../../../../../../middleware/mmcau_2.0.0/asm-cm4-cm7/lib_mmcau.a(mmcau_sha256_functions.o)
                              ./mmcau/mmcau_source/fsl_mmcau.o (mmcau_sha256_initialize_output)
C:/Repos/Conn_Wireless/EDF/boards/frdmk64f_frdmcr20a/wireless_examples/ieee_802_15_4/msn_end_device/freertos/kds/../../../../../../../middleware/wireless/ieee_802_15_4_5.0.5/mac/lib/802.15.4_mac_06_cM4.a(MacPib.o)
                              ./source/msn_end_device.o (Mac_SetExtendedAddress)
C:/Repos/Conn_Wireless/EDF/boards/frdmk64f_frdmcr20a/wireless_examples/ieee_802_15_4/msn_end_device/freertos/kds/../../../../../../../middleware/wireless/ieee_802_15_4_5.0.5/mac/lib/802.15.4_mac_06_cM4.a(MacMain.o)
                              ./source/msn_end_device.o (BindToMAC)
C:/Repos/Conn_Wireless/EDF/boards/frdmk64f_frdmcr20a/wireless_examples/ieee_802_15_4/msn_end_device/freertos/kds/../../../../../../../middleware/wireless/ieee_802_15_4_5.0.5/mac/lib/802.15.4_mac_06_cM4.a(MacStateMachine.o)
                              C:/Repos/Conn_Wireless/EDF/boards/frdmk64f_frdmcr20a/wireless_examples/ieee_802_15_4/msn_end_device/freertos/kds/../../../../../../../middleware/wireless/ieee_802_15_4_5.0.5/mac/lib/802.15.4_mac_06_cM4.a(MacMain.o) (Mac_PhyMsgHandler)
C:/Repos/Conn_Wireless/EDF/boards/frdmk64f_frdmcr20a/wireless_examples/ieee_802_15_4/msn_end_device/freertos/kds/../../../../../../../middleware/wireless/ieee_802_15_4_5.0.5/mac/lib/802.15.4_mac_06_cM4.a(Association.o)
                              C:/Repos/Conn_Wireless/EDF/boards/frdmk64f_frdmcr20a/wireless_examples/ieee_802_15_4/msn_end_device/freertos/kds/../../../../../../../middleware/wireless/ieee_802_15_4_5.0.5/mac/lib/802.15.4_mac_06_cM4.a(MacMain.o) (Association_VerifyParameters)
C:/Repos/Conn_Wireless/EDF/boards/frdmk64f_frdmcr20a/wireless_examples/ieee_802_15_4/msn_end_device/freertos/kds/../../../../../../../middleware/wireless/ieee_802_15_4_5.0.5/mac/lib/802.15.4_mac_06_cM4.a(DataRx.o)
                              C:/Repos/Conn_Wireless/EDF/boards/frdmk64f_frdmcr20a/wireless_examples/ieee_802_15_4/msn_end_device/freertos/kds/../../../../../../../middleware/wireless/ieee_802_15_4_5.0.5/mac/lib/802.15.4_mac_06_cM4.a(MacStateMachine.o) (Mac_CreateMlmeCommStatusInd)
C:/Repos/Conn_Wireless/EDF/boards/frdmk64f_frdmcr20a/wireless_examples/ieee_802_15_4/msn_end_device/freertos/kds/../../../../../../../middleware/wireless/ieee_802_15_4_5.0.5/mac/lib/802.15.4_mac_06_cM4.a(DataTx.o)
                              C:/Repos/Conn_Wireless/EDF/boards/frdmk64f_frdmcr20a/wireless_examples/ieee_802_15_4/msn_end_device/freertos/kds/../../../../../../../middleware/wireless/ieee_802_15_4_5.0.5/mac/lib/802.15.4_mac_06_cM4.a(MacMain.o) (DataTx_SendData)
C:/Repos/Conn_Wireless/EDF/boards/frdmk64f_frdmcr20a/wireless_examples/ieee_802_15_4/msn_end_device/freertos/kds/../../../../../../../middleware/wireless/ieee_802_15_4_5.0.5/mac/lib/802.15.4_mac_06_cM4.a(Disassociation.o)
                              C:/Repos/Conn_Wireless/EDF/boards/frdmk64f_frdmcr20a/wireless_examples/ieee_802_15_4/msn_end_device/freertos/kds/../../../../../../../middleware/wireless/ieee_802_15_4_5.0.5/mac/lib/802.15.4_mac_06_cM4.a(MacMain.o) (Disassociation_VerifyParameters)
C:/Repos/Conn_Wireless/EDF/boards/frdmk64f_frdmcr20a/wireless_examples/ieee_802_15_4/msn_end_device/freertos/kds/../../../../../../../middleware/wireless/ieee_802_15_4_5.0.5/mac/lib/802.15.4_mac_06_cM4.a(Orphan.o)
[...]
Memory Configuration

Name             Origin             Length             Attributes
TEXT_region1     0x00000000         0x00000400         xr
m_flash_config_region 0x00000400         0x00000010         xr
TEXT_region2     0x00000411         0x000febee         xr
DATA_region      0x1fff0000         0x00040000         rw
PRODUCT_INFO_region 0x000ff000         0x00000fff         xr
*default*        0x00000000         0xffffffff

Linker script and memory map

LOAD c:/freescale/kds_v3/toolchain/bin/../lib/gcc/arm-none-eabi/4.8.4/armv7e-m/softfp/crti.o
LOAD c:/freescale/kds_v3/toolchain/bin/../lib/gcc/arm-none-eabi/4.8.4/armv7e-m/softfp/crtbegin.o
LOAD c:/freescale/kds_v3/toolchain/bin/../lib/gcc/arm-none-eabi/4.8.4/../../../../arm-none-eabi/lib/armv7e-m/softfp/crt0.o
START GROUP
LOAD ./utilities/fsl_debug_console.o
LOAD ./usb/osa/usb_osa_freertos.o
LOAD ./usb/device/source/khci/usb_device_khci.o
LOAD ./usb/device/source/usb_device_dci.o
LOAD ./startup/startup_MK64F12.o
LOAD ./startup/system_MK64F12.o
LOAD ./source/msn_end_device.o
LOAD ./mmcau/mmcau_source/fsl_mmcau.o
LOAD ./ieee_802.15.4/phy/source/XcvrSPI/Spi.o
LOAD ./ieee_802.15.4/phy/source/MCR20A/MCR20Drv/MCR20Drv.o
LOAD ./ieee_802.15.4/phy/source/ASP.o
LOAD ./ieee_802.15.4/phy/source/MPM.o
LOAD ./ieee_802.15.4/phy/source/PhyDebug.o
LOAD ./ieee_802.15.4/phy/source/PhyISR.o
LOAD ./ieee_802.15.4/phy/source/PhyPacketProcessor.o
LOAD ./ieee_802.15.4/phy/source/PhyPlmeData.o
LOAD ./ieee_802.15.4/phy/source/PhyStateMachine.o
LOAD ./ieee_802.15.4/phy/source/PhyTime.o
LOAD ./ieee_802.15.4/App/FsciAspCommands.o
LOAD ./ieee_802.15.4/App/FsciMacCommands.o
LOAD ./ieee_802.15.4/App/MacGlobals.o
LOAD ./freertos/portable/port.o
LOAD ./freertos/croutine.o
LOAD ./freertos/event_groups.o
LOAD ./freertos/heap_4.o
LOAD ./freertos/list.o
LOAD ./freertos/queue.o
LOAD ./freertos/tasks.o
LOAD ./freertos/timers.o
LOAD ./framework/TimersManager/Source/TMR_Adapter.o
LOAD ./framework/TimersManager/Source/TimersManager.o
LOAD ./framework/SerialManager/Source/USB_VirtualCom/Source/usb_device_cdc_acm.o
LOAD ./framework/SerialManager/Source/USB_VirtualCom/Source/usb_device_ch9.o
LOAD ./framework/SerialManager/Source/USB_VirtualCom/Source/usb_device_class.o
LOAD ./framework/SerialManager/Source/USB_VirtualCom/Source/usb_device_descriptor.o
LOAD ./framework/SerialManager/Source/USB_VirtualCom/Source/virtual_com.o
LOAD ./framework/SerialManager/Source/SPI_Adapter/SPI_Adapter.o
LOAD ./framework/SerialManager/Source/I2C_Adapter.o
LOAD ./framework/SerialManager/Source/SerialManager.o
LOAD ./framework/SerialManager/Source/UART_Adapter.o
LOAD ./framework/SecLib/SecLib.o
LOAD ./framework/Reset/Source/Reset.o
LOAD ./framework/RNG/Source/RNG.o
LOAD ./framework/Panic/Source/Panic.o
LOAD ./framework/OSAbstraction/Interface/fsl_os_abstraction_free_rtos.o
LOAD ./framework/Messaging/Source/Messaging.o
LOAD ./framework/MemManager/Source/MemManager.o
LOAD ./framework/MWSCoexistence/Source/MWS.o
LOAD ./framework/Lists/GenericList.o
LOAD ./framework/LED/Source/LED.o
LOAD ./framework/Keyboard/Source/Keyboard.o
LOAD ./framework/GPIO/Source/GPIO_Adapter.o
LOAD ./framework/FunctionLib/FunctionLib.o
LOAD ./framework/Flash/Internal/Flash_Adapter.o
LOAD ./drivers/fsl_clock.o
LOAD ./drivers/fsl_common.o
LOAD ./drivers/fsl_dspi.o
LOAD ./drivers/fsl_flash.o
LOAD ./drivers/fsl_ftm.o
LOAD ./drivers/fsl_gpio.o
LOAD ./drivers/fsl_i2c.o
LOAD ./drivers/fsl_llwu.o
LOAD ./drivers/fsl_lptmr.o
LOAD ./drivers/fsl_mpu.o
LOAD ./drivers/fsl_rnga.o
LOAD ./drivers/fsl_rtc.o
LOAD ./drivers/fsl_sim.o
LOAD ./drivers/fsl_smc.o
LOAD ./drivers/fsl_uart.o
LOAD ./board/board.o
LOAD ./board/clock_config.o
LOAD ./board/gpio_pins.o
LOAD ./board/hardware_init.o
LOAD ./board/pin_mux.o
LOAD C:/Repos/Conn_Wireless/EDF/boards/frdmk64f_frdmcr20a/wireless_examples/ieee_802_15_4/msn_end_device/freertos/kds/../../../../../../../middleware/mmcau_2.0.0/asm-cm4-cm7/lib_mmcau.a
LOAD C:/Repos/Conn_Wireless/EDF/boards/frdmk64f_frdmcr20a/wireless_examples/ieee_802_15_4/msn_end_device/freertos/kds/../../../../../../../middleware/wireless/ieee_802_15_4_5.0.5/mac/lib/802.15.4_mac_06_cM4.a
LOAD C:/Repos/Conn_Wireless/EDF/boards/frdmk64f_frdmcr20a/wireless_examples/ieee_802_15_4/msn_end_device/freertos/kds/../../../../../../../middleware/wireless/framework_5.0.5/SecLib/lib_crypto_M4.a
LOAD c:/freescale/kds_v3/toolchain/bin/../lib/gcc/arm-none-eabi/4.8.4/../../../../arm-none-eabi/lib/armv7e-m/softfp\libg_s.a
LOAD c:/freescale/kds_v3/toolchain/bin/../lib/gcc/arm-none-eabi/4.8.4/armv7e-m/softfp\libgcc.a
LOAD c:/freescale/kds_v3/toolchain/bin/../lib/gcc/arm-none-eabi/4.8.4/../../../../arm-none-eabi/lib/armv7e-m/softfp\libnosys.a
END GROUP
LOAD c:/freescale/kds_v3/toolchain/bin/../lib/gcc/arm-none-eabi/4.8.4/../../../../arm-none-eabi/lib/armv7e-m/softfp\libstdc++_s.a
LOAD c:/freescale/kds_v3/toolchain/bin/../lib/gcc/arm-none-eabi/4.8.4/../../../../arm-none-eabi/lib/armv7e-m/softfp\libm.a
START GROUP
LOAD c:/freescale/kds_v3/toolchain/bin/../lib/gcc/arm-none-eabi/4.8.4/armv7e-m/softfp\libgcc.a
LOAD c:/freescale/kds_v3/toolchain/bin/../lib/gcc/arm-none-eabi/4.8.4/../../../../arm-none-eabi/lib/armv7e-m/softfp\libg_s.a
LOAD c:/freescale/kds_v3/toolchain/bin/../lib/gcc/arm-none-eabi/4.8.4/../../../../arm-none-eabi/lib/armv7e-m/softfp\libc_s.a
END GROUP
START GROUP
LOAD c:/freescale/kds_v3/toolchain/bin/../lib/gcc/arm-none-eabi/4.8.4/armv7e-m/softfp\libgcc.a
LOAD c:/freescale/kds_v3/toolchain/bin/../lib/gcc/arm-none-eabi/4.8.4/../../../../arm-none-eabi/lib/armv7e-m/softfp\libc_s.a
END GROUP
LOAD c:/freescale/kds_v3/toolchain/bin/../lib/gcc/arm-none-eabi/4.8.4/armv7e-m/softfp/crtend.o
LOAD c:/freescale/kds_v3/toolchain/bin/../lib/gcc/arm-none-eabi/4.8.4/armv7e-m/softfp/crtn.o
                0x1fff0000                _RAM_START_ = 0x1fff0000
                0x2002ffff                _RAM_END_ = 0x2002ffff
                0x000ff000                FREESCALE_PROD_DATA_BASE_ADDR = 0xff000
                0x00000400                __RAM_VECTOR_TABLE_SIZE = 0x400
                0x2002fbea                __BOOT_STACK_ADDRESS = 0x2002fbea
                0x1ffffffb                __dummy_start = 0x1ffffffb

.interrupts     0x00000000      0x400
                0x00000000                __VECTOR_TABLE = .
                0x00000000                . = ALIGN (0x4)
 *(.isr_vector)
 .isr_vector    0x00000000      0x400 ./startup/startup_MK64F12.o
                0x00000000                __isr_vector
                0x00000400                . = ALIGN (0x4)

.freescale_prod_data
                0x000ff000        0x0
                0x000ff000                . = ALIGN (0x4)
 *(.FREESCALE_PROD_DATA)
                0x000ff000                . = ALIGN (0x4)

.flash_config   0x00000400       0x10
                0x00000400                . = ALIGN (0x4)
 *(.FlashConfig)
 .FlashConfig   0x00000400       0x10 ./startup/startup_MK64F12.o
                0x00000410                . = ALIGN (0x4)

.text           0x00000420    0x164e8
                0x00000420                . = ALIGN (0x4)
 *(.text)
 .text          0x00000420       0x54 c:/freescale/kds_v3/toolchain/bin/../lib/gcc/arm-none-eabi/4.8.4/armv7e-m/softfp/crtbegin.o
 .text          0x00000474       0x74 c:/freescale/kds_v3/toolchain/bin/../lib/gcc/arm-none-eabi/4.8.4/../../../../arm-none-eabi/lib/armv7e-m/softfp/crt0.o
                0x00000474                _start
                0x00000474                _mainCRTStartup
 .text          0x000004e8      0x1fc ./startup/startup_MK64F12.o
                0x000004e8                Reset_Handler
                0x00000544                DebugMon_Handler
                0x00000544                PORTC_IRQHandler
                0x00000544                DMA0_DriverIRQHandler
                0x00000544                DMA12_DriverIRQHandler
                0x00000544                WDOG_EWM_IRQHandler
                0x00000544                DMA_Error_DriverIRQHandler
                0x00000544                CMP0_IRQHandler
                0x00000544                DMA7_DriverIRQHandler
                0x00000544                ENET_Transmit_DriverIRQHandler
                0x00000544                DMA2_DriverIRQHandler
                0x00000544                UART1_ERR_DriverIRQHandler
                0x00000544                BusFault_Handler
                0x00000544                SDHC_DriverIRQHandler
                0x00000544                PIT0_IRQHandler
                0x00000544                LPTMR0_IRQHandler
                0x00000544                CMP2_IRQHandler
                0x00000544                LLWU_IRQHandler
                0x00000544                I2S0_Tx_DriverIRQHandler
                0x00000544                DMA6_DriverIRQHandler
                0x00000544                FTM2_IRQHandler
                0x00000544                PORTE_IRQHandler
                0x00000544                FTM3_IRQHandler
                0x00000544                ENET_1588_Timer_DriverIRQHandler
                0x00000544                SWI_IRQHandler
                0x00000544                ADC0_IRQHandler
                0x00000544                UsageFault_Handler
                0x00000544                CAN0_DriverIRQHandler
                0x00000544                CMT_IRQHandler
                0x00000544                MCM_IRQHandler
                0x00000544                DAC1_IRQHandler
                0x00000544                DefaultISR
                0x00000544                PORTA_IRQHandler
                0x00000544                UART5_ERR_DriverIRQHandler
                0x00000544                FTM0_IRQHandler
                0x00000544                DMA11_DriverIRQHandler
                0x00000544                CMP1_IRQHandler
                0x00000544                Reserved71_IRQHandler
                0x00000544                PORTD_IRQHandler
                0x00000544                PORTB_IRQHandler
                0x00000544                DMA10_DriverIRQHandler
                0x00000544                LVD_LVW_IRQHandler
                0x00000544                UART2_ERR_DriverIRQHandler
                0x00000544                ADC1_IRQHandler
                0x00000544                DMA5_DriverIRQHandler
                0x00000544                DMA4_DriverIRQHandler
                0x00000544                PIT1_IRQHandler
                0x00000544                PIT2_IRQHandler
                0x00000544                DMA15_DriverIRQHandler
                0x00000544                ENET_Error_DriverIRQHandler
                0x00000544                RTC_IRQHandler
                0x00000544                UART3_ERR_DriverIRQHandler
                0x00000544                PDB0_IRQHandler
                0x00000544                FTFE_IRQHandler
                0x00000544                FTM1_IRQHandler
                0x00000544                DMA13_DriverIRQHandler
                0x00000544                DAC0_IRQHandler
                0x00000544                DMA3_DriverIRQHandler
                0x00000544                PIT3_IRQHandler
                0x00000544                ENET_Receive_DriverIRQHandler
                0x00000544                RTC_Seconds_IRQHandler
                0x00000544                MCG_IRQHandler
                0x00000544                USB0_IRQHandler
                0x00000544                DMA9_DriverIRQHandler
                0x00000544                DMA8_DriverIRQHandler
                0x00000544                UART0_ERR_DriverIRQHandler
                0x00000544                I2S0_Rx_DriverIRQHandler
                0x00000544                RNG_IRQHandler
                0x00000544                DMA1_DriverIRQHandler
                0x00000544                Read_Collision_IRQHandler
                0x00000544                DMA14_DriverIRQHandler
                0x00000544                UART0_LON_DriverIRQHandler
                0x00000544                MemManage_Handler
                0x00000544                USBDCD_IRQHandler
                0x00000544                UART4_ERR_DriverIRQHandler
                0x0000054c                HardFault_Handler
                0x0000055c                DMA0_IRQHandler
                0x00000560                DMA1_IRQHandler
                0x00000564                DMA2_IRQHandler
                0x00000568                DMA3_IRQHandler
                0x0000056c                DMA4_IRQHandler
                0x00000570                DMA5_IRQHandler
                0x00000574                DMA6_IRQHandler
                0x00000578                DMA7_IRQHandler
                0x0000057c                DMA8_IRQHandler
                0x00000580                DMA9_IRQHandler
                0x00000584                DMA10_IRQHandler
                0x00000588                DMA11_IRQHandler
                0x0000058c                DMA12_IRQHandler
                0x00000590                DMA13_IRQHandler
                0x00000594                DMA14_IRQHandler
                0x00000598                DMA15_IRQHandler
                0x0000059c                DMA_Error_IRQHandler
                0x000005a0                I2C0_IRQHandler
                0x000005a4                I2C1_IRQHandler
                0x000005a8                SPI0_IRQHandler
                0x000005ac                SPI1_IRQHandler
                0x000005b0                I2S0_Tx_IRQHandler
                0x000005b4                I2S0_Rx_IRQHandler
                0x000005b8                UART0_LON_IRQHandler
                0x000005bc                UART0_RX_TX_IRQHandler
                0x000005c0                UART0_ERR_IRQHandler
                0x000005c4                UART1_RX_TX_IRQHandler
                0x000005c8                UART1_ERR_IRQHandler
                0x000005cc                UART2_RX_TX_IRQHandler
                0x000005d0                UART2_ERR_IRQHandler
                0x000005d4                UART3_RX_TX_IRQHandler
                0x000005d8                UART3_ERR_IRQHandler
                0x000005dc                SPI2_IRQHandler
                0x000005e0                UART4_RX_TX_IRQHandler
                0x000005e4                UART4_ERR_IRQHandler
                0x000005e8                UART5_RX_TX_IRQHandler
                0x000005ec                UART5_ERR_IRQHandler
                0x000005f0                I2C2_IRQHandler
                0x000005f4                CAN0_ORed_Message_buffer_IRQHandler
                0x000005f8                CAN0_Bus_Off_IRQHandler
                0x000005fc                CAN0_Error_IRQHandler
                0x00000600                CAN0_Tx_Warning_IRQHandler
                0x00000604                CAN0_Rx_Warning_IRQHandler
                0x00000608                CAN0_Wake_Up_IRQHandler
                0x0000060c                SDHC_IRQHandler
                0x00000610                ENET_1588_Timer_IRQHandler
                0x00000614                ENET_Transmit_IRQHandler
                0x00000618                ENET_Receive_IRQHandler
                0x0000061c                ENET_Error_IRQHandler
 *fill*         0x000006e4        0xc 
 .text          0x000006f0      0x800 C:/Repos/Conn_Wireless/EDF/boards/frdmk64f_frdmcr20a/wireless_examples/ieee_802_15_4/msn_end_device/freertos/kds/../../../../../../../middleware/mmcau_2.0.0/asm-cm4-cm7/lib_mmcau.a(mmcau_aes_functions.o)
                0x000006f0                _mmcau_aes_set_key
                0x000006f0                mmcau_aes_set_key
                0x00000c70                mmcau_aes_encrypt
                0x00000c70                _mmcau_aes_encrypt
                0x00000da0                mmcau_aes_decrypt
                0x00000da0                _mmcau_aes_decrypt
 .text          0x00000ef0     0x1810 C:/Repos/Conn_Wireless/EDF/boards/frdmk64f_frdmcr20a/wireless_examples/ieee_802_15_4/msn_end_device/freertos/kds/../../../../../../../middleware/wireless/framework_5.0.5/SecLib/lib_crypto_M4.a(SW_AES128.o)
                0x0000130c                gpXTimeTable
                0x000014c0                gInvSbox_s
                0x000015c0                CCM_CreateA0
                0x000015e8                sw_Aes128
                0x00002344                sw_AES128_CCM
                0x00002600                gSBox_c
 .text          0x00002700       0x34 C:/Repos/Conn_Wireless/EDF/boards/frdmk64f_frdmcr20a/wireless_examples/ieee_802_15_4/msn_end_device/freertos/kds/../../../../../../../middleware/wireless/framework_5.0.5/SecLib/lib_crypto_M4.a(SW_RNG.o)
                0x00002700                SecLib_set_rng_seed
                0x0000270e                SecLib_get_random
 .text          0x00002734       0x2c c:/freescale/kds_v3/toolchain/bin/../lib/gcc/arm-none-eabi/4.8.4/armv7e-m/softfp\libgcc.a(_aeabi_uldivmod.o)
                0x00002734                __aeabi_uldivmod
 .text          0x00002760       0x60 c:/freescale/kds_v3/toolchain/bin/../lib/gcc/arm-none-eabi/4.8.4/armv7e-m/softfp\libgcc.a(bpabi.o)
                0x00002760                __gnu_ldivmod_helper
                0x00002790                __gnu_uldivmod_helper
 .text          0x000027c0        0x4 c:/freescale/kds_v3/toolchain/bin/../lib/gcc/arm-none-eabi/4.8.4/armv7e-m/softfp\libgcc.a(_dvmd_tls.o)
                0x000027c0                __aeabi_idiv0
                0x000027c0                __aeabi_ldiv0
 .text          0x000027c4      0x298 c:/freescale/kds_v3/toolchain/bin/../lib/gcc/arm-none-eabi/4.8.4/armv7e-m/softfp\libgcc.a(_divdi3.o)
                0x000027c4                __divdi3
 .text          0x00002a5c      0x284 c:/freescale/kds_v3/toolchain/bin/../lib/gcc/arm-none-eabi/4.8.4/armv7e-m/softfp\libgcc.a(_udivdi3.o)
                0x00002a5c                __udivdi3
 *(.text*)
 .text.DbgConsole_Printf
                0x00002ce0       0x40 ./utilities/fsl_debug_console.o
                0x00002ce0                DbgConsole_Printf
 .text.DbgConsole_Putchar
                0x00002d20       0x38 ./utilities/fsl_debug_console.o
                0x00002d20                DbgConsole_Putchar
 .text.DbgConsole_PrintfPaddingCharacter
                0x00002d58       0x40 ./utilities/fsl_debug_console.o
 .text.DbgConsole_ConvertRadixNumToString
                0x00002d98      0x118 ./utilities/fsl_debug_console.o
 .text.DbgConsole_PrintfFormattedData
                0x00002eb0      0x36c ./utilities/fsl_debug_console.o
 .text.SystemInit
                0x0000321c       0x3c ./startup/system_MK64F12.o
                0x0000321c                SystemInit
 .text.main_task
                0x00003258       0x74 ./source/msn_end_device.o
                0x00003258                main_task
 .text.App_init
                0x000032cc       0xd0 ./source/msn_end_device.o
                0x000032cc                App_init
 .text.AppThread
                0x0000339c      0x544 ./source/msn_end_device.o
                0x0000339c                AppThread
 .text.App_CommRxCallBack
                0x000038e0       0x4c ./source/msn_end_device.o
 .text.App_StartScan
                0x0000392c       0xbc ./source/msn_end_device.o
 .text.App_HandleScanActiveConfirm
                0x000039e8       0xb8 ./source/msn_end_device.o
 .text.App_SendAssociateRequest
                0x00003aa0      0x128 ./source/msn_end_device.o
 .text.App_HandleAssociateConfirm
                0x00003bc8       0x30 ./source/msn_end_device.o
 .text.App_HandleMlmeInput
                0x00003bf8       0x40 ./source/msn_end_device.o
 .text.App_HandleMcpsInput
                0x00003c38       0x4c ./source/msn_end_device.o
 .text.App_HandleMessage
                0x00003c84       0xa0 ./source/msn_end_device.o
 .text.App_WaitMsg
                0x00003d24       0x34 ./source/msn_end_device.o
 .text.App_SendPredefinedMessage
                0x00003d58      0x11c ./source/msn_end_device.o
 .text.App_SendInformation
                0x00003e74      0x148 ./source/msn_end_device.o
 .text.App_ReceiveData
                0x00003fbc       0x80 ./source/msn_end_device.o
 .text.App_Idle
                0x0000403c       0x3c ./source/msn_end_device.o
 .text.App_UpdateLEDs
                0x00004078       0x80 ./source/msn_end_device.o
 .text.App_IntervalTimeoutHandler
                0x000040f8       0x20 ./source/msn_end_device.o
 .text.App_SensorIntervalTimeoutHandler
                0x00004118       0x20 ./source/msn_end_device.o
 .text.App_HandleGenericKey
                0x00004138       0x3c ./source/msn_end_device.o
 .text.App_HandleKeys
                0x00004174       0x20 ./source/msn_end_device.o
 .text.MLME_NWK_SapHandler
                0x00004194       0x30 ./source/msn_end_device.o
                0x00004194                MLME_NWK_SapHandler
 .text.MCPS_NWK_SapHandler
                0x000041c4       0x30 ./source/msn_end_device.o
                0x000041c4                MCPS_NWK_SapHandler
 .text.DSPI_SetFifoEnable
                0x000041f4       0x48 ./ieee_802.15.4/phy/source/XcvrSPI/Spi.o
 .text.DSPI_FlushFifo
                0x0000423c       0x3c ./ieee_802.15.4/phy/source/XcvrSPI/Spi.o
 .text.DSPI_MasterGetFormattedCommand
                0x00004278       0x4c ./ieee_802.15.4/phy/source/XcvrSPI/Spi.o
 .text.DSPI_ReadData
                0x000042c4       0x18 ./ieee_802.15.4/phy/source/XcvrSPI/Spi.o
 .text.spi_master_init
                0x000042dc       0xa0 ./ieee_802.15.4/phy/source/XcvrSPI/Spi.o
                0x000042dc                spi_master_init
 .text.spi_master_configure_speed
                0x0000437c       0x40 ./ieee_802.15.4/phy/source/XcvrSPI/Spi.o
                0x0000437c                spi_master_configure_speed
 .text.spi_master_transfer
                0x000043bc       0x9c ./ieee_802.15.4/phy/source/XcvrSPI/Spi.o
                0x000043bc                spi_master_transfer
 .text.MCR20Drv_Init
                0x00004458       0x48 ./ieee_802.15.4/phy/source/MCR20A/MCR20Drv/MCR20Drv.o
                0x00004458                MCR20Drv_Init
 .text.MCR20Drv_DirectAccessSPIWrite
                0x000044a0       0x68 ./ieee_802.15.4/phy/source/MCR20A/MCR20Drv/MCR20Drv.o
                0x000044a0                MCR20Drv_DirectAccessSPIWrite
 .text.MCR20Drv_DirectAccessSPIMultiByteWrite
                0x00004508       0x6c ./ieee_802.15.4/phy/source/MCR20A/MCR20Drv/MCR20Drv.o
                0x00004508                MCR20Drv_DirectAccessSPIMultiByteWrite
 .text.MCR20Drv_PB_SPIBurstWrite
                0x00004574       0x64 ./ieee_802.15.4/phy/source/MCR20A/MCR20Drv/MCR20Drv.o
                0x00004574                MCR20Drv_PB_SPIBurstWrite
 .text.MCR20Drv_DirectAccessSPIRead
                0x000045d8       0x6c ./ieee_802.15.4/phy/source/MCR20A/MCR20Drv/MCR20Drv.o
                0x000045d8                MCR20Drv_DirectAccessSPIRead
 .text.MCR20Drv_DirectAccessSPIMultiByteRead
                0x00004644       0x80 ./ieee_802.15.4/phy/source/MCR20A/MCR20Drv/MCR20Drv.o
                0x00004644                MCR20Drv_DirectAccessSPIMultiByteRead
 .text.MCR20Drv_PB_SPIBurstRead
                0x000046c4       0x70 ./ieee_802.15.4/phy/source/MCR20A/MCR20Drv/MCR20Drv.o
                0x000046c4                MCR20Drv_PB_SPIBurstRead
 .text.MCR20Drv_IndirectAccessSPIWrite
                0x00004734       0x64 ./ieee_802.15.4/phy/source/MCR20A/MCR20Drv/MCR20Drv.o
                0x00004734                MCR20Drv_IndirectAccessSPIWrite
 .text.MCR20Drv_IndirectAccessSPIMultiByteWrite
                0x00004798       0x78 ./ieee_802.15.4/phy/source/MCR20A/MCR20Drv/MCR20Drv.o
                0x00004798                MCR20Drv_IndirectAccessSPIMultiByteWrite
 .text.MCR20Drv_IndirectAccessSPIRead
                0x00004810       0x70 ./ieee_802.15.4/phy/source/MCR20A/MCR20Drv/MCR20Drv.o
                0x00004810                MCR20Drv_IndirectAccessSPIRead
 .text.MCR20Drv_IndirectAccessSPIMultiByteRead
                0x00004880       0x78 ./ieee_802.15.4/phy/source/MCR20A/MCR20Drv/MCR20Drv.o
                0x00004880                MCR20Drv_IndirectAccessSPIMultiByteRead
 .text.MCR20Drv_IRQ_PortConfig
                0x000048f8       0x38 ./ieee_802.15.4/phy/source/MCR20A/MCR20Drv/MCR20Drv.o
                0x000048f8                MCR20Drv_IRQ_PortConfig
 .text.MCR20Drv_IsIrqPending
                0x00004930       0x20 ./ieee_802.15.4/phy/source/MCR20A/MCR20Drv/MCR20Drv.o
                0x00004930                MCR20Drv_IsIrqPending
 .text.MCR20Drv_IRQ_Disable
                0x00004950       0x3c ./ieee_802.15.4/phy/source/MCR20A/MCR20Drv/MCR20Drv.o
                0x00004950                MCR20Drv_IRQ_Disable
 .text.MCR20Drv_IRQ_Enable
                0x0000498c       0x44 ./ieee_802.15.4/phy/source/MCR20A/MCR20Drv/MCR20Drv.o
                0x0000498c                MCR20Drv_IRQ_Enable
 .text.MCR20Drv_IRQ_Clear
                0x000049d0       0x10 ./ieee_802.15.4/phy/source/MCR20A/MCR20Drv/MCR20Drv.o
                0x000049d0                MCR20Drv_IRQ_Clear
 .text.MCR20Drv_RST_B_Assert
                0x000049e0       0x10 ./ieee_802.15.4/phy/source/MCR20A/MCR20Drv/MCR20Drv.o
                0x000049e0                MCR20Drv_RST_B_Assert
 .text.MCR20Drv_RST_B_Deassert
                0x000049f0       0x10 ./ieee_802.15.4/phy/source/MCR20A/MCR20Drv/MCR20Drv.o
                0x000049f0                MCR20Drv_RST_B_Deassert
 .text.MCR20Drv_RESET
                0x00004a00       0x24 ./ieee_802.15.4/phy/source/MCR20A/MCR20Drv/MCR20Drv.o
                0x00004a00                MCR20Drv_RESET
 .text.MCR20Drv_Set_CLK_OUT_Freq
                0x00004a24       0x34 ./ieee_802.15.4/phy/source/MCR20A/MCR20Drv/MCR20Drv.o
                0x00004a24                MCR20Drv_Set_CLK_OUT_Freq
 .text.MPM_AcquirePAN
                0x00004a58       0x18 ./ieee_802.15.4/phy/source/MPM.o
                0x00004a58                MPM_AcquirePAN
 .text.MPM_ReleasePAN
                0x00004a70       0x18 ./ieee_802.15.4/phy/source/MPM.o
                0x00004a70                MPM_ReleasePAN
 .text.PhyIsrPassRxParams
                0x00004a88       0x1c ./ieee_802.15.4/phy/source/PhyISR.o
                0x00004a88                PhyIsrPassRxParams
 .text.PhyIsrSeqCleanup
                0x00004aa4       0x58 ./ieee_802.15.4/phy/source/PhyISR.o
                0x00004aa4                PhyIsrSeqCleanup
 .text.Phy_GetEnergyLevel
                0x00004afc       0x40 ./ieee_802.15.4/phy/source/PhyISR.o
                0x00004afc                Phy_GetEnergyLevel
 .text.Phy_LqiConvert
                0x00004b3c       0x44 ./ieee_802.15.4/phy/source/PhyISR.o
 .text.PHY_InterruptHandler
                0x00004b80      0x658 ./ieee_802.15.4/phy/source/PhyISR.o
                0x00004b80                PHY_InterruptHandler
 .text.PHY_InstallIsr
                0x000051d8       0x1c ./ieee_802.15.4/phy/source/PhyISR.o
                0x000051d8                PHY_InstallIsr
 .text.Phy_RestartRxFromISR
                0x000051f4      0x108 ./ieee_802.15.4/phy/source/PhyISR.o
 .text.PhyHwInit
                0x000052fc      0x148 ./ieee_802.15.4/phy/source/PhyPacketProcessor.o
                0x000052fc                PhyHwInit
 .text.PhyAbort
                0x00005444      0x110 ./ieee_802.15.4/phy/source/PhyPacketProcessor.o
                0x00005444                PhyAbort
 .text.PhyPpGetState
                0x00005554       0x1c ./ieee_802.15.4/phy/source/PhyPacketProcessor.o
                0x00005554                PhyPpGetState
 .text.PhyPpSetPanId
                0x00005570       0x34 ./ieee_802.15.4/phy/source/PhyPacketProcessor.o
                0x00005570                PhyPpSetPanId
 .text.PhyPpSetShortAddr
                0x000055a4       0x34 ./ieee_802.15.4/phy/source/PhyPacketProcessor.o
                0x000055a4                PhyPpSetShortAddr
 .text.PhyPpSetLongAddr
                0x000055d8       0x34 ./ieee_802.15.4/phy/source/PhyPacketProcessor.o
                0x000055d8                PhyPpSetLongAddr
 .text.PhyPpSetMacRole
                0x0000560c       0x80 ./ieee_802.15.4/phy/source/PhyPacketProcessor.o
                0x0000560c                PhyPpSetMacRole
 .text.PhyPpSetPromiscuous
                0x0000568c       0x80 ./ieee_802.15.4/phy/source/PhyPacketProcessor.o
                0x0000568c                PhyPpSetPromiscuous
 .text.PhyPp_IndirectQueueInsert
                0x0000570c       0x54 ./ieee_802.15.4/phy/source/PhyPacketProcessor.o
                0x0000570c                PhyPp_IndirectQueueInsert
 .text.PhyPp_RemoveFromIndirect
                0x00005760       0x3c ./ieee_802.15.4/phy/source/PhyPacketProcessor.o
                0x00005760                PhyPp_RemoveFromIndirect
 .text.PhyPpSetCcaThreshold
                0x0000579c       0x20 ./ieee_802.15.4/phy/source/PhyPacketProcessor.o
                0x0000579c                PhyPpSetCcaThreshold
 .text.PhyPpSetDualPanSamLvl
                0x000057bc       0x44 ./ieee_802.15.4/phy/source/PhyPacketProcessor.o
                0x000057bc                PhyPpSetDualPanSamLvl
 .text.PhyPlmeSetPwrState
                0x00005800      0x130 ./ieee_802.15.4/phy/source/PhyPacketProcessor.o
                0x00005800                PhyPlmeSetPwrState
 .text.PhyPdDataRequest
                0x00005930      0x1e4 ./ieee_802.15.4/phy/source/PhyPlmeData.o
                0x00005930                PhyPdDataRequest
 .text.PhyPlmeRxRequest
                0x00005b14      0x16c ./ieee_802.15.4/phy/source/PhyPlmeData.o
                0x00005b14                PhyPlmeRxRequest
 .text.PhyPlmeTimmedRxRequest
                0x00005c80      0x254 ./ieee_802.15.4/phy/source/PhyPlmeData.o
                0x00005c80                PhyPlmeTimmedRxRequest
 .text.PhyPlmeCcaEdRequest
                0x00005ed4      0x12c ./ieee_802.15.4/phy/source/PhyPlmeData.o
                0x00005ed4                PhyPlmeCcaEdRequest
 .text.PhyPlmeSetCurrentChannelRequest
                0x00006000       0xbc ./ieee_802.15.4/phy/source/PhyPlmeData.o
                0x00006000                PhyPlmeSetCurrentChannelRequest
 .text.PhyPlmeGetCurrentChannelRequest
                0x000060bc       0x30 ./ieee_802.15.4/phy/source/PhyPlmeData.o
                0x000060bc                PhyPlmeGetCurrentChannelRequest
 .text.PhyPlmeSetPwrLevelRequest
                0x000060ec       0x5c ./ieee_802.15.4/phy/source/PhyPlmeData.o
                0x000060ec                PhyPlmeSetPwrLevelRequest
 .text.PhyPlmeSetPIBRequest
                0x00006148      0x1ec ./ieee_802.15.4/phy/source/PhyPlmeData.o
                0x00006148                PhyPlmeSetPIBRequest
 .text.PhyPlmeGetPIBRequest
                0x00006334      0x1d8 ./ieee_802.15.4/phy/source/PhyPlmeData.o
                0x00006334                PhyPlmeGetPIBRequest
 .text.PhyRxRetry
                0x0000650c       0x78 ./ieee_802.15.4/phy/source/PhyPlmeData.o
 .text.Phy_Init
                0x00006584       0xa4 ./ieee_802.15.4/phy/source/PhyStateMachine.o
                0x00006584                Phy_Init
 .text.BindToPHY
                0x00006628       0x18 ./ieee_802.15.4/phy/source/PhyStateMachine.o
                0x00006628                BindToPHY
 .text.Phy_RegisterSapHandlers
                0x00006640       0x40 ./ieee_802.15.4/phy/source/PhyStateMachine.o
                0x00006640                Phy_RegisterSapHandlers
 .text.Phy24Task
                0x00006680      0x1c8 ./ieee_802.15.4/phy/source/PhyStateMachine.o
 .text.MAC_PD_SapHandler
                0x00006848       0xa8 ./ieee_802.15.4/phy/source/PhyStateMachine.o
                0x00006848                MAC_PD_SapHandler
 .text.MAC_PLME_SapHandler
                0x000068f0      0x164 ./ieee_802.15.4/phy/source/PhyStateMachine.o
                0x000068f0                MAC_PLME_SapHandler
 .text.Phy_HandlePdDataReq
                0x00006a54      0x100 ./ieee_802.15.4/phy/source/PhyStateMachine.o
 .text.Phy_EnterIdle
                0x00006b54       0x90 ./ieee_802.15.4/phy/source/PhyStateMachine.o
 .text.PhyPlmeSetFrameWaitTime
                0x00006be4       0x2c ./ieee_802.15.4/phy/source/PhyStateMachine.o
                0x00006be4                PhyPlmeSetFrameWaitTime
 .text.PhyPlmeSetRxOnWhenIdle
                0x00006c10      0x138 ./ieee_802.15.4/phy/source/PhyStateMachine.o
                0x00006c10                PhyPlmeSetRxOnWhenIdle
 .text.PhyIsIdleRx
                0x00006d48       0x40 ./ieee_802.15.4/phy/source/PhyStateMachine.o
                0x00006d48                PhyIsIdleRx
 .text.Radio_Phy_PdDataConfirm
                0x00006d88      0x144 ./ieee_802.15.4/phy/source/PhyStateMachine.o
                0x00006d88                Radio_Phy_PdDataConfirm
 .text.Radio_Phy_PdDataIndication
                0x00006ecc       0x28 ./ieee_802.15.4/phy/source/PhyStateMachine.o
                0x00006ecc                Radio_Phy_PdDataIndication
 .text.Radio_Phy_TimeWaitTimeoutIndication
                0x00006ef4       0x14 ./ieee_802.15.4/phy/source/PhyStateMachine.o
                0x00006ef4                Radio_Phy_TimeWaitTimeoutIndication
 .text.Radio_Phy_PlmeCcaConfirm
                0x00006f08       0x40 ./ieee_802.15.4/phy/source/PhyStateMachine.o
                0x00006f08                Radio_Phy_PlmeCcaConfirm
 .text.Radio_Phy_PlmeEdConfirm
                0x00006f48       0x40 ./ieee_802.15.4/phy/source/PhyStateMachine.o
                0x00006f48                Radio_Phy_PlmeEdConfirm
 .text.Radio_Phy_TimeRxTimeoutIndication
                0x00006f88       0x44 ./ieee_802.15.4/phy/source/PhyStateMachine.o
                0x00006f88                Radio_Phy_TimeRxTimeoutIndication
 .text.Radio_Phy_TimeStartEventIndication
                0x00006fcc       0x14 ./ieee_802.15.4/phy/source/PhyStateMachine.o
                0x00006fcc                Radio_Phy_TimeStartEventIndication
 .text.Radio_Phy_PlmeRxSfdDetect
                0x00006fe0       0xd8 ./ieee_802.15.4/phy/source/PhyStateMachine.o
                0x00006fe0                Radio_Phy_PlmeRxSfdDetect
 .text.Radio_Phy_PlmeSyncLossIndication
                0x000070b8       0x18 ./ieee_802.15.4/phy/source/PhyStateMachine.o
                0x000070b8                Radio_Phy_PlmeSyncLossIndication
 .text.Radio_Phy_PlmeFilterFailRx
                0x000070d0       0x84 ./ieee_802.15.4/phy/source/PhyStateMachine.o
                0x000070d0                Radio_Phy_PlmeFilterFailRx
 .text.PLME_SendMessage
                0x00007154       0xc4 ./ieee_802.15.4/phy/source/PhyStateMachine.o
 .text.PD_SendMessage
                0x00007218      0x210 ./ieee_802.15.4/phy/source/PhyStateMachine.o
 .text.Phy_SendLatePLME
                0x00007428       0x20 ./ieee_802.15.4/phy/source/PhyStateMachine.o
 .text.Phy_SendLatePD
                0x00007448       0x20 ./ieee_802.15.4/phy/source/PhyStateMachine.o
 .text.Radio_Phy_Notify
                0x00007468       0x28 ./ieee_802.15.4/phy/source/PhyStateMachine.o
                0x00007468                Radio_Phy_Notify
 .text.PhyTimeSetEventTrigger
                0x00007490       0x78 ./ieee_802.15.4/phy/source/PhyTime.o
                0x00007490                PhyTimeSetEventTrigger
 .text.PhyTimeSetEventTimeout
                0x00007508       0x80 ./ieee_802.15.4/phy/source/PhyTime.o
                0x00007508                PhyTimeSetEventTimeout
 .text.PhyTimeReadClock
                0x00007588       0x30 ./ieee_802.15.4/phy/source/PhyTime.o
                0x00007588                PhyTimeReadClock
 .text.PhyTimeSetWaitTimeout
                0x000075b8       0x60 ./ieee_802.15.4/phy/source/PhyTime.o
                0x000075b8                PhyTimeSetWaitTimeout
 .text.PhyTime_ISR
                0x00007618       0x50 ./ieee_802.15.4/phy/source/PhyTime.o
                0x00007618                PhyTime_ISR
 .text.PhyTime_TimerInit
                0x00007668       0x88 ./ieee_802.15.4/phy/source/PhyTime.o
                0x00007668                PhyTime_TimerInit
 .text.PhyTime_GetTimestamp
                0x000076f0       0x4c ./ieee_802.15.4/phy/source/PhyTime.o
                0x000076f0                PhyTime_GetTimestamp
 .text.PhyTime_ScheduleEvent
                0x0000773c       0xc0 ./ieee_802.15.4/phy/source/PhyTime.o
                0x0000773c                PhyTime_ScheduleEvent
 .text.PhyTime_CancelEvent
                0x000077fc       0x8c ./ieee_802.15.4/phy/source/PhyTime.o
                0x000077fc                PhyTime_CancelEvent
 .text.PhyTime_CancelEventsWithParam
                0x00007888       0xa0 ./ieee_802.15.4/phy/source/PhyTime.o
                0x00007888                PhyTime_CancelEventsWithParam
 .text.PhyTime_RunCallback
                0x00007928       0x60 ./ieee_802.15.4/phy/source/PhyTime.o
                0x00007928                PhyTime_RunCallback
 .text.PhyTime_Maintenance
                0x00007988       0xb8 ./ieee_802.15.4/phy/source/PhyTime.o
                0x00007988                PhyTime_Maintenance
 .text.PhyTime_OverflowCB
                0x00007a40       0x4c ./ieee_802.15.4/phy/source/PhyTime.o
 .text.PhyTime_GetNextEvent
                0x00007a8c       0x74 ./ieee_802.15.4/phy/source/PhyTime.o
 .text.MAC_Monitor
                0x00007b00       0x1c ./ieee_802.15.4/App/FsciMacCommands.o
                0x00007b00                MAC_Monitor
 .text.MAC_Init
                0x00007b1c       0x60 ./ieee_802.15.4/App/MacGlobals.o
                0x00007b1c                MAC_Init
 .text.pxPortInitialiseStack
                0x00007b7c       0x64 ./freertos/portable/port.o
                0x00007b7c                pxPortInitialiseStack
 .text.prvTaskExitError
                0x00007be0       0x3c ./freertos/portable/port.o
 .text.SVC_Handler
                0x00007c1c       0x20 ./freertos/portable/port.o
                0x00007c1c                SVC_Handler
 .text.prvPortStartFirstTask
                0x00007c3c       0x20 ./freertos/portable/port.o
 .text.xPortStartScheduler
                0x00007c5c      0x118 ./freertos/portable/port.o
                0x00007c5c                xPortStartScheduler
 .text.vPortEnterCritical
                0x00007d74       0x5c ./freertos/portable/port.o
                0x00007d74                vPortEnterCritical
 .text.vPortExitCritical
                0x00007dd0       0x4c ./freertos/portable/port.o
                0x00007dd0                vPortExitCritical
 .text.PendSV_Handler
                0x00007e1c       0x60 ./freertos/portable/port.o
                0x00007e1c                PendSV_Handler
 .text.SysTick_Handler
                0x00007e7c       0x44 ./freertos/portable/port.o
                0x00007e7c                SysTick_Handler
 .text.vPortSetupTimerInterrupt
                0x00007ec0       0x40 ./freertos/portable/port.o
                0x00007ec0                vPortSetupTimerInterrupt
 .text.vPortEnableVFP
                0x00007f00       0x14 ./freertos/portable/port.o
 .text.vPortValidateInterruptPriority
                0x00007f14       0x78 ./freertos/portable/port.o
                0x00007f14                vPortValidateInterruptPriority
 .text.xEventGroupCreate
                0x00007f8c       0x30 ./freertos/event_groups.o
                0x00007f8c                xEventGroupCreate
 .text.xEventGroupWaitBits
                0x00007fbc      0x194 ./freertos/event_groups.o
                0x00007fbc                xEventGroupWaitBits
 .text.xEventGroupSetBits
                0x00008150      0x114 ./freertos/event_groups.o
                0x00008150                xEventGroupSetBits
 .text.vEventGroupSetBitsCallback
                0x00008264       0x18 ./freertos/event_groups.o
                0x00008264                vEventGroupSetBitsCallback
 .text.prvTestWaitCondition
                0x0000827c       0x44 ./freertos/event_groups.o
 .text.pvPortMalloc
                0x000082c0      0x184 ./freertos/heap_4.o
                0x000082c0                pvPortMalloc
 .text.vPortFree
                0x00008444       0xb0 ./freertos/heap_4.o
                0x00008444                vPortFree
 .text.prvHeapInit
                0x000084f4       0xc4 ./freertos/heap_4.o
 .text.prvInsertBlockIntoFreeList
                0x000085b8       0xb0 ./freertos/heap_4.o
 .text.vListInitialise
                0x00008668       0x40 ./freertos/list.o
                0x00008668                vListInitialise
 .text.vListInitialiseItem
                0x000086a8       0x18 ./freertos/list.o
                0x000086a8                vListInitialiseItem
 .text.vListInsertEnd
                0x000086c0       0x48 ./freertos/list.o
                0x000086c0                vListInsertEnd
 .text.vListInsert
                0x00008708       0x70 ./freertos/list.o
                0x00008708                vListInsert
 .text.uxListRemove
                0x00008778       0x54 ./freertos/list.o
                0x00008778                uxListRemove
 .text.xQueueGenericReset
                0x000087cc       0xd0 ./freertos/queue.o
                0x000087cc                xQueueGenericReset
 .text.xQueueGenericCreate
                0x0000889c       0xac ./freertos/queue.o
                0x0000889c                xQueueGenericCreate
 .text.xQueueCreateMutex
                0x00008948       0x7c ./freertos/queue.o
                0x00008948                xQueueCreateMutex
 .text.xQueueGetMutexHolder
                0x000089c4       0x30 ./freertos/queue.o
                0x000089c4                xQueueGetMutexHolder
 .text.xQueueCreateCountingSemaphore
                0x000089f4       0x7c ./freertos/queue.o
                0x000089f4                xQueueCreateCountingSemaphore
 .text.xQueueGenericSend
                0x00008a70      0x1ec ./freertos/queue.o
                0x00008a70                xQueueGenericSend
 .text.xQueueGenericSendFromISR
                0x00008c5c      0x118 ./freertos/queue.o
                0x00008c5c                xQueueGenericSendFromISR
 .text.xQueueGiveFromISR
                0x00008d74      0x100 ./freertos/queue.o
                0x00008d74                xQueueGiveFromISR
 .text.xQueueGenericReceive
                0x00008e74      0x20c ./freertos/queue.o
                0x00008e74                xQueueGenericReceive
 .text.prvCopyDataToQueue
                0x00009080       0xdc ./freertos/queue.o
 .text.prvCopyDataFromQueue
                0x0000915c       0x4c ./freertos/queue.o
 .text.prvUnlockQueue
                0x000091a8       0x98 ./freertos/queue.o
 .text.prvIsQueueEmpty
                0x00009240       0x2c ./freertos/queue.o
 .text.prvIsQueueFull
                0x0000926c       0x30 ./freertos/queue.o
 .text.vQueueAddToRegistry
                0x0000929c       0x50 ./freertos/queue.o
                0x0000929c                vQueueAddToRegistry
 .text.vQueueWaitForMessageRestricted
                0x000092ec       0x5c ./freertos/queue.o
                0x000092ec                vQueueWaitForMessageRestricted
 .text.xTaskGenericCreate
                0x00009348      0x198 ./freertos/tasks.o
                0x00009348                xTaskGenericCreate
 .text.vTaskStartScheduler
                0x000094e0       0x98 ./freertos/tasks.o
                0x000094e0                vTaskStartScheduler
 .text.vTaskSuspendAll
                0x00009578       0x1c ./freertos/tasks.o
                0x00009578                vTaskSuspendAll
 .text.xTaskResumeAll
                0x00009594      0x128 ./freertos/tasks.o
                0x00009594                xTaskResumeAll
 .text.xTaskGetTickCount
                0x000096bc       0x20 ./freertos/tasks.o
                0x000096bc                xTaskGetTickCount
 .text.xTaskIncrementTick
                0x000096dc      0x15c ./freertos/tasks.o
                0x000096dc                xTaskIncrementTick
 .text.vTaskSwitchContext
                0x00009838       0xb4 ./freertos/tasks.o
                0x00009838                vTaskSwitchContext
 .text.vTaskPlaceOnEventList
                0x000098ec       0x9c ./freertos/tasks.o
                0x000098ec                vTaskPlaceOnEventList
 .text.vTaskPlaceOnUnorderedEventList
                0x00009988       0xc8 ./freertos/tasks.o
                0x00009988                vTaskPlaceOnUnorderedEventList
 .text.vTaskPlaceOnEventListRestricted
                0x00009a50       0x9c ./freertos/tasks.o
                0x00009a50                vTaskPlaceOnEventListRestricted
 .text.xTaskRemoveFromEventList
                0x00009aec       0xc4 ./freertos/tasks.o
                0x00009aec                xTaskRemoveFromEventList
 .text.xTaskRemoveFromUnorderedEventList
                0x00009bb0       0xcc ./freertos/tasks.o
                0x00009bb0                xTaskRemoveFromUnorderedEventList
 .text.vTaskSetTimeOutState
                0x00009c7c       0x44 ./freertos/tasks.o
                0x00009c7c                vTaskSetTimeOutState
 .text.xTaskCheckForTimeOut
                0x00009cc0       0xbc ./freertos/tasks.o
                0x00009cc0                xTaskCheckForTimeOut
 .text.vTaskMissedYield
                0x00009d7c       0x18 ./freertos/tasks.o
                0x00009d7c                vTaskMissedYield
 .text.prvIdleTask
                0x00009d94       0x30 ./freertos/tasks.o
 .text.prvInitialiseTCBVariables
                0x00009dc4       0xa4 ./freertos/tasks.o
 .text.prvInitialiseTaskLists
                0x00009e68       0x7c ./freertos/tasks.o
 .text.prvCheckTasksWaitingTermination
                0x00009ee4       0x74 ./freertos/tasks.o
 .text.prvAddCurrentTaskToDelayedList
                0x00009f58       0x6c ./freertos/tasks.o
 .text.prvAllocateTCBAndStack
                0x00009fc4       0x70 ./freertos/tasks.o
 .text.prvDeleteTCB
                0x0000a034       0x20 ./freertos/tasks.o
 .text.prvResetNextTaskUnblockTime
                0x0000a054       0x48 ./freertos/tasks.o
 .text.xTaskGetCurrentTaskHandle
                0x0000a09c       0x20 ./freertos/tasks.o
                0x0000a09c                xTaskGetCurrentTaskHandle
 .text.xTaskGetSchedulerState
                0x0000a0bc       0x3c ./freertos/tasks.o
                0x0000a0bc                xTaskGetSchedulerState
 .text.vTaskPriorityInherit
                0x0000a0f8       0xec ./freertos/tasks.o
                0x0000a0f8                vTaskPriorityInherit
 .text.xTaskPriorityDisinherit
                0x0000a1e4      0x108 ./freertos/tasks.o
                0x0000a1e4                xTaskPriorityDisinherit
 .text.uxTaskResetEventItemValue
                0x0000a2ec       0x30 ./freertos/tasks.o
                0x0000a2ec                uxTaskResetEventItemValue
 .text.pvTaskIncrementMutexHeldCount
                0x0000a31c       0x28 ./freertos/tasks.o
                0x0000a31c                pvTaskIncrementMutexHeldCount
 .text.xTimerCreateTimerTask
                0x0000a344       0x64 ./freertos/timers.o
                0x0000a344                xTimerCreateTimerTask
 .text.xTimerGenericCommand
                0x0000a3a8       0xa4 ./freertos/timers.o
                0x0000a3a8                xTimerGenericCommand
 .text.prvProcessExpiredTimer
                0x0000a44c       0x80 ./freertos/timers.o
 .text.prvTimerTask
                0x0000a4cc       0x24 ./freertos/timers.o
 .text.prvProcessTimerOrBlockTask
                0x0000a4f0       0x9c ./freertos/timers.o
 .text.prvGetNextExpireTime
                0x0000a58c       0x48 ./freertos/timers.o
 .text.prvSampleTimeNow
                0x0000a5d4       0x40 ./freertos/timers.o
 .text.prvInsertTimerInActiveList
                0x0000a614       0x84 ./freertos/timers.o
 .text.prvProcessReceivedCommands
                0x0000a698      0x164 ./freertos/timers.o
 .text.prvSwitchTimerLists
                0x0000a7fc       0xc0 ./freertos/timers.o
 .text.prvCheckForValidListAndQueue
                0x0000a8bc       0x8c ./freertos/timers.o
 .text.xTimerPendFunctionCallFromISR
                0x0000a948       0x44 ./freertos/timers.o
                0x0000a948                xTimerPendFunctionCallFromISR
 .text.NVIC_EnableIRQ
                0x0000a98c       0x30 ./framework/TimersManager/Source/TMR_Adapter.o
 .text.NVIC_ClearPendingIRQ
                0x0000a9bc       0x34 ./framework/TimersManager/Source/TMR_Adapter.o
 .text.NVIC_SetPriority
                0x0000a9f0       0x54 ./framework/TimersManager/Source/TMR_Adapter.o
 .text.FTM_StartTimer
                0x0000aa44       0x38 ./framework/TimersManager/Source/TMR_Adapter.o
 .text.FTM_StopTimer
                0x0000aa7c       0x20 ./framework/TimersManager/Source/TMR_Adapter.o
 .text.StackTimer_Init
                0x0000aa9c       0x78 ./framework/TimersManager/Source/TMR_Adapter.o
                0x0000aa9c                StackTimer_Init
 .text.StackTimer_Enable
                0x0000ab14       0x18 ./framework/TimersManager/Source/TMR_Adapter.o
                0x0000ab14                StackTimer_Enable
 .text.StackTimer_Disable
                0x0000ab2c       0x14 ./framework/TimersManager/Source/TMR_Adapter.o
                0x0000ab2c                StackTimer_Disable
 .text.StackTimer_GetInputFrequency
                0x0000ab40       0x24 ./framework/TimersManager/Source/TMR_Adapter.o
                0x0000ab40                StackTimer_GetInputFrequency
 .text.StackTimer_GetCounterValue
                0x0000ab64       0x18 ./framework/TimersManager/Source/TMR_Adapter.o
                0x0000ab64                StackTimer_GetCounterValue
 .text.StackTimer_SetOffsetTicks
                0x0000ab7c       0x24 ./framework/TimersManager/Source/TMR_Adapter.o
                0x0000ab7c                StackTimer_SetOffsetTicks
 .text.StackTimer_ClearIntFlag
                0x0000aba0       0x28 ./framework/TimersManager/Source/TMR_Adapter.o
                0x0000aba0                StackTimer_ClearIntFlag
 .text.TMR_GetTimerStatus
                0x0000abc8       0x28 ./framework/TimersManager/Source/TimersManager.o
 .text.TMR_SetTimerStatus
                0x0000abf0       0x38 ./framework/TimersManager/Source/TimersManager.o
 .text.TMR_GetTimerType
                0x0000ac28       0x28 ./framework/TimersManager/Source/TimersManager.o
 .text.TMR_SetTimerType
                0x0000ac50       0x38 ./framework/TimersManager/Source/TimersManager.o
 .text.TmrTicksFromMilliseconds
                0x0000ac88       0x50 ./framework/TimersManager/Source/TimersManager.o
                0x0000ac88                TmrTicksFromMilliseconds
 .text.TMR_Init
                0x0000acd8       0x7c ./framework/TimersManager/Source/TimersManager.o
                0x0000acd8                TMR_Init
 .text.TMR_NotifyClkChanged
                0x0000ad54       0x40 ./framework/TimersManager/Source/TimersManager.o
                0x0000ad54                TMR_NotifyClkChanged
 .text.TMR_AllocateTimer
                0x0000ad94       0x48 ./framework/TimersManager/Source/TimersManager.o
                0x0000ad94                TMR_AllocateTimer
 .text.TMR_AreAllTimersOff
                0x0000addc       0x20 ./framework/TimersManager/Source/TimersManager.o
                0x0000addc                TMR_AreAllTimersOff
 .text.StackTimer_ISR
                0x0000adfc       0x1c ./framework/TimersManager/Source/TimersManager.o
 .text.TMR_IsTimerActive
                0x0000ae18       0x28 ./framework/TimersManager/Source/TimersManager.o
                0x0000ae18                TMR_IsTimerActive
 .text.TMR_StartTimer
                0x0000ae40       0xbc ./framework/TimersManager/Source/TimersManager.o
                0x0000ae40                TMR_StartTimer
 .text.TMR_StartIntervalTimer
                0x0000aefc       0x2c ./framework/TimersManager/Source/TimersManager.o
                0x0000aefc                TMR_StartIntervalTimer
 .text.TMR_StartSingleShotTimer
                0x0000af28       0x2c ./framework/TimersManager/Source/TimersManager.o
                0x0000af28                TMR_StartSingleShotTimer
 .text.TMR_StopTimer
                0x0000af54       0xc4 ./framework/TimersManager/Source/TimersManager.o
                0x0000af54                TMR_StopTimer
 .text.TMR_Task
                0x0000b018      0x2ec ./framework/TimersManager/Source/TimersManager.o
                0x0000b018                TMR_Task
 .text.TMR_EnableTimer
                0x0000b304       0x78 ./framework/TimersManager/Source/TimersManager.o
                0x0000b304                TMR_EnableTimer
 .text.SerialManager_Init
                0x0000b37c       0x78 ./framework/SerialManager/Source/SerialManager.o
                0x0000b37c                SerialManager_Init
 .text.SerialManagerTask
                0x0000b3f4      0x134 ./framework/SerialManager/Source/SerialManager.o
                0x0000b3f4                SerialManagerTask
 .text.Serial_InitInterface
                0x0000b528      0x16c ./framework/SerialManager/Source/SerialManager.o
                0x0000b528                Serial_InitInterface
 .text.Serial_AsyncWrite
                0x0000b694      0x15c ./framework/SerialManager/Source/SerialManager.o
                0x0000b694                Serial_AsyncWrite
 .text.Serial_SyncWrite
                0x0000b7f0       0xb4 ./framework/SerialManager/Source/SerialManager.o
                0x0000b7f0                Serial_SyncWrite
 .text.Serial_Read
                0x0000b8a4       0xcc ./framework/SerialManager/Source/SerialManager.o
                0x0000b8a4                Serial_Read
 .text.Serial_RxBufferByteCount
                0x0000b970       0xc4 ./framework/SerialManager/Source/SerialManager.o
                0x0000b970                Serial_RxBufferByteCount
 .text.Serial_SetRxCallBack
                0x0000ba34       0x58 ./framework/SerialManager/Source/SerialManager.o
                0x0000ba34                Serial_SetRxCallBack
 .text.Serial_SetBaudRate
                0x0000ba8c       0x6c ./framework/SerialManager/Source/SerialManager.o
                0x0000ba8c                Serial_SetBaudRate
 .text.Serial_Print
                0x0000baf8       0x60 ./framework/SerialManager/Source/SerialManager.o
                0x0000baf8                Serial_Print
 .text.Serial_PrintHex
                0x0000bb58      0x158 ./framework/SerialManager/Source/SerialManager.o
                0x0000bb58                Serial_PrintHex
 .text.Serial_WriteInternal
                0x0000bcb0       0xe8 ./framework/SerialManager/Source/SerialManager.o
 .text.SerialManager_RxNotify
                0x0000bd98       0xb0 ./framework/SerialManager/Source/SerialManager.o
                0x0000bd98                SerialManager_RxNotify
 .text.SerialManager_TxNotify
                0x0000be48       0xd0 ./framework/SerialManager/Source/SerialManager.o
                0x0000be48                SerialManager_TxNotify
 .text.Serial_TxQueueMaintenance
                0x0000bf18      0x124 ./framework/SerialManager/Source/SerialManager.o
 .text.Serial_SyncTxCallback
                0x0000c03c       0x1c ./framework/SerialManager/Source/SerialManager.o
 .text.Serial_UartRxCb
                0x0000c058       0x4c ./framework/SerialManager/Source/SerialManager.o
 .text.Serial_UartTxCb
                0x0000c0a4       0x18 ./framework/SerialManager/Source/SerialManager.o
 .text.NVIC_EnableIRQ
                0x0000c0bc       0x30 ./framework/SerialManager/Source/UART_Adapter.o
 .text.NVIC_SetPriority
                0x0000c0ec       0x54 ./framework/SerialManager/Source/UART_Adapter.o
 .text.UART_WriteByte
                0x0000c140       0x1c ./framework/SerialManager/Source/UART_Adapter.o
 .text.UART_ReadByte
                0x0000c15c       0x1c ./framework/SerialManager/Source/UART_Adapter.o
 .text.UART_Initialize
                0x0000c178       0xdc ./framework/SerialManager/Source/UART_Adapter.o
                0x0000c178                UART_Initialize
 .text.UART_SetBaudrate
                0x0000c254       0x44 ./framework/SerialManager/Source/UART_Adapter.o
                0x0000c254                UART_SetBaudrate
 .text.UART_SendData
                0x0000c298       0xb0 ./framework/SerialManager/Source/UART_Adapter.o
                0x0000c298                UART_SendData
 .text.UART_InstallRxCalback
                0x0000c348       0x48 ./framework/SerialManager/Source/UART_Adapter.o
                0x0000c348                UART_InstallRxCalback
 .text.UART_InstallTxCalback
                0x0000c390       0x48 ./framework/SerialManager/Source/UART_Adapter.o
                0x0000c390                UART_InstallTxCalback
 .text.UART_IsTxActive
                0x0000c3d8       0x58 ./framework/SerialManager/Source/UART_Adapter.o
                0x0000c3d8                UART_IsTxActive
 .text.UART_ISR
                0x0000c430      0x148 ./framework/SerialManager/Source/UART_Adapter.o
 .text.SecLib_Init
                0x0000c578       0x30 ./framework/SecLib/SecLib.o
                0x0000c578                SecLib_Init
 .text.AES_128_Encrypt
                0x0000c5a8       0xc8 ./framework/SecLib/SecLib.o
                0x0000c5a8                AES_128_Encrypt
 .text.AES_128_CCM
                0x0000c670       0x68 ./framework/SecLib/SecLib.o
                0x0000c670                AES_128_CCM
 .text.SecLib_XorN
                0x0000c6d8       0x44 ./framework/SecLib/SecLib.o
                0x0000c6d8                SecLib_XorN
 .text.RNG_Init
                0x0000c71c       0x44 ./framework/RNG/Source/RNG.o
                0x0000c71c                RNG_Init
 .text.RNG_GetRandomNo
                0x0000c760       0x2c ./framework/RNG/Source/RNG.o
                0x0000c760                RNG_GetRandomNo
 .text.panic    0x0000c78c       0x18 ./framework/Panic/Source/Panic.o
                0x0000c78c                panic
 .text.startup_task
                0x0000c7a4       0x10 ./framework/OSAbstraction/Interface/fsl_os_abstraction_free_rtos.o
                0x0000c7a4                startup_task
 .text.OSA_TaskGetId
                0x0000c7b4       0x10 ./framework/OSAbstraction/Interface/fsl_os_abstraction_free_rtos.o
                0x0000c7b4                OSA_TaskGetId
 .text.OSA_TaskCreate
                0x0000c7c4       0x58 ./framework/OSAbstraction/Interface/fsl_os_abstraction_free_rtos.o
                0x0000c7c4                OSA_TaskCreate
 .text.OSA_SemaphoreCreate
                0x0000c81c       0x1c ./framework/OSAbstraction/Interface/fsl_os_abstraction_free_rtos.o
                0x0000c81c                OSA_SemaphoreCreate
 .text.OSA_SemaphoreWait
                0x0000c838       0x60 ./framework/OSAbstraction/Interface/fsl_os_abstraction_free_rtos.o
                0x0000c838                OSA_SemaphoreWait
 .text.OSA_SemaphorePost
                0x0000c898       0x84 ./framework/OSAbstraction/Interface/fsl_os_abstraction_free_rtos.o
                0x0000c898                OSA_SemaphorePost
 .text.OSA_MutexCreate
                0x0000c91c       0x18 ./framework/OSAbstraction/Interface/fsl_os_abstraction_free_rtos.o
                0x0000c91c                OSA_MutexCreate
 .text.OSA_MutexLock
                0x0000c934       0x78 ./framework/OSAbstraction/Interface/fsl_os_abstraction_free_rtos.o
                0x0000c934                OSA_MutexLock
 .text.OSA_MutexUnlock
                0x0000c9ac       0x4c ./framework/OSAbstraction/Interface/fsl_os_abstraction_free_rtos.o
                0x0000c9ac                OSA_MutexUnlock
 .text.OSA_EventCreate
                0x0000c9f8       0x64 ./framework/OSAbstraction/Interface/fsl_os_abstraction_free_rtos.o
                0x0000c9f8                OSA_EventCreate
 .text.OSA_EventSet
                0x0000ca5c       0xa4 ./framework/OSAbstraction/Interface/fsl_os_abstraction_free_rtos.o
                0x0000ca5c                OSA_EventSet
 .text.OSA_EventWait
                0x0000cb00       0xa0 ./framework/OSAbstraction/Interface/fsl_os_abstraction_free_rtos.o
                0x0000cb00                OSA_EventWait
 .text.OSA_InterruptEnable
                0x0000cba0       0x4c ./framework/OSAbstraction/Interface/fsl_os_abstraction_free_rtos.o
                0x0000cba0                OSA_InterruptEnable
 .text.OSA_InterruptDisable
                0x0000cbec       0x60 ./framework/OSAbstraction/Interface/fsl_os_abstraction_free_rtos.o
                0x0000cbec                OSA_InterruptDisable
 .text.OSA_InstallIntHandler
                0x0000cc4c       0x20 ./framework/OSAbstraction/Interface/fsl_os_abstraction_free_rtos.o
                0x0000cc4c                OSA_InstallIntHandler
 .text.main     0x0000cc6c       0x20 ./framework/OSAbstraction/Interface/fsl_os_abstraction_free_rtos.o
                0x0000cc6c                main
 .text.osObjectAlloc
                0x0000cc8c       0x50 ./framework/OSAbstraction/Interface/fsl_os_abstraction_free_rtos.o
 .text.osObjectIsAllocated
                0x0000ccdc       0x54 ./framework/OSAbstraction/Interface/fsl_os_abstraction_free_rtos.o
 .text.osObjectFree
                0x0000cd30       0x4c ./framework/OSAbstraction/Interface/fsl_os_abstraction_free_rtos.o
 .text.ListAddTailMsg
                0x0000cd7c       0x24 ./framework/Messaging/Source/Messaging.o
                0x0000cd7c                ListAddTailMsg
 .text.ListAddHeadMsg
                0x0000cda0       0x24 ./framework/Messaging/Source/Messaging.o
                0x0000cda0                ListAddHeadMsg
 .text.ListRemoveHeadMsg
                0x0000cdc4       0x28 ./framework/Messaging/Source/Messaging.o
                0x0000cdc4                ListRemoveHeadMsg
 .text.ListGetHeadMsg
                0x0000cdec       0x30 ./framework/Messaging/Source/Messaging.o
                0x0000cdec                ListGetHeadMsg
 .text.ListGetNextMsg
                0x0000ce1c       0x38 ./framework/Messaging/Source/Messaging.o
                0x0000ce1c                ListGetNextMsg
 .text.ListRemoveMsg
                0x0000ce54       0x20 ./framework/Messaging/Source/Messaging.o
                0x0000ce54                ListRemoveMsg
 .text.MEM_Init
                0x0000ce74       0xbc ./framework/MemManager/Source/MemManager.o
                0x0000ce74                MEM_Init
 .text.MEM_BufferAllocWithId
                0x0000cf30       0xac ./framework/MemManager/Source/MemManager.o
                0x0000cf30                MEM_BufferAllocWithId
 .text.MEM_BufferFree
                0x0000cfdc       0xb0 ./framework/MemManager/Source/MemManager.o
                0x0000cfdc                MEM_BufferFree
 .text.ListInit
                0x0000d08c       0x30 ./framework/Lists/GenericList.o
                0x0000d08c                ListInit
 .text.ListAddTail
                0x0000d0bc       0x78 ./framework/Lists/GenericList.o
                0x0000d0bc                ListAddTail
 .text.ListAddHead
                0x0000d134       0x78 ./framework/Lists/GenericList.o
                0x0000d134                ListAddHead
 .text.ListRemoveHead
                0x0000d1ac       0x68 ./framework/Lists/GenericList.o
                0x0000d1ac                ListRemoveHead
 .text.ListRemoveElement
                0x0000d214       0x80 ./framework/Lists/GenericList.o
                0x0000d214                ListRemoveElement
 .text.ListGetSize
                0x0000d294       0x18 ./framework/Lists/GenericList.o
                0x0000d294                ListGetSize
 .text.LED_Init
                0x0000d2ac       0x28 ./framework/LED/Source/LED.o
                0x0000d2ac                LED_Init
 .text.LED_Operate
                0x0000d2d4       0x5c ./framework/LED/Source/LED.o
                0x0000d2d4                LED_Operate
 .text.LED_TurnOnLed
                0x0000d330       0x1c ./framework/LED/Source/LED.o
                0x0000d330                LED_TurnOnLed
 .text.LED_TurnOffLed
                0x0000d34c       0x1c ./framework/LED/Source/LED.o
                0x0000d34c                LED_TurnOffLed
 .text.LED_ToggleLed
                0x0000d368       0x1c ./framework/LED/Source/LED.o
                0x0000d368                LED_ToggleLed
 .text.LED_StopFlashingAllLeds
                0x0000d384       0x10 ./framework/LED/Source/LED.o
                0x0000d384                LED_StopFlashingAllLeds
 .text.LED_StartBlip
                0x0000d394       0x48 ./framework/LED/Source/LED.o
                0x0000d394                LED_StartBlip
 .text.LED_StopFlash
                0x0000d3dc       0x44 ./framework/LED/Source/LED.o
                0x0000d3dc                LED_StopFlash
 .text.LED_SetLed
                0x0000d420       0x94 ./framework/LED/Source/LED.o
                0x0000d420                LED_SetLed
 .text.LED_StartFlashWithPeriod
                0x0000d4b4       0x54 ./framework/LED/Source/LED.o
                0x0000d4b4                LED_StartFlashWithPeriod
 .text.LED_StartSerialFlashWithPeriod
                0x0000d508       0x74 ./framework/LED/Source/LED.o
                0x0000d508                LED_StartSerialFlashWithPeriod
 .text.LED_StopSerialFlash
                0x0000d57c       0x58 ./framework/LED/Source/LED.o
                0x0000d57c                LED_StopSerialFlash
 .text.LED_GpioSet
                0x0000d5d4       0x3c ./framework/LED/Source/LED.o
 .text.LED_DecrementBlip
                0x0000d610       0x78 ./framework/LED/Source/LED.o
 .text.LED_FlashTimeout
                0x0000d688       0x68 ./framework/LED/Source/LED.o
 .text.KbGpioInit
                0x0000d6f0       0x44 ./framework/Keyboard/Source/Keyboard.o
 .text.KBD_KeySwitchPortGet
                0x0000d734       0x7c ./framework/Keyboard/Source/Keyboard.o
 .text.KBD_KeyCheck
                0x0000d7b0       0x88 ./framework/Keyboard/Source/Keyboard.o
 .text.KeyScan  0x0000d838      0x130 ./framework/Keyboard/Source/Keyboard.o
 .text.Switch_CheckIRQ
                0x0000d968       0x44 ./framework/Keyboard/Source/Keyboard.o
 .text.KBD_Init
                0x0000d9ac       0xc0 ./framework/Keyboard/Source/Keyboard.o
                0x0000d9ac                KBD_Init
 .text.Switch_Press_ISR
                0x0000da6c       0x68 ./framework/Keyboard/Source/Keyboard.o
                0x0000da6c                Switch_Press_ISR
 .text.NVIC_EnableIRQ
                0x0000dad4       0x30 ./framework/GPIO/Source/GPIO_Adapter.o
 .text.NVIC_ClearPendingIRQ
                0x0000db04       0x34 ./framework/GPIO/Source/GPIO_Adapter.o
 .text.NVIC_SetPriority
                0x0000db38       0x54 ./framework/GPIO/Source/GPIO_Adapter.o
 .text.NVIC_GetPriority
                0x0000db8c       0x50 ./framework/GPIO/Source/GPIO_Adapter.o
 .text.GPIO_SetPinsOutput
                0x0000dbdc       0x1c ./framework/GPIO/Source/GPIO_Adapter.o
 .text.GPIO_ClearPinsOutput
                0x0000dbf8       0x1c ./framework/GPIO/Source/GPIO_Adapter.o
 .text.GPIO_TogglePinsOutput
                0x0000dc14       0x1c ./framework/GPIO/Source/GPIO_Adapter.o
 .text.GPIO_ReadPinInput
                0x0000dc30       0x24 ./framework/GPIO/Source/GPIO_Adapter.o
 .text.PORT_SetPinConfig
                0x0000dc54       0x44 ./framework/GPIO/Source/GPIO_Adapter.o
 .text.PORT_SetPinMux
                0x0000dc98       0x38 ./framework/GPIO/Source/GPIO_Adapter.o
 .text.PORT_SetPinInterruptConfig
                0x0000dcd0       0x38 ./framework/GPIO/Source/GPIO_Adapter.o
 .text.PORT_GetPinsInterruptFlags
                0x0000dd08       0x1c ./framework/GPIO/Source/GPIO_Adapter.o
 .text.PORT_ClearPinsInterruptFlags
                0x0000dd24       0x1c ./framework/GPIO/Source/GPIO_Adapter.o
 .text.GpioSetPinInterrupt
                0x0000dd40       0x34 ./framework/GPIO/Source/GPIO_Adapter.o
                0x0000dd40                GpioSetPinInterrupt
 .text.GpioSetPassiveFilter
                0x0000dd74       0x5c ./framework/GPIO/Source/GPIO_Adapter.o
                0x0000dd74                GpioSetPassiveFilter
 .text.GpioSetPinMux
                0x0000ddd0       0x34 ./framework/GPIO/Source/GPIO_Adapter.o
                0x0000ddd0                GpioSetPinMux
 .text.GpioClearPinIntFlag
                0x0000de04       0x30 ./framework/GPIO/Source/GPIO_Adapter.o
                0x0000de04                GpioClearPinIntFlag
 .text.GpioIsPinIntPending
                0x0000de34       0x38 ./framework/GPIO/Source/GPIO_Adapter.o
                0x0000de34                GpioIsPinIntPending
 .text.GpioSetPinOutput
                0x0000de6c       0x30 ./framework/GPIO/Source/GPIO_Adapter.o
                0x0000de6c                GpioSetPinOutput
 .text.GpioClearPinOutput
                0x0000de9c       0x30 ./framework/GPIO/Source/GPIO_Adapter.o
                0x0000de9c                GpioClearPinOutput
 .text.GpioTogglePinOutput
                0x0000decc       0x30 ./framework/GPIO/Source/GPIO_Adapter.o
                0x0000decc                GpioTogglePinOutput
 .text.GpioReadPinInput
                0x0000defc       0x30 ./framework/GPIO/Source/GPIO_Adapter.o
                0x0000defc                GpioReadPinInput
 .text.GpioInputPinInit
                0x0000df2c       0xfc ./framework/GPIO/Source/GPIO_Adapter.o
                0x0000df2c                GpioInputPinInit
 .text.GpioOutputPinInit
                0x0000e028       0xe4 ./framework/GPIO/Source/GPIO_Adapter.o
                0x0000e028                GpioOutputPinInit
 .text.GpioInstallIsr
                0x0000e10c      0x238 ./framework/GPIO/Source/GPIO_Adapter.o
                0x0000e10c                GpioInstallIsr
 .text.Gpio_CommonIsr
                0x0000e344       0xa8 ./framework/GPIO/Source/GPIO_Adapter.o
 .text.Gpio_InstallPortISR
                0x0000e3ec       0x54 ./framework/GPIO/Source/GPIO_Adapter.o
 .text.FLib_MemCpy
                0x0000e440       0x38 ./framework/FunctionLib/FunctionLib.o
                0x0000e440                FLib_MemCpy
 .text.FLib_MemCpyReverseOrder
                0x0000e478       0x48 ./framework/FunctionLib/FunctionLib.o
                0x0000e478                FLib_MemCpyReverseOrder
 .text.FLib_MemCmp
                0x0000e4c0       0x4c ./framework/FunctionLib/FunctionLib.o
                0x0000e4c0                FLib_MemCmp
 .text.FLib_MemSet
                0x0000e50c       0x30 ./framework/FunctionLib/FunctionLib.o
                0x0000e50c                FLib_MemSet
 .text.CLOCK_EnableClock
                0x0000e53c       0x34 ./drivers/fsl_clock.o
 .text.CLOCK_DisableClock
                0x0000e570       0x38 ./drivers/fsl_clock.o
 .text.CLOCK_SetEr32kClock
                0x0000e5a8       0x2c ./drivers/fsl_clock.o
 .text.CLOCK_SetPllFllSelClock
                0x0000e5d4       0x38 ./drivers/fsl_clock.o
 .text.OSC_SetExtRefClkConfig
                0x0000e60c       0x34 ./drivers/fsl_clock.o
 .text.OSC_SetCapLoad
                0x0000e640       0x34 ./drivers/fsl_clock.o
 .text.CLOCK_GetMcgExtClkFreq
                0x0000e674       0x8c ./drivers/fsl_clock.o
 .text.CLOCK_GetFllExtRefClkFreq
                0x0000e700       0xc8 ./drivers/fsl_clock.o
 .text.CLOCK_GetInternalRefClkSelectFreq
                0x0000e7c8       0x44 ./drivers/fsl_clock.o
 .text.CLOCK_GetFllRefClkFreq
                0x0000e80c       0x2c ./drivers/fsl_clock.o
 .text.CLOCK_GetPll0RefFreq
                0x0000e838       0x10 ./drivers/fsl_clock.o
 .text.CLOCK_GetOscRangeFromFreq
                0x0000e848       0x3c ./drivers/fsl_clock.o
 .text.CLOCK_GetOsc0ErClkFreq
                0x0000e884       0x48 ./drivers/fsl_clock.o
                0x0000e884                CLOCK_GetOsc0ErClkFreq
 .text.CLOCK_GetEr32kClkFreq
                0x0000e8cc       0x80 ./drivers/fsl_clock.o
                0x0000e8cc                CLOCK_GetEr32kClkFreq
 .text.CLOCK_GetPllFllSelClkFreq
                0x0000e94c       0x54 ./drivers/fsl_clock.o
                0x0000e94c                CLOCK_GetPllFllSelClkFreq
 .text.CLOCK_GetFreq
                0x0000e9a0      0x144 ./drivers/fsl_clock.o
                0x0000e9a0                CLOCK_GetFreq
 .text.CLOCK_SetSimConfig
                0x0000eae4       0x34 ./drivers/fsl_clock.o
                0x0000eae4                CLOCK_SetSimConfig
 .text.CLOCK_EnableUsbfs0Clock
                0x0000eb18      0x100 ./drivers/fsl_clock.o
                0x0000eb18                CLOCK_EnableUsbfs0Clock
 .text.CLOCK_GetOutClkFreq
                0x0000ec18       0x64 ./drivers/fsl_clock.o
                0x0000ec18                CLOCK_GetOutClkFreq
 .text.CLOCK_GetFllFreq
                0x0000ec7c       0x74 ./drivers/fsl_clock.o
                0x0000ec7c                CLOCK_GetFllFreq
 .text.CLOCK_GetInternalRefClkFreq
                0x0000ecf0       0x24 ./drivers/fsl_clock.o
                0x0000ecf0                CLOCK_GetInternalRefClkFreq
 .text.CLOCK_GetFixedFreqClkFreq
                0x0000ed14       0x30 ./drivers/fsl_clock.o
                0x0000ed14                CLOCK_GetFixedFreqClkFreq
 .text.CLOCK_GetPll0Freq
                0x0000ed44       0x78 ./drivers/fsl_clock.o
                0x0000ed44                CLOCK_GetPll0Freq
 .text.CLOCK_SetExternalRefClkConfig
                0x0000edbc       0x90 ./drivers/fsl_clock.o
                0x0000edbc                CLOCK_SetExternalRefClkConfig
 .text.CLOCK_SetInternalRefClkConfig
                0x0000ee4c      0x104 ./drivers/fsl_clock.o
                0x0000ee4c                CLOCK_SetInternalRefClkConfig
 .text.CLOCK_EnablePll0
                0x0000ef50       0x94 ./drivers/fsl_clock.o
                0x0000ef50                CLOCK_EnablePll0
 .text.CLOCK_InitOsc0
                0x0000efe4       0x8c ./drivers/fsl_clock.o
                0x0000efe4                CLOCK_InitOsc0
 .text.CLOCK_SetPbeMode
                0x0000f070       0x98 ./drivers/fsl_clock.o
                0x0000f070                CLOCK_SetPbeMode
 .text.CLOCK_BootToPeeMode
                0x0000f108       0x74 ./drivers/fsl_clock.o
                0x0000f108                CLOCK_BootToPeeMode
 .text.__assert_func
                0x0000f17c       0x28 ./drivers/fsl_common.o
                0x0000f17c                __assert_func
 .text.InstallIRQHandler
                0x0000f1a4       0x74 ./drivers/fsl_common.o
                0x0000f1a4                InstallIRQHandler
 .text.CLOCK_EnableClock
                0x0000f218       0x34 ./drivers/fsl_dspi.o
 .text.DSPI_Enable
                0x0000f24c       0x38 ./drivers/fsl_dspi.o
 .text.DSPI_GetStatusFlags
                0x0000f284       0x18 ./drivers/fsl_dspi.o
 .text.DSPI_ClearStatusFlags
                0x0000f29c       0x1c ./drivers/fsl_dspi.o
 .text.DSPI_SetMasterSlaveMode
                0x0000f2b8       0x28 ./drivers/fsl_dspi.o
 .text.DSPI_IsMaster
                0x0000f2e0       0x1c ./drivers/fsl_dspi.o
 .text.DSPI_StartTransfer
                0x0000f2fc       0x20 ./drivers/fsl_dspi.o
 .text.DSPI_StopTransfer
                0x0000f31c       0x20 ./drivers/fsl_dspi.o
 .text.DSPI_GetInstance
                0x0000f33c       0x58 ./drivers/fsl_dspi.o
                0x0000f33c                DSPI_GetInstance
 .text.DSPI_MasterInit
                0x0000f394      0x16c ./drivers/fsl_dspi.o
                0x0000f394                DSPI_MasterInit
 .text.DSPI_MasterGetDefaultConfig
                0x0000f500       0x7c ./drivers/fsl_dspi.o
                0x0000f500                DSPI_MasterGetDefaultConfig
 .text.DSPI_SetOnePcsPolarity
                0x0000f57c       0x4c ./drivers/fsl_dspi.o
 .text.DSPI_MasterSetBaudRate
                0x0000f5c8      0x120 ./drivers/fsl_dspi.o
                0x0000f5c8                DSPI_MasterSetBaudRate
 .text.DSPI_MasterSetDelayScaler
                0x0000f6e8       0xd0 ./drivers/fsl_dspi.o
                0x0000f6e8                DSPI_MasterSetDelayScaler
 .text.DSPI_MasterSetDelayTimes
                0x0000f7b8      0x12c ./drivers/fsl_dspi.o
                0x0000f7b8                DSPI_MasterSetDelayTimes
 .text.DSPI_GetDefaultDataCommandConfig
                0x0000f8e4       0x30 ./drivers/fsl_dspi.o
                0x0000f8e4                DSPI_GetDefaultDataCommandConfig
 .text.DSPI_MasterWriteCommandDataBlocking
                0x0000f914       0x54 ./drivers/fsl_dspi.o
                0x0000f914                DSPI_MasterWriteCommandDataBlocking
 .text.DSPI_CommonIRQHandler
                0x0000f968       0x3c ./drivers/fsl_dspi.o
 .text.SPI0_DriverIRQHandler
                0x0000f9a4       0x3c ./drivers/fsl_dspi.o
                0x0000f9a4                SPI0_DriverIRQHandler
 .text.SPI1_DriverIRQHandler
                0x0000f9e0       0x3c ./drivers/fsl_dspi.o
                0x0000f9e0                SPI1_DriverIRQHandler
 .text.SPI2_DriverIRQHandler
                0x0000fa1c       0x3c ./drivers/fsl_dspi.o
                0x0000fa1c                SPI2_DriverIRQHandler
 .text.CLOCK_EnableClock
                0x0000fa58       0x34 ./drivers/fsl_ftm.o
 .text.FTM_GetInstance
                0x0000fa8c       0x60 ./drivers/fsl_ftm.o
 .text.FTM_SetPwmSync
                0x0000faec      0x118 ./drivers/fsl_ftm.o
 .text.FTM_SetReloadPoints
                0x0000fc04      0x170 ./drivers/fsl_ftm.o
 .text.FTM_Init
                0x0000fd74      0x100 ./drivers/fsl_ftm.o
                0x0000fd74                FTM_Init
 .text.FTM_SetupOutputCompare
                0x0000fe74       0x9c ./drivers/fsl_ftm.o
                0x0000fe74                FTM_SetupOutputCompare
 .text.FTM_EnableInterrupts
                0x0000ff10       0x88 ./drivers/fsl_ftm.o
                0x0000ff10                FTM_EnableInterrupts
 .text.FTM_GetStatusFlags
                0x0000ff98       0x64 ./drivers/fsl_ftm.o
                0x0000ff98                FTM_GetStatusFlags
 .text.FTM_ClearStatusFlags
                0x0000fffc       0x68 ./drivers/fsl_ftm.o
                0x0000fffc                FTM_ClearStatusFlags
 .text.GPIO_WritePinOutput
                0x00010064       0x3c ./drivers/fsl_gpio.o
 .text.GPIO_PinInit
                0x000100a0       0x70 ./drivers/fsl_gpio.o
                0x000100a0                GPIO_PinInit
 .text.I2C_TransferCommonIRQHandler
                0x00010110       0x4c ./drivers/fsl_i2c.o
 .text.I2C0_DriverIRQHandler
                0x0001015c       0x1c ./drivers/fsl_i2c.o
                0x0001015c                I2C0_DriverIRQHandler
 .text.I2C1_DriverIRQHandler
                0x00010178       0x1c ./drivers/fsl_i2c.o
                0x00010178                I2C1_DriverIRQHandler
 .text.I2C2_DriverIRQHandler
                0x00010194       0x1c ./drivers/fsl_i2c.o
                0x00010194                I2C2_DriverIRQHandler
 .text.CLOCK_EnableClock
                0x000101b0       0x34 ./drivers/fsl_rnga.o
 .text.CLOCK_DisableClock
                0x000101e4       0x38 ./drivers/fsl_rnga.o
 .text.RNGA_Init
                0x0001021c       0x38 ./drivers/fsl_rnga.o
                0x0001021c                RNGA_Init
 .text.rnga_ReadEntropy
                0x00010254       0x38 ./drivers/fsl_rnga.o
 .text.RNGA_GetRandomData
                0x0001028c       0x88 ./drivers/fsl_rnga.o
                0x0001028c                RNGA_GetRandomData
 .text.RNGA_GetMode
                0x00010314       0x20 ./drivers/fsl_rnga.o
                0x00010314                RNGA_GetMode
 .text.CLOCK_EnableClock
                0x00010334       0x34 ./drivers/fsl_uart.o
 .text.UART_GetInstance
                0x00010368       0x60 ./drivers/fsl_uart.o
                0x00010368                UART_GetInstance
 .text.UART_Init
                0x000103c8      0x2bc ./drivers/fsl_uart.o
                0x000103c8                UART_Init
 .text.UART_GetDefaultConfig
                0x00010684       0x5c ./drivers/fsl_uart.o
                0x00010684                UART_GetDefaultConfig
 .text.UART_SetBaudRate
                0x000106e0      0x108 ./drivers/fsl_uart.o
                0x000106e0                UART_SetBaudRate
 .text.UART_EnableInterrupts
                0x000107e8       0x70 ./drivers/fsl_uart.o
                0x000107e8                UART_EnableInterrupts
 .text.UART_DisableInterrupts
                0x00010858       0x80 ./drivers/fsl_uart.o
                0x00010858                UART_DisableInterrupts
 .text.UART_GetEnabledInterrupts
                0x000108d8       0x4c ./drivers/fsl_uart.o
                0x000108d8                UART_GetEnabledInterrupts
 .text.UART_GetStatusFlags
                0x00010924       0x48 ./drivers/fsl_uart.o
                0x00010924                UART_GetStatusFlags
 .text.UART_ClearStatusFlags
                0x0001096c       0x8c ./drivers/fsl_uart.o
                0x0001096c                UART_ClearStatusFlags
 .text.UART0_DriverIRQHandler
                0x000109f8       0x20 ./drivers/fsl_uart.o
                0x000109f8                UART0_DriverIRQHandler
 .text.UART0_RX_TX_DriverIRQHandler
                0x00010a18        0xc ./drivers/fsl_uart.o
                0x00010a18                UART0_RX_TX_DriverIRQHandler
 .text.UART1_DriverIRQHandler
                0x00010a24       0x20 ./drivers/fsl_uart.o
                0x00010a24                UART1_DriverIRQHandler
 .text.UART1_RX_TX_DriverIRQHandler
                0x00010a44        0xc ./drivers/fsl_uart.o
                0x00010a44                UART1_RX_TX_DriverIRQHandler
 .text.UART2_DriverIRQHandler
                0x00010a50       0x20 ./drivers/fsl_uart.o
                0x00010a50                UART2_DriverIRQHandler
 .text.UART2_RX_TX_DriverIRQHandler
                0x00010a70        0xc ./drivers/fsl_uart.o
                0x00010a70                UART2_RX_TX_DriverIRQHandler
 .text.UART3_DriverIRQHandler
                0x00010a7c       0x20 ./drivers/fsl_uart.o
                0x00010a7c                UART3_DriverIRQHandler
 .text.UART3_RX_TX_DriverIRQHandler
                0x00010a9c        0xc ./drivers/fsl_uart.o
                0x00010a9c                UART3_RX_TX_DriverIRQHandler
 .text.UART4_DriverIRQHandler
                0x00010aa8       0x20 ./drivers/fsl_uart.o
                0x00010aa8                UART4_DriverIRQHandler
 .text.UART4_RX_TX_DriverIRQHandler
                0x00010ac8        0xc ./drivers/fsl_uart.o
                0x00010ac8                UART4_RX_TX_DriverIRQHandler
 .text.UART5_DriverIRQHandler
                0x00010ad4       0x20 ./drivers/fsl_uart.o
                0x00010ad4                UART5_DriverIRQHandler
 .text.UART5_RX_TX_DriverIRQHandler
                0x00010af4        0xc ./drivers/fsl_uart.o
                0x00010af4                UART5_RX_TX_DriverIRQHandler
 .text.BOARD_GetUartClock
                0x00010b00       0x18 ./board/board.o
                0x00010b00                BOARD_GetUartClock
 .text.BOARD_GetFtmClock
                0x00010b18       0x18 ./board/board.o
                0x00010b18                BOARD_GetFtmClock
 .text.BOARD_GetSpiClock
                0x00010b30       0x18 ./board/board.o
                0x00010b30                BOARD_GetSpiClock
 .text.CLOCK_SetSdhc0Clock
                0x00010b48       0x38 ./board/clock_config.o
 .text.CLOCK_SetEnetTime0Clock
                0x00010b80       0x38 ./board/clock_config.o
 .text.CLOCK_SetRmii0Clock
                0x00010bb8       0x38 ./board/clock_config.o
 .text.CLOCK_SetTraceClock
                0x00010bf0       0x38 ./board/clock_config.o
 .text.CLOCK_SetClkOutClock
                0x00010c28       0x38 ./board/clock_config.o
 .text.CLOCK_SetSimSafeDivs
                0x00010c60       0x20 ./board/clock_config.o
 .text.CLOCK_SetXtal0Freq
                0x00010c80       0x1c ./board/clock_config.o
 .text.CLOCK_CONFIG_SetFllExtRefDiv
                0x00010c9c       0x38 ./board/clock_config.o
 .text.BOARD_BootClockRUN
                0x00010cd4       0x88 ./board/clock_config.o
                0x00010cd4                BOARD_BootClockRUN
 .text.CLOCK_EnableClock
                0x00010d5c       0x34 ./board/hardware_init.o
 .text.hardware_init
                0x00010d90       0x94 ./board/hardware_init.o
                0x00010d90                hardware_init
 .text.NMI_Handler
                0x00010e24       0x1c ./board/hardware_init.o
                0x00010e24                NMI_Handler
 .text.CLOCK_EnableClock
                0x00010e40       0x34 ./board/pin_mux.o
 .text.PORT_SetPinConfig
                0x00010e74       0x44 ./board/pin_mux.o
 .text.PORT_SetPinMux
                0x00010eb8       0x38 ./board/pin_mux.o
 .text.BOARD_InitButtons
                0x00010ef0       0xc4 ./board/pin_mux.o
                0x00010ef0                BOARD_InitButtons
 .text.BOARD_InitLEDs
                0x00010fb4      0x10c ./board/pin_mux.o
                0x00010fb4                BOARD_InitLEDs
 .text.BOARD_InitXCVR
                0x000110c0       0x8c ./board/pin_mux.o
                0x000110c0                BOARD_InitXCVR
 .text.BOARD_InitUART
                0x0001114c       0x68 ./board/pin_mux.o
                0x0001114c                BOARD_InitUART
 .text.Mac_ComputeMaxFrameTotalWaitTime
                0x000111b4       0x5a C:/Repos/Conn_Wireless/EDF/boards/frdmk64f_frdmcr20a/wireless_examples/ieee_802_15_4/msn_end_device/freertos/kds/../../../../../../../middleware/wireless/ieee_802_15_4_5.0.5/mac/lib/802.15.4_mac_06_cM4.a(MacPib.o)
 *fill*         0x0001120e        0x2 
 .text.Mac_GetNextFreeDevTblEntry.isra.0
                0x00011210       0x24 C:/Repos/Conn_Wireless/EDF/boards/frdmk64f_frdmcr20a/wireless_examples/ieee_802_15_4/msn_end_device/freertos/kds/../../../../../../../middleware/wireless/ieee_802_15_4_5.0.5/mac/lib/802.15.4_mac_06_cM4.a(MacPib.o)
 .text.macVerifySetReq
                0x00011234       0xe4 C:/Repos/Conn_Wireless/EDF/boards/frdmk64f_frdmcr20a/wireless_examples/ieee_802_15_4/msn_end_device/freertos/kds/../../../../../../../middleware/wireless/ieee_802_15_4_5.0.5/mac/lib/802.15.4_mac_06_cM4.a(MacPib.o)
                0x00011234                macVerifySetReq
 .text.mlmeGetSizeOfPIB
                0x00011318       0x14 C:/Repos/Conn_Wireless/EDF/boards/frdmk64f_frdmcr20a/wireless_examples/ieee_802_15_4/msn_end_device/freertos/kds/../../../../../../../middleware/wireless/ieee_802_15_4_5.0.5/mac/lib/802.15.4_mac_06_cM4.a(MacPib.o)
                0x00011318                mlmeGetSizeOfPIB
 .text.mlmeGetSetReq
                0x0001132c      0x600 C:/Repos/Conn_Wireless/EDF/boards/frdmk64f_frdmcr20a/wireless_examples/ieee_802_15_4/msn_end_device/freertos/kds/../../../../../../../middleware/wireless/ieee_802_15_4_5.0.5/mac/lib/802.15.4_mac_06_cM4.a(MacPib.o)
                0x0001132c                mlmeGetSetReq
 .text.Mac_SetPhyPIBs
                0x0001192c      0x14e C:/Repos/Conn_Wireless/EDF/boards/frdmk64f_frdmcr20a/wireless_examples/ieee_802_15_4/msn_end_device/freertos/kds/../../../../../../../middleware/wireless/ieee_802_15_4_5.0.5/mac/lib/802.15.4_mac_06_cM4.a(MacPib.o)
                0x0001192c                Mac_SetPhyPIBs
 *fill*         0x00011a7a        0x2 
 .text.macInitPIBs
                0x00011a7c      0x31c C:/Repos/Conn_Wireless/EDF/boards/frdmk64f_frdmcr20a/wireless_examples/ieee_802_15_4/msn_end_device/freertos/kds/../../../../../../../middleware/wireless/ieee_802_15_4_5.0.5/mac/lib/802.15.4_mac_06_cM4.a(MacPib.o)
                0x00011a7c                macInitPIBs
 .text.Mac_SetExtendedAddress
                0x00011d98       0x38 C:/Repos/Conn_Wireless/EDF/boards/frdmk64f_frdmcr20a/wireless_examples/ieee_802_15_4/msn_end_device/freertos/kds/../../../../../../../middleware/wireless/ieee_802_15_4_5.0.5/mac/lib/802.15.4_mac_06_cM4.a(MacPib.o)
                0x00011d98                Mac_SetExtendedAddress
 .text.Dumy_MCPS_NWK_SapHandler
                0x00011dd0        0xa C:/Repos/Conn_Wireless/EDF/boards/frdmk64f_frdmcr20a/wireless_examples/ieee_802_15_4/msn_end_device/freertos/kds/../../../../../../../middleware/wireless/ieee_802_15_4_5.0.5/mac/lib/802.15.4_mac_06_cM4.a(MacMain.o)
                0x00011dd0                Dumy_MCPS_NWK_SapHandler
 .text.Dumy_MLME_NWK_SapHandler
                0x00011dda        0xa C:/Repos/Conn_Wireless/EDF/boards/frdmk64f_frdmcr20a/wireless_examples/ieee_802_15_4/msn_end_device/freertos/kds/../../../../../../../middleware/wireless/ieee_802_15_4_5.0.5/mac/lib/802.15.4_mac_06_cM4.a(MacMain.o)
                0x00011dda                Dumy_MLME_NWK_SapHandler
 .text.BindToMAC
                0x00011de4       0x34 C:/Repos/Conn_Wireless/EDF/boards/frdmk64f_frdmcr20a/wireless_examples/ieee_802_15_4/msn_end_device/freertos/kds/../../../../../../../middleware/wireless/ieee_802_15_4_5.0.5/mac/lib/802.15.4_mac_06_cM4.a(MacMain.o)
                0x00011de4                BindToMAC
 .text.MAC_EventSet
                0x00011e18       0x34 C:/Repos/Conn_Wireless/EDF/boards/frdmk64f_frdmcr20a/wireless_examples/ieee_802_15_4/msn_end_device/freertos/kds/../../../../../../../middleware/wireless/ieee_802_15_4_5.0.5/mac/lib/802.15.4_mac_06_cM4.a(MacMain.o)
                0x00011e18                MAC_EventSet
 .text.Mac_TimerNotify
                0x00011e4c        0x8 C:/Repos/Conn_Wireless/EDF/boards/frdmk64f_frdmcr20a/wireless_examples/ieee_802_15_4/msn_end_device/freertos/kds/../../../../../../../middleware/wireless/ieee_802_15_4_5.0.5/mac/lib/802.15.4_mac_06_cM4.a(MacMain.o)
 .text.PD_MAC_SapHandler
                0x00011e54       0x28 C:/Repos/Conn_Wireless/EDF/boards/frdmk64f_frdmcr20a/wireless_examples/ieee_802_15_4/msn_end_device/freertos/kds/../../../../../../../middleware/wireless/ieee_802_15_4_5.0.5/mac/lib/802.15.4_mac_06_cM4.a(MacMain.o)
                0x00011e54                PD_MAC_SapHandler
 .text.PLME_MAC_SapHandler
                0x00011e7c        0x4 C:/Repos/Conn_Wireless/EDF/boards/frdmk64f_frdmcr20a/wireless_examples/ieee_802_15_4/msn_end_device/freertos/kds/../../../../../../../middleware/wireless/ieee_802_15_4_5.0.5/mac/lib/802.15.4_mac_06_cM4.a(MacMain.o)
                0x00011e7c                PLME_MAC_SapHandler
 .text.Mac_RegisterSapHandlers
                0x00011e80       0x18 C:/Repos/Conn_Wireless/EDF/boards/frdmk64f_frdmcr20a/wireless_examples/ieee_802_15_4/msn_end_device/freertos/kds/../../../../../../../middleware/wireless/ieee_802_15_4_5.0.5/mac/lib/802.15.4_mac_06_cM4.a(MacMain.o)
                0x00011e80                Mac_RegisterSapHandlers
 .text.NWK_MCPS_SapHandler
                0x00011e98       0x60 C:/Repos/Conn_Wireless/EDF/boards/frdmk64f_frdmcr20a/wireless_examples/ieee_802_15_4/msn_end_device/freertos/kds/../../../../../../../middleware/wireless/ieee_802_15_4_5.0.5/mac/lib/802.15.4_mac_06_cM4.a(MacMain.o)
                0x00011e98                NWK_MCPS_SapHandler
 .text.Mlme_VerifyNwkInput
                0x00011ef8       0xe0 C:/Repos/Conn_Wireless/EDF/boards/frdmk64f_frdmcr20a/wireless_examples/ieee_802_15_4/msn_end_device/freertos/kds/../../../../../../../middleware/wireless/ieee_802_15_4_5.0.5/mac/lib/802.15.4_mac_06_cM4.a(MacMain.o)
                0x00011ef8                Mlme_VerifyNwkInput
 .text.Mac_SetTrxLowPowerMode
                0x00011fd8       0x34 C:/Repos/Conn_Wireless/EDF/boards/frdmk64f_frdmcr20a/wireless_examples/ieee_802_15_4/msn_end_device/freertos/kds/../../../../../../../middleware/wireless/ieee_802_15_4_5.0.5/mac/lib/802.15.4_mac_06_cM4.a(MacMain.o)
                0x00011fd8                Mac_SetTrxLowPowerMode
 .text.Mac_SetTrxActiveMode
                0x0001200c       0x24 C:/Repos/Conn_Wireless/EDF/boards/frdmk64f_frdmcr20a/wireless_examples/ieee_802_15_4/msn_end_device/freertos/kds/../../../../../../../middleware/wireless/ieee_802_15_4_5.0.5/mac/lib/802.15.4_mac_06_cM4.a(MacMain.o)
                0x0001200c                Mac_SetTrxActiveMode
 .text.Mac_Task
                0x00012030       0xfc C:/Repos/Conn_Wireless/EDF/boards/frdmk64f_frdmcr20a/wireless_examples/ieee_802_15_4/msn_end_device/freertos/kds/../../../../../../../middleware/wireless/ieee_802_15_4_5.0.5/mac/lib/802.15.4_mac_06_cM4.a(MacMain.o)
                0x00012030                Mac_Task
 .text.Mac_InitializeData
                0x0001212c       0xc4 C:/Repos/Conn_Wireless/EDF/boards/frdmk64f_frdmcr20a/wireless_examples/ieee_802_15_4/msn_end_device/freertos/kds/../../../../../../../middleware/wireless/ieee_802_15_4_5.0.5/mac/lib/802.15.4_mac_06_cM4.a(MacMain.o)
                0x0001212c                Mac_InitializeData
 .text.NWK_MLME_SapHandler
                0x000121f0       0xb8 C:/Repos/Conn_Wireless/EDF/boards/frdmk64f_frdmcr20a/wireless_examples/ieee_802_15_4/msn_end_device/freertos/kds/../../../../../../../middleware/wireless/ieee_802_15_4_5.0.5/mac/lib/802.15.4_mac_06_cM4.a(MacMain.o)
                0x000121f0                NWK_MLME_SapHandler
 .text.Mac_TransactionExpire
                0x000122a8        0xa C:/Repos/Conn_Wireless/EDF/boards/frdmk64f_frdmcr20a/wireless_examples/ieee_802_15_4/msn_end_device/freertos/kds/../../../../../../../middleware/wireless/ieee_802_15_4_5.0.5/mac/lib/802.15.4_mac_06_cM4.a(MacStateMachine.o)
                0x000122a8                Mac_TransactionExpire
 *fill*         0x000122b2        0x2 
 .text.Mac_IndirectTxHandle
                0x000122b4      0x208 C:/Repos/Conn_Wireless/EDF/boards/frdmk64f_frdmcr20a/wireless_examples/ieee_802_15_4/msn_end_device/freertos/kds/../../../../../../../middleware/wireless/ieee_802_15_4_5.0.5/mac/lib/802.15.4_mac_06_cM4.a(MacStateMachine.o)
 .text.Mac_PhyMsgHandler
                0x000124bc       0xac C:/Repos/Conn_Wireless/EDF/boards/frdmk64f_frdmcr20a/wireless_examples/ieee_802_15_4/msn_end_device/freertos/kds/../../../../../../../middleware/wireless/ieee_802_15_4_5.0.5/mac/lib/802.15.4_mac_06_cM4.a(MacStateMachine.o)
                0x000124bc                Mac_PhyMsgHandler
 .text.Mac_McpsDataReqHandle
                0x00012568       0x6c C:/Repos/Conn_Wireless/EDF/boards/frdmk64f_frdmcr20a/wireless_examples/ieee_802_15_4/msn_end_device/freertos/kds/../../../../../../../middleware/wireless/ieee_802_15_4_5.0.5/mac/lib/802.15.4_mac_06_cM4.a(MacStateMachine.o)
                0x00012568                Mac_McpsDataReqHandle
 .text.Mac_NwkMsgHandler
                0x000125d4      0x220 C:/Repos/Conn_Wireless/EDF/boards/frdmk64f_frdmcr20a/wireless_examples/ieee_802_15_4/msn_end_device/freertos/kds/../../../../../../../middleware/wireless/ieee_802_15_4_5.0.5/mac/lib/802.15.4_mac_06_cM4.a(MacStateMachine.o)
                0x000125d4                Mac_NwkMsgHandler
 .text.Association_TriggerPoll